Component: ARM Compiler 5.06 update 4 (build 422) Tool: armlink [4d35d2]

==============================================================================

Section Cross References

    main.o(i.Arm_test) refers to armsolution.o(i.Arm_Grab) for Arm_Grab
    main.o(i.Arm_test) refers to nanocommunication.o(.data) for car_flag
    main.o(i.Arm_test) refers to delay.o(.data) for b10msFlag
    main.o(i.Arm_test) refers to main.o(.data) for n10msCount
    main.o(i.GPIO_Config) refers to stm32f4xx_rcc.o(i.RCC_AHB1PeriphClockCmd) for RCC_AHB1PeriphClockCmd
    main.o(i.GPIO_Config) refers to stm32f4xx_gpio.o(i.GPIO_Init) for GPIO_Init
    main.o(i.NVIC_Configuration) refers to misc.o(i.NVIC_PriorityGroupConfig) for NVIC_PriorityGroupConfig
    main.o(i.NVIC_Configuration) refers to system_stm32f4xx.o(.data) for SystemCoreClock
    main.o(i.System_Clock) refers to stm32f4xx_gpio.o(i.GPIO_ResetBits) for GPIO_ResetBits
    main.o(i.System_Clock) refers to stm32f4xx_gpio.o(i.GPIO_SetBits) for GPIO_SetBits
    main.o(i.System_Clock) refers to delay.o(.data) for b10msFlag
    main.o(i.System_Clock) refers to main.o(.data) for n10msCount
    main.o(i.main) refers to main.o(i.GPIO_Config) for GPIO_Config
    main.o(i.main) refers to main.o(i.NVIC_Configuration) for NVIC_Configuration
    main.o(i.main) refers to keyled.o(i.Led_Init) for Led_Init
    main.o(i.main) refers to keyled.o(i.Key_Init) for Key_Init
    main.o(i.main) refers to amt1450_uart.o(i.init_AMT1450_UART) for init_AMT1450_UART
    main.o(i.main) refers to btmodule.o(i.USART2_Init) for USART2_Init
    main.o(i.main) refers to nanocommunication.o(i.USART1_Init) for USART1_Init
    main.o(i.main) refers to tcrt5000.o(i.TCRT5000_config) for TCRT5000_config
    main.o(i.main) refers to delay.o(i.Delay_ms) for Delay_ms
    main.o(i.main) refers to noretval__2printf.o(.text) for __2printf
    main.o(i.main) refers to amt1450_uart.o(i.AMT1450_UART_Cmd) for AMT1450_UART_Cmd
    main.o(i.main) refers to armsolution.o(i.ArmDriver_Init) for ArmDriver_Init
    main.o(i.main) refers to pid.o(i.s_PIDInit) for s_PIDInit
    main.o(i.main) refers to armsolution.o(i.SetServoAngle) for SetServoAngle
    main.o(i.main) refers to armsolution.o(i.ArmSolution) for ArmSolution
    main.o(i.main) refers to main.o(i.Arm_test) for Arm_test
    main.o(i.main) refers to main.o(i.System_Clock) for System_Clock
    main.o(i.main) refers to main.o(.data) for n100msCount
    main.o(i.main) refers to nanocommunication.o(.data) for car_flag
    stm32f4xx_it.o(i.SysTick_Handler) refers to delay.o(i.TimingDelay_Decrement) for TimingDelay_Decrement
    stm32f4xx_it.o(i.SysTick_Handler) refers to stm32f4xx_it.o(.data) for nTickCount
    stm32f4xx_it.o(i.SysTick_Handler) refers to delay.o(.data) for b10msFlag
    system_stm32f4xx.o(i.SystemCoreClockUpdate) refers to system_stm32f4xx.o(.data) for SystemCoreClock
    system_stm32f4xx.o(i.SystemInit) refers to system_stm32f4xx.o(i.SetSysClock) for SetSysClock
    delay.o(i.Delay_10us) refers to delay.o(.data) for TimingDelay
    delay.o(i.Delay_ms) refers to delay.o(i.Delay_10us) for Delay_10us
    delay.o(i.TimingDelay_Decrement) refers to delay.o(.data) for TimingDelay
    delay.o(i.stm32_get_clock_ms) refers to delay.o(.data) for TimeStamp_ms
    keyled.o(i.Key_Init) refers to stm32f4xx_rcc.o(i.RCC_AHB1PeriphClockCmd) for RCC_AHB1PeriphClockCmd
    keyled.o(i.Key_Init) refers to stm32f4xx_gpio.o(i.GPIO_Init) for GPIO_Init
    keyled.o(i.Key_Pressed) refers to stm32f4xx_gpio.o(i.GPIO_ReadInputDataBit) for GPIO_ReadInputDataBit
    keyled.o(i.Key_Pressed) refers to delay.o(i.Delay_10us) for Delay_10us
    keyled.o(i.Key_Released) refers to stm32f4xx_gpio.o(i.GPIO_ReadInputDataBit) for GPIO_ReadInputDataBit
    keyled.o(i.Key_Released) refers to delay.o(i.Delay_10us) for Delay_10us
    keyled.o(i.Led_Init) refers to stm32f4xx_rcc.o(i.RCC_AHB1PeriphClockCmd) for RCC_AHB1PeriphClockCmd
    keyled.o(i.Led_Init) refers to stm32f4xx_gpio.o(i.GPIO_Init) for GPIO_Init
    btmodule.o(i.USART2_IRQHandler) refers to stm32f4xx_usart.o(i.USART_GetITStatus) for USART_GetITStatus
    btmodule.o(i.USART2_IRQHandler) refers to stm32f4xx_usart.o(i.USART_ReceiveData) for USART_ReceiveData
    btmodule.o(i.USART2_IRQHandler) refers to btmodule.o(i.USART_GetChar) for USART_GetChar
    btmodule.o(i.USART2_IRQHandler) refers to stm32f4xx_usart.o(i.USART_ITConfig) for USART_ITConfig
    btmodule.o(i.USART2_Init) refers to stm32f4xx_rcc.o(i.RCC_APB1PeriphClockCmd) for RCC_APB1PeriphClockCmd
    btmodule.o(i.USART2_Init) refers to stm32f4xx_rcc.o(i.RCC_AHB1PeriphClockCmd) for RCC_AHB1PeriphClockCmd
    btmodule.o(i.USART2_Init) refers to stm32f4xx_gpio.o(i.GPIO_PinAFConfig) for GPIO_PinAFConfig
    btmodule.o(i.USART2_Init) refers to stm32f4xx_gpio.o(i.GPIO_Init) for GPIO_Init
    btmodule.o(i.USART2_Init) refers to stm32f4xx_usart.o(i.USART_OverSampling8Cmd) for USART_OverSampling8Cmd
    btmodule.o(i.USART2_Init) refers to stm32f4xx_usart.o(i.USART_Init) for USART_Init
[...]
    qS                                       0x08006d50   Data          32  acos.o(.constdata)
    .constdata                               0x08006d70   Section      152  atan.o(.constdata)
    atanhi                                   0x08006d70   Data          32  atan.o(.constdata)
    atanlo                                   0x08006d90   Data          32  atan.o(.constdata)
    aTodd                                    0x08006db0   Data          40  atan.o(.constdata)
    aTeven                                   0x08006dd8   Data          48  atan.o(.constdata)
    .constdata                               0x08006e08   Section       48  cos_i.o(.constdata)
    C                                        0x08006e08   Data          48  cos_i.o(.constdata)
    .constdata                               0x08006e38   Section      200  rred.o(.constdata)
    pio2s                                    0x08006e38   Data          48  rred.o(.constdata)
    twooverpi                                0x08006e68   Data         152  rred.o(.constdata)
    .constdata                               0x08006f00   Section       40  sin_i.o(.constdata)
    S                                        0x08006f00   Data          40  sin_i.o(.constdata)
    .constdata                               0x08006f28   Section      148  bigflt0.o(.constdata)
    tenpwrs_x                                0x08006f28   Data          60  bigflt0.o(.constdata)
    tenpwrs_i                                0x08006f64   Data          64  bigflt0.o(.constdata)
    locale$$data                             0x08006fdc   Section       28  lc_numeric_c.o(locale$$data)
    __lcnum_c_name                           0x08006fe0   Data           2  lc_numeric_c.o(locale$$data)
    __lcnum_c_start                          0x08006fe8   Data           0  lc_numeric_c.o(locale$$data)
    __lcnum_c_point                          0x08006ff4   Data           0  lc_numeric_c.o(locale$$data)
    __lcnum_c_thousands                      0x08006ff6   Data           0  lc_numeric_c.o(locale$$data)
    __lcnum_c_grouping                       0x08006ff7   Data           0  lc_numeric_c.o(locale$$data)
    __lcnum_c_end                            0x08006ff8   Data           0  lc_numeric_c.o(locale$$data)
    .data                                    0x20000000   Section       12  main.o(.data)
    .data                                    0x2000000c   Section        2  stm32f4xx_it.o(.data)
    .data                                    0x20000010   Section       20  system_stm32f4xx.o(.data)
    .data                                    0x20000024   Section       13  delay.o(.data)
    TimingDelay                              0x20000024   Data           4  delay.o(.data)
    .data                                    0x20000031   Section        2  btmodule.o(.data)
    .data                                    0x20000034   Section        8  motordriver.o(.data)
    MotorDirver_Tim4_Update_Count            0x20000034   Data           2  motordriver.o(.data)
    MotorDirver_Tim8_Update_Count            0x20000036   Data           2  motordriver.o(.data)
    MotorDirver_Tim3_Update_Count            0x20000038   Data           2  motordriver.o(.data)
    MotorDirver_Tim2_Update_Count            0x2000003a   Data           2  motordriver.o(.data)
    .data                                    0x2000003c   Section      106  motorcontroller.o(.data)
    pwmDelta                                 0x200000a4   Data           2  motorcontroller.o(.data)
    .data                                    0x200000a6   Section        2  nanocommunication.o(.data)
    .data                                    0x200000a8   Section       17  armsolution.o(.data)
    .data                                    0x200000b9   Section       16  stm32f4xx_rcc.o(.data)
    APBAHBPrescTable                         0x200000b9   Data          16  stm32f4xx_rcc.o(.data)
    .data                                    0x200000cc   Section        4  stdio_streams.o(.data)
    .data                                    0x200000d0   Section        4  stdio_streams.o(.data)
    .data                                    0x200000d4   Section        4  stdio_streams.o(.data)
    .bss                                     0x200000d8   Section        9  btmodule.o(.bss)
    .bss                                     0x200000e1   Section       19  amt1450_uart.o(.bss)
    .bss                                     0x200000f4   Section       48  armsolution.o(.bss)
    .bss                                     0x20000124   Section       84  stdio_streams.o(.bss)
    .bss                                     0x20000178   Section       84  stdio_streams.o(.bss)
    .bss                                     0x200001cc   Section       84  stdio_streams.o(.bss)
    .bss                                     0x20000220   Section       96  libspace.o(.bss)
    HEAP                                     0x20000280   Section      512  startup_stm32f40_41xxx.o(HEAP)
    Heap_Mem                                 0x20000280   Data         512  startup_stm32f40_41xxx.o(HEAP)
    STACK                                    0x20000480   Section     4096  startup_stm32f40_41xxx.o(STACK)
    Stack_Mem                                0x20000480   Data        4096  startup_stm32f40_41xxx.o(STACK)
    __initial_sp                             0x20001480   Data           0  startup_stm32f40_41xxx.o(STACK)

    Global Symbols

    Symbol Name                              Value     Ov Type        Size  Object(Section)

    BuildAttributes$$THM_ISAv4$E$P$D$K$B$S$7EM$VFPi3$EXTD16$VFPS$VFMA$PE$A:L22UL41UL21$X:L11$S22US41US21$IEEE1$IW$USESV6$~STKCKD$USESV7$~SHL$OTIME$ROPI$IEEEX$EBA8$UX$STANDARDLIB$REQ8$PRES8$EABIv2 0x00000000   Number         0  anon$$obj.o ABSOLUTE
    __ARM_use_no_argv                        0x00000000   Number         0  main.o ABSOLUTE
    _printf_flags                            0x00000000   Number         0  printf_stubs.o ABSOLUTE
    _printf_return_value                     0x00000000   Number         0  printf_stubs.o ABSOLUTE
    _printf_sizespec                         0x00000000   Number         0  printf_stubs.o ABSOLUTE
    _printf_widthprec                        0x00000000   Number         0  printf_stubs.o ABSOLUTE
    __ARM_exceptions_init                     - Undefined Weak Reference
    __alloca_initialize                       - Undefined Weak Reference
    __arm_preinit_                            - Undefined Weak Reference
    __cpp_initialize__aeabi_                  - Undefined Weak Reference
    __cxa_finalize                            - Undefined Weak Reference
    __sigvec_lookup                           - Undefined Weak Reference
    __user_heap_extent                        - Undefined Weak Reference
    _atexit_init                              - Undefined Weak Reference
    _call_atexit_fns                          - Undefined Weak Reference
    _clock_init                               - Undefined Weak Reference
    _fp_trap_init                             - Undefined Weak Reference
    _fp_trap_shutdown                         - Undefined Weak Reference
    _get_lc_collate                           - Undefined Weak Reference
    _get_lc_ctype                             - Undefined Weak Reference
    _get_lc_monetary                          - Undefined Weak Reference
    _get_lc_time                              - Undefined Weak Reference
    _getenv_init                              - Undefined Weak Reference
    _handle_redirection                       - Undefined Weak Reference
    _mutex_acquire                            - Undefined Weak Reference
    _mutex_free                               - Undefined Weak Reference
    _mutex_release                            - Undefined Weak Reference
    _printf_post_padding                      - Undefined Weak Reference
    _printf_pre_padding                       - Undefined Weak Reference
    _printf_truncate_signed                   - Undefined Weak Reference
    _printf_truncate_unsigned                 - Undefined Weak Reference
    _rand_init                                - Undefined Weak Reference
    _signal_finish                            - Undefined Weak Reference
    _signal_init                              - Undefined Weak Reference
    __Vectors_Size                           0x00000188   Number         0  startup_stm32f40_41xxx.o ABSOLUTE
    __Vectors                                0x08000000   Data           4  startup_stm32f40_41xxx.o(RESET)
    __Vectors_End                            0x08000188   Data           0  startup_stm32f40_41xxx.o(RESET)
    __main                                   0x08000189   Thumb Code     8  __main.o(!!!main)
    __scatterload                            0x08000191   Thumb Code     0  __scatter.o(!!!scatter)
    __scatterload_rt2                        0x08000191   Thumb Code    44  __scatter.o(!!!scatter)
    __scatterload_rt2_thumb_only             0x08000191   Thumb Code     0  __scatter.o(!!!scatter)
    __scatterload_null                       0x0800019f   Thumb Code     0  __scatter.o(!!!scatter)
    __scatterload_copy                       0x080001c5   Thumb Code    26  __scatter_copy.o(!!handler_copy)
    __scatterload_zeroinit                   0x080001e1   Thumb Code    28  __scatter_zi.o(!!handler_zi)
    _printf_f                                0x080001fd   Thumb Code     0  _printf_f.o(.ARM.Collect$$_printf_percent$$00000003)
    _printf_percent                          0x080001fd   Thumb Code     0  _printf_percent.o(.ARM.Collect$$_printf_percent$$00000000)
    _printf_d                                0x08000203   Thumb Code     0  _printf_d.o(.ARM.Collect$$_printf_percent$$00000009)
    _printf_percent_end                      0x08000209   Thumb Code     0  _printf_percent_end.o(.ARM.Collect$$_printf_percent$$00000017)
    __rt_lib_init                            0x0800020d   Thumb Code     0  libinit.o(.ARM.Collect$$libinit$$00000000)
    __rt_lib_init_fp_1                       0x0800020f   Thumb Code     0  libinit2.o(.ARM.Collect$$libinit$$00000001)
    __rt_lib_init_heap_2                     0x08000213   Thumb Code     0  libinit2.o(.ARM.Collect$$libinit$$00000005)
    __rt_lib_init_preinit_1                  0x08000213   Thumb Code     0  libinit2.o(.ARM.Collect$$libinit$$00000004)
    __rt_lib_init_heap_1                     0x0800021b   Thumb Code     0  libinit2.o(.ARM.Collect$$libinit$$0000000A)
    __rt_lib_init_lc_common                  0x0800021b   Thumb Code     0  libinit2.o(.ARM.Collect$$libinit$$0000000F)
    __rt_lib_init_rand_1                     0x0800021b   Thumb Code     0  libinit2.o(.ARM.Collect$$libinit$$0000000E)
    __rt_lib_init_user_alloc_1               0x0800021b   Thumb Code     0  libinit2.o(.ARM.Collect$$libinit$$0000000C)
    __rt_lib_init_lc_collate_1               0x08000221   Thumb Code     0  libinit2.o(.ARM.Collect$$libinit$$00000011)
    __rt_lib_init_lc_ctype_1                 0x08000221   Thumb Code     0  libinit2.o(.ARM.Collect$$libinit$$00000013)
    __rt_lib_init_lc_monetary_1              0x08000221   Thumb Code     0  libinit2.o(.ARM.Collect$$libinit$$00000015)
    __rt_lib_init_lc_numeric_2               0x08000221   Thumb Code     0  libinit2.o(.ARM.Collect$$libinit$$00000016)
    __rt_lib_init_atexit_1                   0x0800022b   Thumb Code     0  libinit2.o(.ARM.Collect$$libinit$$0000001B)
    __rt_lib_init_clock_1                    0x0800022b   Thumb Code     0  libinit2.o(.ARM.Collect$$libinit$$00000021)
    __rt_lib_init_fp_trap_1                  0x0800022b   Thumb Code     0  libinit2.o(.ARM.Collect$$libinit$$0000001F)
    __rt_lib_init_getenv_1                   0x0800022b   Thumb Code     0  libinit2.o(.ARM.Collect$$libinit$$00000023)
    __rt_lib_init_lc_numeric_1               0x0800022b   Thumb Code     0  libinit2.o(.ARM.Collect$$libinit$$00000017)
    __rt_lib_init_lc_time_1                  0x0800022b   Thumb Code     0  libinit2.o(.ARM.Collect$$libinit$$00000019)
    __rt_lib_init_signal_1                   0x0800022b   Thumb Code     0  libinit2.o(.ARM.Collect$$libinit$$0000001D)
    __rt_lib_init_stdio_2                    0x0800022b   Thumb Code     0  libinit2.o(.ARM.Collect$$libinit$$00000024)
    __rt_lib_init_alloca_1                   0x0800022f   Thumb Code     0  libinit2.o(.ARM.Collect$$libinit$$0000002E)
    __rt_lib_init_argv_1                     0x0800022f   Thumb Code     0  libinit2.o(.ARM.Collect$$libinit$$0000002C)
    __rt_lib_init_cpp_1                      0x0800022f   Thumb Code     0  libinit2.o(.ARM.Collect$$libinit$$00000032)
    __rt_lib_init_exceptions_1               0x0800022f   Thumb Code     0  libinit2.o(.ARM.Collect$$libinit$$00000030)
    __rt_lib_init_return                     0x0800022f   Thumb Code     0  libinit2.o(.ARM.Collect$$libinit$$00000033)
    __rt_lib_init_stdio_1                    0x0800022f   Thumb Code     0  libinit2.o(.ARM.Collect$$libinit$$00000025)
    __rt_lib_shutdown                        0x08000231   Thumb Code     0  libshutdown.o(.ARM.Collect$$libshutdown$$00000000)
    __rt_lib_shutdown_cpp_1                  0x08000233   Thumb Code     0  libshutdown2.o(.ARM.Collect$$libshutdown$$00000002)
    __rt_lib_shutdown_stdio_2                0x08000233   Thumb Code     0  libshutdown2.o(.ARM.Collect$$libshutdown$$00000003)
    __rt_lib_shutdown_fp_trap_1              0x08000237   Thumb Code     0  libshutdown2.o(.ARM.Collect$$libshutdown$$00000007)
    __rt_lib_shutdown_heap_1                 0x08000237   Thumb Code     0  libshutdown2.o(.ARM.Collect$$libshutdown$$0000000F)
    __rt_lib_shutdown_return                 0x08000237   Thumb Code     0  libshutdown2.o(.ARM.Collect$$libshutdown$$00000010)
    __rt_lib_shutdown_signal_1               0x08000237   Thumb Code     0  libshutdown2.o(.ARM.Collect$$libshutdown$$0000000A)
    __rt_lib_shutdown_stdio_1                0x08000237   Thumb Code     0  libshutdown2.o(.ARM.Collect$$libshutdown$$00000004)
    __rt_lib_shutdown_user_alloc_1           0x08000237   Thumb Code     0  libshutdown2.o(.ARM.Collect$$libshutdown$$0000000C)
    __rt_entry                               0x08000239   Thumb Code     0  __rtentry.o(.ARM.Collect$$rtentry$$00000000)
    __rt_entry_presh_1                       0x08000239   Thumb Code     0  __rtentry2.o(.ARM.Collect$$rtentry$$00000002)
    __rt_entry_sh                            0x08000239   Thumb Code     0  __rtentry4.o(.ARM.Collect$$rtentry$$00000004)
    __rt_entry_li                            0x0800023f   Thumb Code     0  __rtentry2.o(.ARM.Collect$$rtentry$$0000000A)
    __rt_entry_postsh_1                      0x0800023f   Thumb Code     0  __rtentry2.o(.ARM.Collect$$rtentry$$00000009)
    __rt_entry_main                          0x08000243   Thumb Code     0  __rtentry2.o(.ARM.Collect$$rtentry$$0000000D)
    __rt_entry_postli_1                      0x08000243   Thumb Code     0  __rtentry2.o(.ARM.Collect$$rtentry$$0000000C)
    __rt_exit                                0x0800024b   Thumb Code     0  rtexit.o(.ARM.Collect$$rtexit$$00000000)
    __rt_exit_ls                             0x0800024d   Thumb Code     0  rtexit2.o(.ARM.Collect$$rtexit$$00000003)
    __rt_exit_prels_1                        0x0800024d   Thumb Code     0  rtexit2.o(.ARM.Collect$$rtexit$$00000002)
    __rt_exit_exit                           0x08000251   Thumb Code     0  rtexit2.o(.ARM.Collect$$rtexit$$00000004)
    Reset_Handler                            0x08000259   Thumb Code     8  startup_stm32f40_41xxx.o(.text)
    _maybe_terminate_alloc                   0x08000259   Thumb Code     0  maybetermalloc1.o(.emb_text)
    ADC_IRQHandler                           0x08000273   Thumb Code     0  startup_stm32f40_41xxx.o(.text)
    CAN1_RX0_IRQHandler                      0x08000273   Thumb Code     0  startup_stm32f40_41xxx.o(.text)
    CAN1_RX1_IRQHandler                      0x08000273   Thumb Code     0  startup_stm32f40_41xxx.o(.text)
    CAN1_SCE_IRQHandler                      0x08000273   Thumb Code     0  startup_stm32f40_41xxx.o(.text)
    CAN1_TX_IRQHandler                       0x08000273   Thumb Code     0  startup_stm32f40_41xxx.o(.text)
    CAN2_RX0_IRQHandler                      0x08000273   Thumb Code     0  startup_stm32f40_41xxx.o(.text)
    CAN2_RX1_IRQHandler                      0x08000273   Thumb Code     0  startup_stm32f40_41xxx.o(.text)
    CAN2_SCE_IRQHandler                      0x08000273   Thumb Code     0  startup_stm32f40_41xxx.o(.text)
    CAN2_TX_IRQHandler                       0x08000273   Thumb Code     0  startup_stm32f40_41xxx.o(.text)
    CRYP_IRQHandler                          0x08000273   Thumb Code     0  startup_stm32f40_41xxx.o(.text)
    DCMI_IRQHandler                          0x08000273   Thumb Code     0  startup_stm32f40_41xxx.o(.text)
    DMA1_Stream0_IRQHandler                  0x08000273   Thumb Code     0  startup_stm32f40_41xxx.o(.text)
    DMA1_Stream1_IRQHandler                  0x08000273   Thumb Code     0  startup_stm32f40_41xxx.o(.text)
    DMA1_Stream2_IRQHandler                  0x08000273   Thumb Code     0  startup_stm32f40_41xxx.o(.text)
    DMA1_Stream3_IRQHandler                  0x08000273   Thumb Code     0  startup_stm32f40_41xxx.o(.text)
    DMA1_Stream4_IRQHandler                  0x08000273   Thumb Code     0  startup_stm32f40_41xxx.o(.text)
    DMA1_Stream5_IRQHandler                  0x08000273   Thumb Code     0  startup_stm32f40_41xxx.o(.text)
    DMA1_Stream6_IRQHandler                  0x08000273   Thumb Code     0  startup_stm32f40_41xxx.o(.text)
    DMA1_Stream7_IRQHandler                  0x08000273   Thumb Code     0  startup_stm32f40_41xxx.o(.text)
    DMA2_Stream0_IRQHandler                  0x08000273   Thumb Code     0  startup_stm32f40_41xxx.o(.text)
    DMA2_Stream1_IRQHandler                  0x08000273   Thumb Code     0  startup_stm32f40_41xxx.o(.text)
    DMA2_Stream2_IRQHandler                  0x08000273   Thumb Code     0  startup_stm32f40_41xxx.o(.text)
    DMA2_Stream3_IRQHandler                  0x08000273   Thumb Code     0  startup_stm32f40_41xxx.o(.text)
    DMA2_Stream4_IRQHandler                  0x08000273   Thumb Code     0  startup_stm32f40_41xxx.o(.text)
    DMA2_Stream5_IRQHandler                  0x08000273   Thumb Code     0  startup_stm32f40_41xxx.o(.text)
    DMA2_Stream6_IRQHandler                  0x08000273   Thumb Code     0  startup_stm32f40_41xxx.o(.text)
    DMA2_Stream7_IRQHandler                  0x08000273   Thumb Code     0  startup_stm32f40_41xxx.o(.text)
    ETH_IRQHandler                           0x08000273   Thumb Code     0  startup_stm32f40_41xxx.o(.text)
    ETH_WKUP_IRQHandler                      0x08000273   Thumb Code     0  startup_stm32f40_41xxx.o(.text)
    EXTI0_IRQHandler                         0x08000273   Thumb Code     0  startup_stm32f40_41xxx.o(.text)
    EXTI15_10_IRQHandler                     0x08000273   Thumb Code     0  startup_stm32f40_41xxx.o(.text)
    EXTI1_IRQHandler                         0x08000273   Thumb Code     0  startup_stm32f40_41xxx.o(.text)
    EXTI2_IRQHandler                         0x08000273   Thumb Code     0  startup_stm32f40_41xxx.o(.text)
    EXTI3_IRQHandler                         0x08000273   Thumb Code     0  startup_stm32f40_41xxx.o(.text)
    EXTI4_IRQHandler                         0x08000273   Thumb Code     0  startup_stm32f40_41xxx.o(.text)
    EXTI9_5_IRQHandler                       0x08000273   Thumb Code     0  startup_stm32f40_41xxx.o(.text)
    FLASH_IRQHandler                         0x08000273   Thumb Code     0  startup_stm32f40_41xxx.o(.text)
    FPU_IRQHandler                           0x08000273   Thumb Code     0  startup_stm32f40_41xxx.o(.text)
    FSMC_IRQHandler                          0x08000273   Thumb Code     0  startup_stm32f40_41xxx.o(.text)
    HASH_RNG_IRQHandler                      0x08000273   Thumb Code     0  startup_stm32f40_41xxx.o(.text)
    I2C1_ER_IRQHandler                       0x08000273   Thumb Code     0  startup_stm32f40_41xxx.o(.text)
    I2C1_EV_IRQHandler                       0x08000273   Thumb Code     0  startup_stm32f40_41xxx.o(.text)
    I2C2_ER_IRQHandler                       0x08000273   Thumb Code     0  startup_stm32f40_41xxx.o(.text)
    I2C2_EV_IRQHandler                       0x08000273   Thumb Code     0  startup_stm32f40_41xxx.o(.text)
    I2C3_ER_IRQHandler                       0x08000273   Thumb Code     0  startup_stm32f40_41xxx.o(.text)
    I2C3_EV_IRQHandler                       0x08000273   Thumb Code     0  startup_stm32f40_41xxx.o(.text)
    OTG_FS_IRQHandler                        0x08000273   Thumb Code     0  startup_stm32f40_41xxx.o(.text)
    OTG_FS_WKUP_IRQHandler                   0x08000273   Thumb Code     0  startup_stm32f40_41xxx.o(.text)
    OTG_HS_EP1_IN_IRQHandler                 0x08000273   Thumb Code     0  startup_stm32f40_41xxx.o(.text)
    OTG_HS_EP1_OUT_IRQHandler                0x08000273   Thumb Code     0  startup_stm32f40_41xxx.o(.text)
    OTG_HS_IRQHandler                        0x08000273   Thumb Code     0  startup_stm32f40_41xxx.o(.text)
    OTG_HS_WKUP_IRQHandler                   0x08000273   Thumb Code     0  startup_stm32f40_41xxx.o(.text)
    PVD_IRQHandler                           0x08000273   Thumb Code     0  startup_stm32f40_41xxx.o(.text)
    RCC_IRQHandler                           0x08000273   Thumb Code     0  startup_stm32f40_41xxx.o(.text)
    RTC_Alarm_IRQHandler                     0x08000273   Thumb Code     0  startup_stm32f40_41xxx.o(.text)
    RTC_WKUP_IRQHandler                      0x08000273   Thumb Code     0  startup_stm32f40_41xxx.o(.text)
    SDIO_IRQHandler                          0x08000273   Thumb Code     0  startup_stm32f40_41xxx.o(.text)
    SPI1_IRQHandler                          0x08000273   Thumb Code     0  startup_stm32f40_41xxx.o(.text)
    SPI2_IRQHandler                          0x08000273   Thumb Code     0  startup_stm32f40_41xxx.o(.text)
    SPI3_IRQHandler                          0x08000273   Thumb Code     0  startup_stm32f40_41xxx.o(.text)
    TAMP_STAMP_IRQHandler                    0x08000273   Thumb Code     0  startup_stm32f40_41xxx.o(.text)
    TIM1_BRK_TIM9_IRQHandler                 0x08000273   Thumb Code     0  startup_stm32f40_41xxx.o(.text)
    TIM1_CC_IRQHandler                       0x08000273   Thumb Code     0  startup_stm32f40_41xxx.o(.text)
    TIM1_TRG_COM_TIM11_IRQHandler            0x08000273   Thumb Code     0  startup_stm32f40_41xxx.o(.text)
    TIM1_UP_TIM10_IRQHandler                 0x08000273   Thumb Code     0  startup_stm32f40_41xxx.o(.text)
    TIM5_IRQHandler                          0x08000273   Thumb Code     0  startup_stm32f40_41xxx.o(.text)
    TIM8_BRK_TIM12_IRQHandler                0x08000273   Thumb Code     0  startup_stm32f40_41xxx.o(.text)
    TIM8_CC_IRQHandler                       0x08000273   Thumb Code     0  startup_stm32f40_41xxx.o(.text)
    TIM8_TRG_COM_TIM14_IRQHandler            0x08000273   Thumb Code     0  startup_stm32f40_41xxx.o(.text)
    UART4_IRQHandler                         0x08000273   Thumb Code     0  startup_stm32f40_41xxx.o(.text)
    USART3_IRQHandler                        0x08000273   Thumb Code     0  startup_stm32f40_41xxx.o(.text)
    USART6_IRQHandler                        0x08000273   Thumb Code     0  startup_stm32f40_41xxx.o(.text)
    WWDG_IRQHandler                          0x08000273   Thumb Code     0  startup_stm32f40_41xxx.o(.text)
    __user_initial_stackheap                 0x08000275   Thumb Code     0  startup_stm32f40_41xxx.o(.text)
    __2printf                                0x08000299   Thumb Code    20  noretval__2printf.o(.text)
    _printf_int_dec                          0x080002b1   Thumb Code   104  _printf_dec.o(.text)
    __printf                                 0x08000329   Thumb Code   352  __printf_ss_wp.o(.text)
    __aeabi_memclr4                          0x08000489   Thumb Code     0  rt_memclr_w.o(.text)
    __aeabi_memclr8                          0x08000489   Thumb Code     0  rt_memclr_w.o(.text)
    __rt_memclr_w                            0x08000489   Thumb Code    78  rt_memclr_w.o(.text)
    _memset_w                                0x0800048d   Thumb Code     0  rt_memclr_w.o(.text)
    strcmp                                   0x080004d9   Thumb Code   128  strcmpv7m.o(.text)
    __use_two_region_memory                  0x08000559   Thumb Code     2  heapauxi.o(.text)
    __rt_heap_escrow                         0x0800055b   Thumb Code     2  heapauxi.o(.text)
    __rt_heap_expand                         0x0800055d   Thumb Code     2  heapauxi.o(.text)
    __read_errno                             0x0800055f   Thumb Code    10  _rserrno.o(.text)
    __set_errno                              0x08000569   Thumb Code    12  _rserrno.o(.text)
    _printf_int_common                       0x08000575   Thumb Code   178  _printf_intcommon.o(.text)
    __lib_sel_fp_printf                      0x08000627   Thumb Code     2  _printf_fp_dec.o(.text)
    _printf_fp_dec_real                      0x080007d5   Thumb Code   620  _printf_fp_dec.o(.text)
    _printf_char_file                        0x08000a41   Thumb Code    32  _printf_char_file.o(.text)
    __rt_locale                              0x08000a65   Thumb Code     8  rt_locale_intlibspace.o(.text)
    __aeabi_errno_addr                       0x08000a6d   Thumb Code     8  rt_errno_addr_intlibspace.o(.text)
    __errno$intlibspace                      0x08000a6d   Thumb Code     0  rt_errno_addr_intlibspace.o(.text)
    __rt_errno_addr$intlibspace              0x08000a6d   Thumb Code     0  rt_errno_addr_intlibspace.o(.text)
    _ll_udiv10                               0x08000a75   Thumb Code   138  lludiv10.o(.text)
    _printf_char_common                      0x08000b0b   Thumb Code    32  _printf_char_common.o(.text)
    _printf_fp_infnan                        0x08000b31   Thumb Code   112  _printf_fp_infnan.o(.text)
    _btod_etento                             0x08000bb1   Thumb Code   216  bigflt0.o(.text)
    ferror                                   0x08000c8d   Thumb Code     8  ferror.o(.text)
    _initio                                  0x08000c95   Thumb Code   210  initio.o(.text)
    _terminateio                             0x08000d67   Thumb Code    56  initio.o(.text)
    __user_libspace                          0x08000dcd   Thumb Code     8  libspace.o(.text)
    __user_perproc_libspace                  0x08000dcd   Thumb Code     0  libspace.o(.text)
    __user_perthread_libspace                0x08000dcd   Thumb Code     0  libspace.o(.text)
    __user_setup_stackheap                   0x08000dd5   Thumb Code    74  sys_stackheap_outer.o(.text)
    free                                     0x08000e1f   Thumb Code    78  h1_free.o(.text)
    setvbuf                                  0x08000e6d   Thumb Code    70  setvbuf.o(.text)
    freopen                                  0x08000eb5   Thumb Code   158  fopen.o(.text)
    fopen                                    0x08000f53   Thumb Code    74  fopen.o(.text)
    _fclose_internal                         0x08000fa1   Thumb Code    76  fclose.o(.text)
    fclose                                   0x08000fa1   Thumb Code     0  fclose.o(.text)
    exit                                     0x08000fed   Thumb Code    18  exit.o(.text)
    __rt_SIGRTRED                            0x08000fff   Thumb Code    14  defsig_rtred_outer.o(.text)
    __rt_heap_descriptor                     0x0800100d   Thumb Code     8  rt_heap_descriptor_intlibspace.o(.text)
    __use_no_heap                            0x08001015   Thumb Code     2  hguard.o(.text)
    __heap$guard                             0x08001017   Thumb Code     2  hguard.o(.text)
    _terminate_user_alloc                    0x08001019   Thumb Code     2  init_alloc.o(.text)
    _init_user_alloc                         0x0800101b   Thumb Code     2  init_alloc.o(.text)
    __Heap_Full                              0x0800101d   Thumb Code    34  init_alloc.o(.text)
    __Heap_Broken                            0x0800103f   Thumb Code     6  init_alloc.o(.text)
    _init_alloc                              0x08001045   Thumb Code    94  init_alloc.o(.text)
    malloc                                   0x080010a3   Thumb Code    94  h1_alloc.o(.text)
    _fseek                                   0x08001101   Thumb Code   242  fseek.o(.text)
    fseek                                    0x08001101   Thumb Code     0  fseek.o(.text)
    _seterr                                  0x080011f9   Thumb Code    20  stdio.o(.text)
    _writebuf                                0x0800120d   Thumb Code    84  stdio.o(.text)
    _fflush                                  0x08001261   Thumb Code    70  stdio.o(.text)
    _deferredlazyseek                        0x080012a7   Thumb Code    60  stdio.o(.text)
    __sig_exit                               0x080012e9   Thumb Code    10  defsig_exit.o(.text)
    __rt_SIGRTRED_inner                      0x080012f5   Thumb Code    14  defsig_rtred_inner.o(.text)
    _sys_exit                                0x08001329   Thumb Code     8  sys_exit.o(.text)
    __Heap_Initialize                        0x08001335   Thumb Code    10  h1_init.o(.text)
    __Heap_DescSize                          0x0800133f   Thumb Code     4  h1_init.o(.text)
    __Heap_ProvideMemory                     0x08001343   Thumb Code    52  h1_extend.o(.text)
    _ftell_internal                          0x08001377   Thumb Code    66  ftell.o(.text)
    ftell                                    0x08001377   Thumb Code     0  ftell.o(.text)
    __default_signal_display                 0x080013b9   Thumb Code    50  defsig_general.o(.text)
    __rt_SIGRTMEM                            0x080013eb   Thumb Code    14  defsig_rtmem_outer.o(.text)
    _ttywrch                                 0x080013f9   Thumb Code    14  sys_wrch.o(.text)
    __I$use$semihosting                      0x08001407   Thumb Code     0  use_no_semi.o(.text)
    __use_no_semihosting_swi                 0x08001407   Thumb Code     2  use_no_semi.o(.text)
    __rt_SIGRTMEM_inner                      0x08001409   Thumb Code    22  defsig_rtmem_inner.o(.text)
    __semihosting_library_function           0x08001409   Thumb Code     0  indicate_semi.o(.text)
    _btod_d2e                                0x08001459   Thumb Code    62  btod.o(CL$$btod_d2e)
    _d2e_denorm_low                          0x08001497   Thumb Code    70  btod.o(CL$$btod_d2e_denorm_low)
    _d2e_norm_op1                            0x080014dd   Thumb Code    96  btod.o(CL$$btod_d2e_norm_op1)
    __btod_div_common                        0x0800153d   Thumb Code   696  btod.o(CL$$btod_div_common)
    _e2e                                     0x08001875   Thumb Code   198  btod.o(CL$$btod_e2e)
    _btod_ediv                               0x0800193b   Thumb Code    40  btod.o(CL$$btod_ediv)
    _btod_emul                               0x08001963   Thumb Code    40  btod.o(CL$$btod_emul)
    __btod_mult_common                       0x0800198b   Thumb Code   580  btod.o(CL$$btod_mult_common)
    AMT1450_UART_Cmd                         0x08001bd1   Thumb Code    26  amt1450_uart.o(i.AMT1450_UART_Cmd)
    ArmDriver_Init                           0x08001bf1   Thumb Code   638  armsolution.o(i.ArmDriver_Init)
    ArmSolution                              0x08001e8d   Thumb Code  1968  armsolution.o(i.ArmSolution)
    Arm_Grab                                 0x08002699   Thumb Code   596  armsolution.o(i.Arm_Grab)
    Arm_test                                 0x08002995   Thumb Code    86  main.o(i.Arm_test)
    BusFault_Handler                         0x080029f9   Thumb Code     4  stm32f4xx_it.o(i.BusFault_Handler)
    DebugMon_Handler                         0x080029fd   Thumb Code     2  stm32f4xx_it.o(i.DebugMon_Handler)
    Delay_10us                               0x08002a01   Thumb Code    20  delay.o(i.Delay_10us)
    Delay_ms                                 0x08002a19   Thumb Code    22  delay.o(i.Delay_ms)
    Encoder_GetEncCount                      0x08002a31   Thumb Code   106  motordriver.o(i.Encoder_GetEncCount)
    GPIO_Config                              0x08002ab9   Thumb Code    48  main.o(i.GPIO_Config)
    GPIO_Init                                0x08002aed   Thumb Code   144  stm32f4xx_gpio.o(i.GPIO_Init)
    GPIO_PinAFConfig                         0x08002b7d   Thumb Code    70  stm32f4xx_gpio.o(i.GPIO_PinAFConfig)
    GPIO_ResetBits                           0x08002bc3   Thumb Code     4  stm32f4xx_gpio.o(i.GPIO_ResetBits)
    GPIO_SetBits                             0x08002bc7   Thumb Code     4  stm32f4xx_gpio.o(i.GPIO_SetBits)
    HardFault_Handler                        0x08002bcb   Thumb Code     4  stm32f4xx_it.o(i.HardFault_Handler)
    Key_Init                                 0x08002bd1   Thumb Code    78  keyled.o(i.Key_Init)
    Led_Init                                 0x08002c25   Thumb Code   102  keyled.o(i.Led_Init)
    MemManage_Handler                        0x08002c91   Thumb Code     4  stm32f4xx_it.o(i.MemManage_Handler)
    MotorController_SpeedTunner              0x08002c95   Thumb Code  1692  motorcontroller.o(i.MotorController_SpeedTunner)
    MotorDriver_SetPWMDuty                   0x08003379   Thumb Code    64  motordriver.o(i.MotorDriver_SetPWMDuty)
    NMI_Handler                              0x080033bd   Thumb Code     2  stm32f4xx_it.o(i.NMI_Handler)
    NVIC_Configuration                       0x080033c1   Thumb Code    96  main.o(i.NVIC_Configuration)
    NVIC_Init                                0x08003431   Thumb Code   106  misc.o(i.NVIC_Init)
    NVIC_PriorityGroupConfig                 0x080034a9   Thumb Code    10  misc.o(i.NVIC_PriorityGroupConfig)
    PendSV_Handler                           0x080034bd   Thumb Code     2  stm32f4xx_it.o(i.PendSV_Handler)
    RCC_AHB1PeriphClockCmd                   0x080034c1   Thumb Code    26  stm32f4xx_rcc.o(i.RCC_AHB1PeriphClockCmd)
    RCC_APB1PeriphClockCmd                   0x080034e1   Thumb Code    26  stm32f4xx_rcc.o(i.RCC_APB1PeriphClockCmd)
    RCC_APB2PeriphClockCmd                   0x08003501   Thumb Code    26  stm32f4xx_rcc.o(i.RCC_APB2PeriphClockCmd)
    RCC_GetClocksFreq                        0x08003521   Thumb Code   214  stm32f4xx_rcc.o(i.RCC_GetClocksFreq)
    SVC_Handler                              0x08003605   Thumb Code     2  stm32f4xx_it.o(i.SVC_Handler)
    SetServoAngle                            0x08003609   Thumb Code   148  armsolution.o(i.SetServoAngle)
    Slow_Pwm                                 0x080037b5   Thumb Code   624  armsolution.o(i.Slow_Pwm)
    SysTick_Handler                          0x08003a55   Thumb Code    42  stm32f4xx_it.o(i.SysTick_Handler)
    SystemInit                               0x08003a89   Thumb Code    88  system_stm32f4xx.o(i.SystemInit)
    System_Clock                             0x08003af1   Thumb Code    90  main.o(i.System_Clock)
    TCRT5000_config                          0x08003b5d   Thumb Code    70  tcrt5000.o(i.TCRT5000_config)
    TIM2_IRQHandler                          0x08003bad   Thumb Code    62  motordriver.o(i.TIM2_IRQHandler)
    TIM3_IRQHandler                          0x08003bf1   Thumb Code    60  motordriver.o(i.TIM3_IRQHandler)
    TIM4_IRQHandler                          0x08003c35   Thumb Code    60  motordriver.o(i.TIM4_IRQHandler)
    TIM6_DAC_IRQHandler                      0x08003c79   Thumb Code    26  motorcontroller.o(i.TIM6_DAC_IRQHandler)
    TIM7_IRQHandler                          0x08003c99   Thumb Code    52  armsolution.o(i.TIM7_IRQHandler)
    TIM8_UP_TIM13_IRQHandler                 0x08003cd1   Thumb Code    60  motordriver.o(i.TIM8_UP_TIM13_IRQHandler)
    TIM_ARRPreloadConfig                     0x08003d15   Thumb Code    24  stm32f4xx_tim.o(i.TIM_ARRPreloadConfig)
    TIM_ClearFlag                            0x08003d2d   Thumb Code     6  stm32f4xx_tim.o(i.TIM_ClearFlag)
    TIM_ClearITPendingBit                    0x08003d33   Thumb Code     6  stm32f4xx_tim.o(i.TIM_ClearITPendingBit)
    TIM_Cmd                                  0x08003d39   Thumb Code    24  stm32f4xx_tim.o(i.TIM_Cmd)
    TIM_GetITStatus                          0x08003d51   Thumb Code    34  stm32f4xx_tim.o(i.TIM_GetITStatus)
    TIM_ITConfig                             0x08003d73   Thumb Code    18  stm32f4xx_tim.o(i.TIM_ITConfig)
    TIM_OC1Init                              0x08003d85   Thumb Code   114  stm32f4xx_tim.o(i.TIM_OC1Init)
    TIM_OC1PreloadConfig                     0x08003e01   Thumb Code    18  stm32f4xx_tim.o(i.TIM_OC1PreloadConfig)
    TIM_OC2Init                              0x08003e15   Thumb Code   154  stm32f4xx_tim.o(i.TIM_OC2Init)
    TIM_OC2PreloadConfig                     0x08003eb9   Thumb Code    26  stm32f4xx_tim.o(i.TIM_OC2PreloadConfig)
    TIM_OC3Init                              0x08003ed5   Thumb Code   150  stm32f4xx_tim.o(i.TIM_OC3Init)
    TIM_OC3PreloadConfig                     0x08003f75   Thumb Code    18  stm32f4xx_tim.o(i.TIM_OC3PreloadConfig)
    TIM_OC4Init                              0x08003f89   Thumb Code   112  stm32f4xx_tim.o(i.TIM_OC4Init)
    TIM_OC4PreloadConfig                     0x08004001   Thumb Code    26  stm32f4xx_tim.o(i.TIM_OC4PreloadConfig)
    TIM_TimeBaseInit                         0x0800401d   Thumb Code   104  stm32f4xx_tim.o(i.TIM_TimeBaseInit)
    TimingDelay_Decrement                    0x080040a1   Thumb Code    52  delay.o(i.TimingDelay_Decrement)
    UART5_IRQHandler                         0x080040e1   Thumb Code    66  amt1450_uart.o(i.UART5_IRQHandler)
    UART_GetChar                             0x08004129   Thumb Code   184  amt1450_uart.o(i.UART_GetChar)
    USART1_IRQHandler                        0x080041e5   Thumb Code    58  nanocommunication.o(i.USART1_IRQHandler)
    USART1_Init                              0x08004225   Thumb Code   210  nanocommunication.o(i.USART1_Init)
    USART1_Process                           0x08004301   Thumb Code    58  nanocommunication.o(i.USART1_Process)
    USART1_Process_target                    0x08004349   Thumb Code   380  nanocommunication.o(i.USART1_Process_target)
    USART2_IRQHandler                        0x0800451d   Thumb Code    54  btmodule.o(i.USART2_IRQHandler)
    USART2_Init                              0x08004559   Thumb Code   208  btmodule.o(i.USART2_Init)
    USART_ClearITPendingBit                  0x08004631   Thumb Code    30  stm32f4xx_usart.o(i.USART_ClearITPendingBit)
    USART_Cmd                                0x0800464f   Thumb Code    24  stm32f4xx_usart.o(i.USART_Cmd)
    USART_GetChar                            0x08004669   Thumb Code    90  btmodule.o(i.USART_GetChar)
    USART_GetFlagStatus                      0x080046d1   Thumb Code    26  stm32f4xx_usart.o(i.USART_GetFlagStatus)
    USART_GetITStatus                        0x080046eb   Thumb Code    84  stm32f4xx_usart.o(i.USART_GetITStatus)
    USART_ITConfig                           0x0800473f   Thumb Code    74  stm32f4xx_usart.o(i.USART_ITConfig)
    USART_Init                               0x08004789   Thumb Code   204  stm32f4xx_usart.o(i.USART_Init)
    USART_OverSampling8Cmd                   0x0800485d   Thumb Code    22  stm32f4xx_usart.o(i.USART_OverSampling8Cmd)
    USART_ReceiveData                        0x08004873   Thumb Code    10  stm32f4xx_usart.o(i.USART_ReceiveData)
    USART_SendData                           0x0800487d   Thumb Code     8  stm32f4xx_usart.o(i.USART_SendData)
    UsageFault_Handler                       0x08004885   Thumb Code     4  stm32f4xx_it.o(i.UsageFault_Handler)
    __ARM_fpclassify                         0x08004889   Thumb Code    48  fpclassify.o(i.__ARM_fpclassify)
    __ARM_fpclassifyf                        0x080048b9   Thumb Code    38  fpclassifyf.o(i.__ARM_fpclassifyf)
    __hardfp_acos                            0x080048e1   Thumb Code   738  acos.o(i.__hardfp_acos)
    __hardfp_asinf                           0x08004c39   Thumb Code   258  asinf.o(i.__hardfp_asinf)
    __hardfp_atan                            0x08004d69   Thumb Code   622  atan.o(i.__hardfp_atan)
    __hardfp_atanf                           0x08005041   Thumb Code   296  atanf.o(i.__hardfp_atanf)
    __hardfp_cos                             0x080051a1   Thumb Code   180  cos.o(i.__hardfp_cos)
    __hardfp_sin                             0x08005269   Thumb Code   180  sin.o(i.__hardfp_sin)
    __hardfp_sqrt                            0x08005331   Thumb Code   122  sqrt.o(i.__hardfp_sqrt)
    __ieee754_rem_pio2                       0x080053b1   Thumb Code   938  rred.o(i.__ieee754_rem_pio2)
    __kernel_cos                             0x080057e9   Thumb Code   322  cos_i.o(i.__kernel_cos)
    __kernel_poly                            0x08005959   Thumb Code   248  poly.o(i.__kernel_poly)
    __kernel_sin                             0x08005a51   Thumb Code   280  sin_i.o(i.__kernel_sin)
    __mathlib_dbl_infnan                     0x08005b81   Thumb Code    20  dunder.o(i.__mathlib_dbl_infnan)
    __mathlib_dbl_invalid                    0x08005b99   Thumb Code    24  dunder.o(i.__mathlib_dbl_invalid)
    __mathlib_dbl_underflow                  0x08005bb9   Thumb Code    24  dunder.o(i.__mathlib_dbl_underflow)
    __mathlib_flt_infnan                     0x08005bd9   Thumb Code     6  funder.o(i.__mathlib_flt_infnan)
    __mathlib_flt_invalid                    0x08005be1   Thumb Code    10  funder.o(i.__mathlib_flt_invalid)
    __mathlib_flt_underflow                  0x08005bf1   Thumb Code    10  funder.o(i.__mathlib_flt_underflow)
    _is_digit                                0x08005c01   Thumb Code    14  __printf_wp.o(i._is_digit)
    _sys_close                               0x08005c0f   Thumb Code    38  retarget_io.o(i._sys_close)
    _sys_flen                                0x08005c35   Thumb Code    36  retarget_io.o(i._sys_flen)
    _sys_istty                               0x08005c59   Thumb Code    36  retarget_io.o(i._sys_istty)
    _sys_open                                0x08005c7d   Thumb Code    80  retarget_io.o(i._sys_open)
    _sys_seek                                0x08005ce5   Thumb Code    44  retarget_io.o(i._sys_seek)
    _sys_write                               0x08005d11   Thumb Code    88  retarget_io.o(i._sys_write)
    check_SUM                                0x08005d69   Thumb Code    44  amt1450_uart.o(i.check_SUM)
    fabs                                     0x08005d95   Thumb Code    24  fabs.o(i.fabs)
    fputc                                    0x08005dad   Thumb Code    32  btmodule.o(i.fputc)
    init_AMT1450_UART                        0x08005dd1   Thumb Code   214  amt1450_uart.o(i.init_AMT1450_UART)
    main                                     0x08005eb5   Thumb Code   144  main.o(i.main)
    s_PIDInit                                0x08005f85   Thumb Code    74  pid.o(i.s_PIDInit)
    sqrt                                     0x08005fe5   Thumb Code   110  sqrt.o(i.sqrt)
    sqrtf                                    0x08006053   Thumb Code    62  sqrtf.o(i.sqrtf)
    stdout_putchar                           0x08006095   Thumb Code     8  stdout_user.o(i.stdout_putchar)
    _get_lc_numeric                          0x0800609d   Thumb Code    44  lc_numeric_c.o(locale$$code)
    __aeabi_dneg                             0x080060c9   Thumb Code     0  basic.o(x$fpl$basic)
    _dneg                                    0x080060c9   Thumb Code     6  basic.o(x$fpl$basic)
    __aeabi_fneg                             0x080060cf   Thumb Code     0  basic.o(x$fpl$basic)
    _fneg                                    0x080060cf   Thumb Code     6  basic.o(x$fpl$basic)
    _dabs                                    0x080060d5   Thumb Code     6  basic.o(x$fpl$basic)
    _fabs                                    0x080060db   Thumb Code     6  basic.o(x$fpl$basic)
    __aeabi_d2f                              0x080060e1   Thumb Code     0  d2f.o(x$fpl$d2f)
    _d2f                                     0x080060e1   Thumb Code    98  d2f.o(x$fpl$d2f)
    __aeabi_dadd                             0x08006145   Thumb Code     0  daddsub_clz.o(x$fpl$dadd)
    _dadd                                    0x08006145   Thumb Code   332  daddsub_clz.o(x$fpl$dadd)
    __fpl_dcmp_Inf                           0x08006295   Thumb Code    24  dcmpi.o(x$fpl$dcmpinf)
    __aeabi_ddiv                             0x080062ad   Thumb Code     0  ddiv.o(x$fpl$ddiv)
    _ddiv                                    0x080062ad   Thumb Code   552  ddiv.o(x$fpl$ddiv)
    __aeabi_cdcmpeq                          0x0800655d   Thumb Code     0  deqf.o(x$fpl$deqf)
    _dcmpeq                                  0x0800655d   Thumb Code   120  deqf.o(x$fpl$deqf)
    __aeabi_d2iz                             0x080065d5   Thumb Code     0  dfix.o(x$fpl$dfix)
    _dfix                                    0x080065d5   Thumb Code    94  dfix.o(x$fpl$dfix)
    __aeabi_i2d                              0x08006633   Thumb Code     0  dflt_clz.o(x$fpl$dflt)
    _dflt                                    0x08006633   Thumb Code    46  dflt_clz.o(x$fpl$dflt)
    __aeabi_ui2d                             0x08006661   Thumb Code     0  dflt_clz.o(x$fpl$dfltu)
    _dfltu                                   0x08006661   Thumb Code    38  dflt_clz.o(x$fpl$dfltu)
    __aeabi_dmul                             0x08006689   Thumb Code     0  dmul.o(x$fpl$dmul)
    _dmul                                    0x08006689   Thumb Code   332  dmul.o(x$fpl$dmul)
    __fpl_dnaninf                            0x080067dd   Thumb Code   156  dnaninf.o(x$fpl$dnaninf)
    __fpl_dretinf                            0x08006879   Thumb Code    12  dretinf.o(x$fpl$dretinf)
    __aeabi_drsub                            0x08006885   Thumb Code     0  daddsub_clz.o(x$fpl$drsb)
    _drsb                                    0x08006885   Thumb Code    22  daddsub_clz.o(x$fpl$drsb)
    _dsqrt                                   0x0800689d   Thumb Code   404  dsqrt_umaal.o(x$fpl$dsqrt)
    __aeabi_dsub                             0x08006a35   Thumb Code     0  daddsub_clz.o(x$fpl$dsub)
    _dsub                                    0x08006a35   Thumb Code   464  daddsub_clz.o(x$fpl$dsub)
    __aeabi_f2d                              0x08006c09   Thumb Code     0  f2d.o(x$fpl$f2d)
    _f2d                                     0x08006c09   Thumb Code    86  f2d.o(x$fpl$f2d)
    __fpl_fnaninf                            0x08006c5f   Thumb Code   140  fnaninf.o(x$fpl$fnaninf)
    _fp_init                                 0x08006ceb   Thumb Code    10  fpinit.o(x$fpl$fpinit)
    __fplib_config_fpu_vfp                   0x08006cf3   Thumb Code     0  fpinit.o(x$fpl$fpinit)
    __fplib_config_pureend_doubles           0x08006cf3   Thumb Code     0  fpinit.o(x$fpl$fpinit)
    __fpl_fretinf                            0x08006cf5   Thumb Code    10  fretinf.o(x$fpl$fretinf)
    _printf_fp_dec                           0x08006cff   Thumb Code     4  printf1.o(x$fpl$printf1)
    __I$use$fp                               0x08006d02   Number         0  usenofp.o(x$fpl$usenofp)
    __stdin_name                             0x08006d02   Data           7  retarget_io.o(.constdata)
    __stdout_name                            0x08006d09   Data           8  retarget_io.o(.constdata)
    __stderr_name                            0x08006d11   Data           8  retarget_io.o(.constdata)
    Region$$Table$$Base                      0x08006fbc   Number         0  anon$$obj.o(Region$$Table)
    Region$$Table$$Limit                     0x08006fdc   Number         0  anon$$obj.o(Region$$Table)
    n10msCount                               0x20000000   Data           2  main.o(.data)
    b100msFlag                               0x20000002   Data           1  main.o(.data)
    n100msCount                              0x20000004   Data           2  main.o(.data)
    nSpeed                                   0x20000008   Data           4  main.o(.data)
    nTickCount                               0x2000000c   Data           2  stm32f4xx_it.o(.data)
    SystemCoreClock                          0x20000010   Data           4  system_stm32f4xx.o(.data)
    AHBPrescTable                            0x20000014   Data          16  system_stm32f4xx.o(.data)
    b10msFlag                                0x20000028   Data           1  delay.o(.data)
    TimeStamp_ms                             0x2000002c   Data           4  delay.o(.data)
    TimeStamp_ms_counter                     0x20000030   Data           1  delay.o(.data)
    nRx2Counter                              0x20000031   Data           1  btmodule.o(.data)
    USART_FrameFlag                          0x20000032   Data           1  btmodule.o(.data)
    MotorController_EncoderResolution        0x2000003c   Data           2  motorcontroller.o(.data)
    MotorController_WheelDiameter            0x2000003e   Data           1  motorcontroller.o(.data)
    MotorController_Acc                      0x20000040   Data           2  motorcontroller.o(.data)
    MotorController_MotorA_SpeedSet          0x20000042   Data           2  motorcontroller.o(.data)
    MotorController_MotorB_SpeedSet          0x20000044   Data           2  motorcontroller.o(.data)
    MotorController_MotorC_SpeedSet          0x20000046   Data           2  motorcontroller.o(.data)
    MotorController_MotorD_SpeedSet          0x20000048   Data           2  motorcontroller.o(.data)
    MotorController_MotorA_SpeedCur          0x2000004a   Data           2  motorcontroller.o(.data)
    MotorController_MotorB_SpeedCur          0x2000004c   Data           2  motorcontroller.o(.data)
    MotorController_MotorC_SpeedCur          0x2000004e   Data           2  motorcontroller.o(.data)
    MotorController_MotorD_SpeedCur          0x20000050   Data           2  motorcontroller.o(.data)
    MotorController_MotorA_SpeedPWM          0x20000052   Data           2  motorcontroller.o(.data)
    MotorController_MotorB_SpeedPWM          0x20000054   Data           2  motorcontroller.o(.data)
    MotorController_MotorC_SpeedPWM          0x20000056   Data           2  motorcontroller.o(.data)
    MotorController_MotorD_SpeedPWM          0x20000058   Data           2  motorcontroller.o(.data)
    MotorController_MotorA_EncCnt            0x2000005c   Data           4  motorcontroller.o(.data)
    MotorController_MotorB_EncCnt            0x20000060   Data           4  motorcontroller.o(.data)
    MotorController_MotorC_EncCnt            0x20000064   Data           4  motorcontroller.o(.data)
    MotorController_MotorD_EncCnt            0x20000068   Data           4  motorcontroller.o(.data)
    MotorController_MotorA_SpeedErr1         0x2000006c   Data           4  motorcontroller.o(.data)
    MotorController_MotorB_SpeedErr1         0x20000070   Data           4  motorcontroller.o(.data)
    MotorController_MotorC_SpeedErr1         0x20000074   Data           4  motorcontroller.o(.data)
    MotorController_MotorD_SpeedErr1         0x20000078   Data           4  motorcontroller.o(.data)
    MotorController_MotorA_SpeedErr2         0x2000007c   Data           4  motorcontroller.o(.data)
    MotorController_MotorB_SpeedErr2         0x20000080   Data           4  motorcontroller.o(.data)
    MotorController_MotorC_SpeedErr2         0x20000084   Data           4  motorcontroller.o(.data)
    MotorController_MotorD_SpeedErr2         0x20000088   Data           4  motorcontroller.o(.data)
    MotorController_MotorEnabledCount        0x2000008c   Data           1  motorcontroller.o(.data)
    MotorController_KP                       0x20000090   Data           4  motorcontroller.o(.data)
    MotorController_KI                       0x20000094   Data           4  motorcontroller.o(.data)
    MotorController_KD                       0x20000098   Data           4  motorcontroller.o(.data)
    Motor_speed1                             0x2000009c   Data           4  motorcontroller.o(.data)
    Motor_speed2                             0x200000a0   Data           4  motorcontroller.o(.data)
    car_flag                                 0x200000a6   Data           1  nanocommunication.o(.data)
    start_pos_flag                           0x200000a7   Data           1  nanocommunication.o(.data)
    Slow_pwm1                                0x200000a8   Data           2  armsolution.o(.data)
    Slow_pwm2                                0x200000aa   Data           2  armsolution.o(.data)
    Slow_pwm3                                0x200000ac   Data           2  armsolution.o(.data)
    Slow_pwm4                                0x200000ae   Data           2  armsolution.o(.data)
    Slow_pwm5                                0x200000b0   Data           2  armsolution.o(.data)
    Slow_pwm6                                0x200000b2   Data           2  armsolution.o(.data)
    Slow_pwm7                                0x200000b4   Data           2  armsolution.o(.data)
    Slow_pwm8                                0x200000b6   Data           2  armsolution.o(.data)
    Object_pos_index                         0x200000b8   Data           1  armsolution.o(.data)
    __aeabi_stdin                            0x200000cc   Data           4  stdio_streams.o(.data)
    __aeabi_stdout                           0x200000d0   Data           4  stdio_streams.o(.data)
    __aeabi_stderr                           0x200000d4   Data           4  stdio_streams.o(.data)
    USART_Rx2Buff                            0x200000d8   Data           9  btmodule.o(.bss)
    amt1450_UART_Rx                          0x200000e1   Data          19  amt1450_uart.o(.bss)
    Object_pos                               0x200000f4   Data          48  armsolution.o(.bss)
    __stdin                                  0x20000124   Data          84  stdio_streams.o(.bss)
    __stdout                                 0x20000178   Data          84  stdio_streams.o(.bss)
    __stderr                                 0x200001cc   Data          84  stdio_streams.o(.bss)
    __libspace_start                         0x20000220   Data          96  libspace.o(.bss)
    __temporary_stack_top$libspace           0x20000280   Data           0  libspace.o(.bss)



==============================================================================

Memory Map of the image

  Image Entry point : 0x08000189

  Load Region LR_IROM1 (Base: 0x08000000, Size: 0x000070d0, Max: 0x00080000, ABSOLUTE)

    Execution Region ER_IROM1 (Base: 0x08000000, Size: 0x00006ff8, Max: 0x00080000, ABSOLUTE)

    Base Addr    Size         Type   Attr      Idx    E Section Name        Object

    0x08000000   0x00000188   Data   RO         1058    RESET               startup_stm32f40_41xxx.o
    0x08000188   0x00000008   Code   RO         3157  * !!!main             c_w.l(__main.o)
    0x08000190   0x00000034   Code   RO         3715    !!!scatter          c_w.l(__scatter.o)
    0x080001c4   0x0000001a   Code   RO         3717    !!handler_copy      c_w.l(__scatter_copy.o)
    0x080001de   0x00000002   PAD
    0x080001e0   0x0000001c   Code   RO         3719    !!handler_zi        c_w.l(__scatter_zi.o)
    0x080001fc   0x00000000   Code   RO         3148    .ARM.Collect$$_printf_percent$$00000000  c_w.l(_printf_percent.o)
    0x080001fc   0x00000006   Code   RO         3147    .ARM.Collect$$_printf_percent$$00000003  c_w.l(_printf_f.o)
    0x08000202   0x00000006   Code   RO         3146    .ARM.Collect$$_printf_percent$$00000009  c_w.l(_printf_d.o)
    0x08000208   0x00000004   Code   RO         3296    .ARM.Collect$$_printf_percent$$00000017  c_w.l(_printf_percent_end.o)
    0x0800020c   0x00000002   Code   RO         3534    .ARM.Collect$$libinit$$00000000  c_w.l(libinit.o)
    0x0800020e   0x00000004   Code   RO         3535    .ARM.Collect$$libinit$$00000001  c_w.l(libinit2.o)
    0x08000212   0x00000000   Code   RO         3538    .ARM.Collect$$libinit$$00000004  c_w.l(libinit2.o)
    0x08000212   0x00000008   Code   RO         3539    .ARM.Collect$$libinit$$00000005  c_w.l(libinit2.o)
    0x0800021a   0x00000000   Code   RO         3541    .ARM.Collect$$libinit$$0000000A  c_w.l(libinit2.o)
    0x0800021a   0x00000000   Code   RO         3543    .ARM.Collect$$libinit$$0000000C  c_w.l(libinit2.o)
    0x0800021a   0x00000000   Code   RO         3545    .ARM.Collect$$libinit$$0000000E  c_w.l(libinit2.o)
    0x0800021a   0x00000006   Code   RO         3546    .ARM.Collect$$libinit$$0000000F  c_w.l(libinit2.o)
    0x08000220   0x00000000   Code   RO         3548    .ARM.Collect$$libinit$$00000011  c_w.l(libinit2.o)
    0x08000220   0x00000000   Code   RO         3550    .ARM.Collect$$libinit$$00000013  c_w.l(libinit2.o)
    0x08000220   0x00000000   Code   RO         3552    .ARM.Collect$$libinit$$00000015  c_w.l(libinit2.o)
    0x08000220   0x0000000a   Code   RO         3553    .ARM.Collect$$libinit$$00000016  c_w.l(libinit2.o)
    0x0800022a   0x00000000   Code   RO         3554    .ARM.Collect$$libinit$$00000017  c_w.l(libinit2.o)
    0x0800022a   0x00000000   Code   RO         3556    .ARM.Collect$$libinit$$00000019  c_w.l(libinit2.o)
    0x0800022a   0x00000000   Code   RO         3558    .ARM.Collect$$libinit$$0000001B  c_w.l(libinit2.o)
    0x0800022a   0x00000000   Code   RO         3560    .ARM.Collect$$libinit$$0000001D  c_w.l(libinit2.o)
    0x0800022a   0x00000000   Code   RO         3562    .ARM.Collect$$libinit$$0000001F  c_w.l(libinit2.o)
    0x0800022a   0x00000000   Code   RO         3564    .ARM.Collect$$libinit$$00000021  c_w.l(libinit2.o)
    0x0800022a   0x00000000   Code   RO         3566    .ARM.Collect$$libinit$$00000023  c_w.l(libinit2.o)
    0x0800022a   0x00000004   Code   RO         3567    .ARM.Collect$$libinit$$00000024  c_w.l(libinit2.o)
    0x0800022e   0x00000000   Code   RO         3568    .ARM.Collect$$libinit$$00000025  c_w.l(libinit2.o)
    0x0800022e   0x00000000   Code   RO         3572    .ARM.Collect$$libinit$$0000002C  c_w.l(libinit2.o)
    0x0800022e   0x00000000   Code   RO         3574    .ARM.Collect$$libinit$$0000002E  c_w.l(libinit2.o)
    0x0800022e   0x00000000   Code   RO         3576    .ARM.Collect$$libinit$$00000030  c_w.l(libinit2.o)
    0x0800022e   0x00000000   Code   RO         3578    .ARM.Collect$$libinit$$00000032  c_w.l(libinit2.o)
    0x0800022e   0x00000002   Code   RO         3579    .ARM.Collect$$libinit$$00000033  c_w.l(libinit2.o)
    0x08000230   0x00000002   Code   RO         3694    .ARM.Collect$$libshutdown$$00000000  c_w.l(libshutdown.o)
    0x08000232   0x00000000   Code   RO         3581    .ARM.Collect$$libshutdown$$00000002  c_w.l(libshutdown2.o)
    0x08000232   0x00000004   Code   RO         3582    .ARM.Collect$$libshutdown$$00000003  c_w.l(libshutdown2.o)
    0x08000236   0x00000000   Code   RO         3583    .ARM.Collect$$libshutdown$$00000004  c_w.l(libshutdown2.o)
    0x08000236   0x00000000   Code   RO         3586    .ARM.Collect$$libshutdown$$00000007  c_w.l(libshutdown2.o)
    0x08000236   0x00000000   Code   RO         3589    .ARM.Collect$$libshutdown$$0000000A  c_w.l(libshutdown2.o)
    0x08000236   0x00000000   Code   RO         3591    .ARM.Collect$$libshutdown$$0000000C  c_w.l(libshutdown2.o)
    0x08000236   0x00000000   Code   RO         3594    .ARM.Collect$$libshutdown$$0000000F  c_w.l(libshutdown2.o)
    0x08000236   0x00000002   Code   RO         3595    .ARM.Collect$$libshutdown$$00000010  c_w.l(libshutdown2.o)
    0x08000238   0x00000000   Code   RO         3287    .ARM.Collect$$rtentry$$00000000  c_w.l(__rtentry.o)
    0x08000238   0x00000000   Code   RO         3379    .ARM.Collect$$rtentry$$00000002  c_w.l(__rtentry2.o)
    0x08000238   0x00000006   Code   RO         3391    .ARM.Collect$$rtentry$$00000004  c_w.l(__rtentry4.o)
    0x0800023e   0x00000000   Code   RO         3381    .ARM.Collect$$rtentry$$00000009  c_w.l(__rtentry2.o)
    0x0800023e   0x00000004   Code   RO         3382    .ARM.Collect$$rtentry$$0000000A  c_w.l(__rtentry2.o)
    0x08000242   0x00000000   Code   RO         3384    .ARM.Collect$$rtentry$$0000000C  c_w.l(__rtentry2.o)
    0x08000242   0x00000008   Code   RO         3385    .ARM.Collect$$rtentry$$0000000D  c_w.l(__rtentry2.o)
    0x0800024a   0x00000002   Code   RO         3596    .ARM.Collect$$rtexit$$00000000  c_w.l(rtexit.o)
    0x0800024c   0x00000000   Code   RO         3642    .ARM.Collect$$rtexit$$00000002  c_w.l(rtexit2.o)
    0x0800024c   0x00000004   Code   RO         3643    .ARM.Collect$$rtexit$$00000003  c_w.l(rtexit2.o)
    0x08000250   0x00000006   Code   RO         3644    .ARM.Collect$$rtexit$$00000004  c_w.l(rtexit2.o)
    0x08000256   0x00000002   PAD
    0x08000258   0x00000000   Code   RO         3648    .emb_text           c_w.l(maybetermalloc1.o)
    0x08000258   0x00000040   Code   RO         1059    .text               startup_stm32f40_41xxx.o
    0x08000298   0x00000018   Code   RO         3120    .text               c_w.l(noretval__2printf.o)
    0x080002b0   0x00000078   Code   RO         3124    .text               c_w.l(_printf_dec.o)
    0x08000328   0x00000160   Code   RO         3141    .text               c_w.l(__printf_ss_wp.o)
    0x08000488   0x0000004e   Code   RO         3151    .text               c_w.l(rt_memclr_w.o)
    0x080004d6   0x00000002   PAD
    0x080004d8   0x00000080   Code   RO         3153    .text               c_w.l(strcmpv7m.o)
    0x08000558   0x00000006   Code   RO         3155    .text               c_w.l(heapauxi.o)
    0x0800055e   0x00000016   Code   RO         3288    .text               c_w.l(_rserrno.o)
    0x08000574   0x000000b2   Code   RO         3290    .text               c_w.l(_printf_intcommon.o)
    0x08000626   0x0000041a   Code   RO         3292    .text               c_w.l(_printf_fp_dec.o)
    0x08000a40   0x00000024   Code   RO         3294    .text               c_w.l(_printf_char_file.o)
    0x08000a64   0x00000008   Code   RO         3396    .text               c_w.l(rt_locale_intlibspace.o)
    0x08000a6c   0x00000008   Code   RO         3401    .text               c_w.l(rt_errno_addr_intlibspace.o)
    0x08000a74   0x0000008a   Code   RO         3403    .text               c_w.l(lludiv10.o)
    0x08000afe   0x00000002   PAD
    0x08000b00   0x00000030   Code   RO         3405    .text               c_w.l(_printf_char_common.o)
    0x08000b30   0x00000080   Code   RO         3407    .text               c_w.l(_printf_fp_infnan.o)
    0x08000bb0   0x000000dc   Code   RO         3409    .text               c_w.l(bigflt0.o)
    0x08000c8c   0x00000008   Code   RO         3434    .text               c_w.l(ferror.o)
    0x08000c94   0x00000138   Code   RO         3436    .text               c_w.l(initio.o)
    0x08000dcc   0x00000008   Code   RO         3447    .text               c_w.l(libspace.o)
    0x08000dd4   0x0000004a   Code   RO         3452    .text               c_w.l(sys_stackheap_outer.o)
    0x08000e1e   0x0000004e   Code   RO         3456    .text               c_w.l(h1_free.o)
    0x08000e6c   0x00000046   Code   RO         3512    .text               c_w.l(setvbuf.o)
    0x08000eb2   0x00000002   PAD
    0x08000eb4   0x000000ec   Code   RO         3515    .text               c_w.l(fopen.o)
    0x08000fa0   0x0000004c   Code   RO         3517    .text               c_w.l(fclose.o)
    0x08000fec   0x00000012   Code   RO         3523    .text               c_w.l(exit.o)
    0x08000ffe   0x0000000e   Code   RO         3525    .text               c_w.l(defsig_rtred_outer.o)
    0x0800100c   0x00000008   Code   RO         3603    .text               c_w.l(rt_heap_descriptor_intlibspace.o)
    0x08001014   0x00000004   Code   RO         3605    .text               c_w.l(hguard.o)
    0x08001018   0x0000008a   Code   RO         3607    .text               c_w.l(init_alloc.o)
    0x080010a2   0x0000005e   Code   RO         3613    .text               c_w.l(h1_alloc.o)
    0x08001100   0x000000f8   Code   RO         3627    .text               c_w.l(fseek.o)
    0x080011f8   0x000000f0   Code   RO         3629    .text               c_w.l(stdio.o)
    0x080012e8   0x0000000a   Code   RO         3631    .text               c_w.l(defsig_exit.o)
    0x080012f2   0x00000002   PAD
    0x080012f4   0x00000034   Code   RO         3633    .text               c_w.l(defsig_rtred_inner.o)
    0x08001328   0x0000000c   Code   RO         3639    .text               c_w.l(sys_exit.o)
    0x08001334   0x0000000e   Code   RO         3650    .text               c_w.l(h1_init.o)
    0x08001342   0x00000034   Code   RO         3652    .text               c_w.l(h1_extend.o)
    0x08001376   0x00000042   Code   RO         3658    .text               c_w.l(ftell.o)
    0x080013b8   0x00000032   Code   RO         3662    .text               c_w.l(defsig_general.o)
    0x080013ea   0x0000000e   Code   RO         3664    .text               c_w.l(defsig_rtmem_outer.o)
    0x080013f8   0x0000000e   Code   RO         3677    .text               c_w.l(sys_wrch.o)
    0x08001406   0x00000002   Code   RO         3681    .text               c_w.l(use_no_semi.o)
    0x08001408   0x00000000   Code   RO         3683    .text               c_w.l(indicate_semi.o)
    0x08001408   0x00000050   Code   RO         3688    .text               c_w.l(defsig_rtmem_inner.o)
    0x08001458   0x0000003e   Code   RO         3412    CL$$btod_d2e        c_w.l(btod.o)
    0x08001496   0x00000046   Code   RO         3414    CL$$btod_d2e_denorm_low  c_w.l(btod.o)
    0x080014dc   0x00000060   Code   RO         3413    CL$$btod_d2e_norm_op1  c_w.l(btod.o)
    0x0800153c   0x00000338   Code   RO         3422    CL$$btod_div_common  c_w.l(btod.o)
    0x08001874   0x000000c6   Code   RO         3419    CL$$btod_e2e        c_w.l(btod.o)
    0x0800193a   0x00000028   Code   RO         3416    CL$$btod_ediv       c_w.l(btod.o)
    0x08001962   0x00000028   Code   RO         3415    CL$$btod_emul       c_w.l(btod.o)
    0x0800198a   0x00000244   Code   RO         3421    CL$$btod_mult_common  c_w.l(btod.o)
    0x08001bce   0x00000002   PAD
    0x08001bd0   0x00000020   Code   RO          657    i.AMT1450_UART_Cmd  amt1450_uart.o
    0x08001bf0   0x0000029c   Code   RO          997    i.ArmDriver_Init    armsolution.o
    0x08001e8c   0x0000080c   Code   RO          998    i.ArmSolution       armsolution.o
    0x08002698   0x000002fc   Code   RO          999    i.Arm_Grab          armsolution.o
    0x08002994   0x00000064   Code   RO            4    i.Arm_test          main.o
    0x080029f8   0x00000004   Code   RO          203    i.BusFault_Handler  stm32f4xx_it.o
    0x080029fc   0x00000002   Code   RO          204    i.DebugMon_Handler  stm32f4xx_it.o
    0x080029fe   0x00000002   PAD
    0x08002a00   0x00000018   Code   RO          326    i.Delay_10us        delay.o
    0x08002a18   0x00000016   Code   RO          327    i.Delay_ms          delay.o
    0x08002a2e   0x00000002   PAD
    0x08002a30   0x00000088   Code   RO          500    i.Encoder_GetEncCount  motordriver.o
    0x08002ab8   0x00000034   Code   RO            5    i.GPIO_Config       main.o
    0x08002aec   0x00000090   Code   RO         1651    i.GPIO_Init         stm32f4xx_gpio.o
    0x08002b7c   0x00000046   Code   RO         1652    i.GPIO_PinAFConfig  stm32f4xx_gpio.o
    0x08002bc2   0x00000004   Code   RO         1658    i.GPIO_ResetBits    stm32f4xx_gpio.o
    0x08002bc6   0x00000004   Code   RO         1659    i.GPIO_SetBits      stm32f4xx_gpio.o
    0x08002bca   0x00000004   Code   RO          205    i.HardFault_Handler  stm32f4xx_it.o
    0x08002bce   0x00000002   PAD
    0x08002bd0   0x00000054   Code   RO          374    i.Key_Init          keyled.o
    0x08002c24   0x0000006c   Code   RO          377    i.Led_Init          keyled.o
    0x08002c90   0x00000004   Code   RO          206    i.MemManage_Handler  stm32f4xx_it.o
    0x08002c94   0x000006e4   Code   RO          596    i.MotorController_SpeedTunner  motorcontroller.o
    0x08003378   0x00000044   Code   RO          504    i.MotorDriver_SetPWMDuty  motordriver.o
    0x080033bc   0x00000002   Code   RO          207    i.NMI_Handler       stm32f4xx_it.o
    0x080033be   0x00000002   PAD
    0x080033c0   0x00000070   Code   RO            6    i.NVIC_Configuration  main.o
    0x08003430   0x00000078   Code   RO         1944    i.NVIC_Init         misc.o
    0x080034a8   0x00000014   Code   RO         1945    i.NVIC_PriorityGroupConfig  misc.o
    0x080034bc   0x00000002   Code   RO          208    i.PendSV_Handler    stm32f4xx_it.o
    0x080034be   0x00000002   PAD
    0x080034c0   0x00000020   Code   RO         1312    i.RCC_AHB1PeriphClockCmd  stm32f4xx_rcc.o
    0x080034e0   0x00000020   Code   RO         1321    i.RCC_APB1PeriphClockCmd  stm32f4xx_rcc.o
    0x08003500   0x00000020   Code   RO         1324    i.RCC_APB2PeriphClockCmd  stm32f4xx_rcc.o
    0x08003520   0x000000e4   Code   RO         1333    i.RCC_GetClocksFreq  stm32f4xx_rcc.o
    0x08003604   0x00000002   Code   RO          209    i.SVC_Handler       stm32f4xx_it.o
    0x08003606   0x00000002   PAD
    0x08003608   0x000000c0   Code   RO         1000    i.SetServoAngle     armsolution.o
    0x080036c8   0x000000ec   Code   RO          285    i.SetSysClock       system_stm32f4xx.o
    0x080037b4   0x000002a0   Code   RO         1001    i.Slow_Pwm          armsolution.o
    0x08003a54   0x00000034   Code   RO          210    i.SysTick_Handler   stm32f4xx_it.o
    0x08003a88   0x00000068   Code   RO          287    i.SystemInit        system_stm32f4xx.o
    0x08003af0   0x0000006c   Code   RO            7    i.System_Clock      main.o
    0x08003b5c   0x00000050   Code   RO          720    i.TCRT5000_config   tcrt5000.o
    0x08003bac   0x00000044   Code   RO          507    i.TIM2_IRQHandler   motordriver.o
    0x08003bf0   0x00000044   Code   RO          508    i.TIM3_IRQHandler   motordriver.o
    0x08003c34   0x00000044   Code   RO          509    i.TIM4_IRQHandler   motordriver.o
    0x08003c78   0x00000020   Code   RO          597    i.TIM6_DAC_IRQHandler  motorcontroller.o
    0x08003c98   0x00000038   Code   RO         1002    i.TIM7_IRQHandler   armsolution.o
    0x08003cd0   0x00000044   Code   RO          510    i.TIM8_UP_TIM13_IRQHandler  motordriver.o
    0x08003d14   0x00000018   Code   RO         2356    i.TIM_ARRPreloadConfig  stm32f4xx_tim.o
    0x08003d2c   0x00000006   Code   RO         2362    i.TIM_ClearFlag     stm32f4xx_tim.o
    0x08003d32   0x00000006   Code   RO         2363    i.TIM_ClearITPendingBit  stm32f4xx_tim.o
    0x08003d38   0x00000018   Code   RO         2368    i.TIM_Cmd           stm32f4xx_tim.o
    0x08003d50   0x00000022   Code   RO         2389    i.TIM_GetITStatus   stm32f4xx_tim.o
    0x08003d72   0x00000012   Code   RO         2393    i.TIM_ITConfig      stm32f4xx_tim.o
    0x08003d84   0x0000007c   Code   RO         2397    i.TIM_OC1Init       stm32f4xx_tim.o
    0x08003e00   0x00000012   Code   RO         2400    i.TIM_OC1PreloadConfig  stm32f4xx_tim.o
    0x08003e12   0x00000002   PAD
    0x08003e14   0x000000a4   Code   RO         2402    i.TIM_OC2Init       stm32f4xx_tim.o
    0x08003eb8   0x0000001a   Code   RO         2405    i.TIM_OC2PreloadConfig  stm32f4xx_tim.o
    0x08003ed2   0x00000002   PAD
    0x08003ed4   0x000000a0   Code   RO         2407    i.TIM_OC3Init       stm32f4xx_tim.o
    0x08003f74   0x00000012   Code   RO         2410    i.TIM_OC3PreloadConfig  stm32f4xx_tim.o
    0x08003f86   0x00000002   PAD
    0x08003f88   0x00000078   Code   RO         2412    i.TIM_OC4Init       stm32f4xx_tim.o
    0x08004000   0x0000001a   Code   RO         2414    i.TIM_OC4PreloadConfig  stm32f4xx_tim.o
    0x0800401a   0x00000002   PAD
    0x0800401c   0x00000084   Code   RO         2440    i.TIM_TimeBaseInit  stm32f4xx_tim.o
    0x080040a0   0x00000040   Code   RO          328    i.TimingDelay_Decrement  delay.o
    0x080040e0   0x00000048   Code   RO          658    i.UART5_IRQHandler  amt1450_uart.o
    0x08004128   0x000000bc   Code   RO          659    i.UART_GetChar      amt1450_uart.o
    0x080041e4   0x00000040   Code   RO          937    i.USART1_IRQHandler  nanocommunication.o
    0x08004224   0x000000dc   Code   RO          938    i.USART1_Init       nanocommunication.o
    0x08004300   0x00000048   Code   RO          940    i.USART1_Process    nanocommunication.o
    0x08004348   0x000001d4   Code   RO          941    i.USART1_Process_target  nanocommunication.o
    0x0800451c   0x0000003c   Code   RO          416    i.USART2_IRQHandler  btmodule.o
    0x08004558   0x000000d8   Code   RO          417    i.USART2_Init       btmodule.o
    0x08004630   0x0000001e   Code   RO         1753    i.USART_ClearITPendingBit  stm32f4xx_usart.o
    0x0800464e   0x00000018   Code   RO         1756    i.USART_Cmd         stm32f4xx_usart.o
    0x08004666   0x00000002   PAD
    0x08004668   0x00000068   Code   RO          418    i.USART_GetChar     btmodule.o
    0x080046d0   0x0000001a   Code   RO         1759    i.USART_GetFlagStatus  stm32f4xx_usart.o
    0x080046ea   0x00000054   Code   RO         1760    i.USART_GetITStatus  stm32f4xx_usart.o
    0x0800473e   0x0000004a   Code   RO         1762    i.USART_ITConfig    stm32f4xx_usart.o
    0x08004788   0x000000d4   Code   RO         1763    i.USART_Init        stm32f4xx_usart.o
    0x0800485c   0x00000016   Code   RO         1769    i.USART_OverSampling8Cmd  stm32f4xx_usart.o
    0x08004872   0x0000000a   Code   RO         1770    i.USART_ReceiveData  stm32f4xx_usart.o
    0x0800487c   0x00000008   Code   RO         1773    i.USART_SendData    stm32f4xx_usart.o
    0x08004884   0x00000004   Code   RO          211    i.UsageFault_Handler  stm32f4xx_it.o
    0x08004888   0x00000030   Code   RO         3335    i.__ARM_fpclassify  m_wm.l(fpclassify.o)
    0x080048b8   0x00000026   Code   RO         3337    i.__ARM_fpclassifyf  m_wm.l(fpclassifyf.o)
    0x080048de   0x00000002   PAD
    0x080048e0   0x00000358   Code   RO         3193    i.__hardfp_acos     m_wm.l(acos.o)
    0x08004c38   0x0000012c   Code   RO         3207    i.__hardfp_asinf    m_wm.l(asinf.o)
    0x08004d64   0x00000004   PAD
    0x08004d68   0x000002d8   Code   RO         3219    i.__hardfp_atan     m_wm.l(atan.o)
    0x08005040   0x00000160   Code   RO         3233    i.__hardfp_atanf    m_wm.l(atanf.o)
    0x080051a0   0x000000c8   Code   RO         3245    i.__hardfp_cos      m_wm.l(cos.o)
    0x08005268   0x000000c8   Code   RO         3263    i.__hardfp_sin      m_wm.l(sin.o)
    0x08005330   0x0000007a   Code   RO         3275    i.__hardfp_sqrt     m_wm.l(sqrt.o)
    0x080053aa   0x00000006   PAD
    0x080053b0   0x00000438   Code   RO         3355    i.__ieee754_rem_pio2  m_wm.l(rred.o)
    0x080057e8   0x00000170   Code   RO         3318    i.__kernel_cos      m_wm.l(cos_i.o)
    0x08005958   0x000000f8   Code   RO         3353    i.__kernel_poly     m_wm.l(poly.o)
    0x08005a50   0x00000130   Code   RO         3360    i.__kernel_sin      m_wm.l(sin_i.o)
    0x08005b80   0x00000014   Code   RO         3322    i.__mathlib_dbl_infnan  m_wm.l(dunder.o)
    0x08005b94   0x00000004   PAD
    0x08005b98   0x00000020   Code   RO         3324    i.__mathlib_dbl_invalid  m_wm.l(dunder.o)
    0x08005bb8   0x00000020   Code   RO         3327    i.__mathlib_dbl_underflow  m_wm.l(dunder.o)
    0x08005bd8   0x00000006   Code   RO         3340    i.__mathlib_flt_infnan  m_wm.l(funder.o)
    0x08005bde   0x00000002   PAD
    0x08005be0   0x00000010   Code   RO         3342    i.__mathlib_flt_invalid  m_wm.l(funder.o)
    0x08005bf0   0x00000010   Code   RO         3345    i.__mathlib_flt_underflow  m_wm.l(funder.o)
    0x08005c00   0x0000000e   Code   RO         3136    i._is_digit         c_w.l(__printf_wp.o)
    0x08005c0e   0x00000026   Code   RO         3025    i._sys_close        retarget_io.o
    0x08005c34   0x00000024   Code   RO         3026    i._sys_flen         retarget_io.o
    0x08005c58   0x00000024   Code   RO         3027    i._sys_istty        retarget_io.o
    0x08005c7c   0x00000068   Code   RO         3028    i._sys_open         retarget_io.o
    0x08005ce4   0x0000002c   Code   RO         3030    i._sys_seek         retarget_io.o
    0x08005d10   0x00000058   Code   RO         3031    i._sys_write        retarget_io.o
    0x08005d68   0x0000002c   Code   RO          661    i.check_SUM         amt1450_uart.o
    0x08005d94   0x00000018   Code   RO         3259    i.fabs              m_wm.l(fabs.o)
    0x08005dac   0x00000024   Code   RO          421    i.fputc             btmodule.o
    0x08005dd0   0x000000e4   Code   RO          663    i.init_AMT1450_UART  amt1450_uart.o
    0x08005eb4   0x000000d0   Code   RO            8    i.main              main.o
    0x08005f84   0x00000060   Code   RO          759    i.s_PIDInit         pid.o
    0x08005fe4   0x0000006e   Code   RO         3277    i.sqrt              m_wm.l(sqrt.o)
    0x08006052   0x0000003e   Code   RO         3368    i.sqrtf             m_wm.l(sqrtf.o)
    0x08006090   0x00000004   Code   RO         3032    i.stderr_putchar    retarget_io.o
    0x08006094   0x00000008   Code   RO          487    i.stdout_putchar    stdout_user.o
    0x0800609c   0x0000002c   Code   RO         3443    locale$$code        c_w.l(lc_numeric_c.o)
    0x080060c8   0x00000018   Code   RO         3303    x$fpl$basic         fz_wm.l(basic.o)
    0x080060e0   0x00000062   Code   RO         3159    x$fpl$d2f           fz_wm.l(d2f.o)
    0x08006142   0x00000002   PAD
    0x08006144   0x00000150   Code   RO         3161    x$fpl$dadd          fz_wm.l(daddsub_clz.o)
    0x08006294   0x00000018   Code   RO         3305    x$fpl$dcmpinf       fz_wm.l(dcmpi.o)
    0x080062ac   0x000002b0   Code   RO         3168    x$fpl$ddiv          fz_wm.l(ddiv.o)
    0x0800655c   0x00000078   Code   RO         3171    x$fpl$deqf          fz_wm.l(deqf.o)
    0x080065d4   0x0000005e   Code   RO         3173    x$fpl$dfix          fz_wm.l(dfix.o)
    0x08006632   0x0000002e   Code   RO         3178    x$fpl$dflt          fz_wm.l(dflt_clz.o)
    0x08006660   0x00000026   Code   RO         3177    x$fpl$dfltu         fz_wm.l(dflt_clz.o)
    0x08006686   0x00000002   PAD
    0x08006688   0x00000154   Code   RO         3185    x$fpl$dmul          fz_wm.l(dmul.o)
    0x080067dc   0x0000009c   Code   RO         3307    x$fpl$dnaninf       fz_wm.l(dnaninf.o)
    0x08006878   0x0000000c   Code   RO         3309    x$fpl$dretinf       fz_wm.l(dretinf.o)
    0x08006884   0x00000016   Code   RO         3162    x$fpl$drsb          fz_wm.l(daddsub_clz.o)
    0x0800689a   0x00000002   PAD
    0x0800689c   0x00000198   Code   RO         3311    x$fpl$dsqrt         fz_wm.l(dsqrt_umaal.o)
    0x08006a34   0x000001d4   Code   RO         3163    x$fpl$dsub          fz_wm.l(daddsub_clz.o)
    0x08006c08   0x00000056   Code   RO         3189    x$fpl$f2d           fz_wm.l(f2d.o)
    0x08006c5e   0x0000008c   Code   RO         3313    x$fpl$fnaninf       fz_wm.l(fnaninf.o)
    0x08006cea   0x0000000a   Code   RO         3637    x$fpl$fpinit        fz_wm.l(fpinit.o)
    0x08006cf4   0x0000000a   Code   RO         3315    x$fpl$fretinf       fz_wm.l(fretinf.o)
    0x08006cfe   0x00000004   Code   RO         3191    x$fpl$printf1       fz_wm.l(printf1.o)
    0x08006d02   0x00000000   Code   RO         3317    x$fpl$usenofp       fz_wm.l(usenofp.o)
    0x08006d02   0x00000017   Data   RO         3034    .constdata          retarget_io.o
    0x08006d19   0x00000007   PAD
    0x08006d20   0x00000050   Data   RO         3196    .constdata          m_wm.l(acos.o)
    0x08006d70   0x00000098   Data   RO         3222    .constdata          m_wm.l(atan.o)
    0x08006e08   0x00000030   Data   RO         3319    .constdata          m_wm.l(cos_i.o)
    0x08006e38   0x000000c8   Data   RO         3357    .constdata          m_wm.l(rred.o)
    0x08006f00   0x00000028   Data   RO         3361    .constdata          m_wm.l(sin_i.o)
    0x08006f28   0x00000094   Data   RO         3410    .constdata          c_w.l(bigflt0.o)
    0x08006fbc   0x00000020   Data   RO         3713    Region$$Table       anon$$obj.o
    0x08006fdc   0x0000001c   Data   RO         3442    locale$$data        c_w.l(lc_numeric_c.o)


    Execution Region RW_IRAM1 (Base: 0x20000000, Size: 0x00001480, Max: 0x00020000, ABSOLUTE)

    Base Addr    Size         Type   Attr      Idx    E Section Name        Object

    0x20000000   0x0000000c   Data   RW            9    .data               main.o
    0x2000000c   0x00000002   Data   RW          212    .data               stm32f4xx_it.o
    0x2000000e   0x00000002   PAD
    0x20000010   0x00000014   Data   RW          288    .data               system_stm32f4xx.o
    0x20000024   0x0000000d   Data   RW          330    .data               delay.o
    0x20000031   0x00000002   Data   RW          424    .data               btmodule.o
    0x20000033   0x00000001   PAD
    0x20000034   0x00000008   Data   RW          511    .data               motordriver.o
    0x2000003c   0x0000006a   Data   RW          598    .data               motorcontroller.o
    0x200000a6   0x00000002   Data   RW          943    .data               nanocommunication.o
    0x200000a8   0x00000011   Data   RW         1004    .data               armsolution.o
    0x200000b9   0x00000010   Data   RW         1365    .data               stm32f4xx_rcc.o
    0x200000c9   0x00000003   PAD
    0x200000cc   0x00000004   Data   RW         3300    .data               c_w.l(stdio_streams.o)
    0x200000d0   0x00000004   Data   RW         3301    .data               c_w.l(stdio_streams.o)
    0x200000d4   0x00000004   Data   RW         3302    .data               c_w.l(stdio_streams.o)
    0x200000d8   0x00000009   Zero   RW          423    .bss                btmodule.o
    0x200000e1   0x00000013   Zero   RW          664    .bss                amt1450_uart.o
    0x200000f4   0x00000030   Zero   RW         1003    .bss                armsolution.o
    0x20000124   0x00000054   Zero   RW         3297    .bss                c_w.l(stdio_streams.o)
    0x20000178   0x00000054   Zero   RW         3298    .bss                c_w.l(stdio_streams.o)
    0x200001cc   0x00000054   Zero   RW         3299    .bss                c_w.l(stdio_streams.o)
    0x20000220   0x00000060   Zero   RW         3448    .bss                c_w.l(libspace.o)
    0x20000280   0x00000200   Zero   RW         1057    HEAP                startup_stm32f40_41xxx.o
    0x20000480   0x00001000   Zero   RW         1056    STACK               startup_stm32f40_41xxx.o


==============================================================================

Image component sizes


      Code (inc. data)   RO Data    RW Data    ZI Data      Debug   Object Name

       564         30          0          0         19       3835   amt1450_uart.o
      4412        528          0         17         48      11052   armsolution.o
       416         32          0          2          9       4902   btmodule.o
       110         16          0         13          0       2134   delay.o
       192         12          0          0          0       1210   keyled.o
       580        116          0         12          0     322588   main.o
       140         24          0          0          0       1751   misc.o
      1796        194          0        106          0       5147   motorcontroller.o
       476         64          0          8          0       3672   motordriver.o
       824        118          0          2          0       3625   nanocommunication.o
        96         22          0          0          0       1500   pid.o
       350         24         23          0          0       6315   retarget_io.o
        64         26        392          0       4608        948   startup_stm32f40_41xxx.o
         8          0          0          0          0        541   stdout_user.o
       222          0          0          0          0       3215   stm32f4xx_gpio.o
        76         10          0          2          0       4483   stm32f4xx_it.o
       324         32          0         16          0       5035   stm32f4xx_rcc.o
       900         66          0          0          0      11197   stm32f4xx_tim.o
       490          8          0          0          0       7376   stm32f4xx_usart.o
       340         32          0         20          0       1861   system_stm32f4xx.o
        80         10          0          0          0        562   tcrt5000.o

    ----------------------------------------------------------------------
     12482       1364        454        204       4684     402949   Object Totals
         0          0         32          0          0          0   (incl. Generated)
        22          0          7          6          0          0   (incl. Padding)

    ----------------------------------------------------------------------

      Code (inc. data)   RO Data    RW Data    ZI Data      Debug   Library Member Name

         8          0          0          0          0         68   __main.o
       352          0          0          0          0         88   __printf_ss_wp.o
        14          0          0          0          0         68   __printf_wp.o
         0          0          0          0          0          0   __rtentry.o
        12          0          0          0          0          0   __rtentry2.o
         6          0          0          0          0          0   __rtentry4.o
        52          8          0          0          0          0   __scatter.o
        26          0          0          0          0          0   __scatter_copy.o
        28          0          0          0          0          0   __scatter_zi.o
        48          6          0          0          0         96   _printf_char_common.o
        36          4          0          0          0         80   _printf_char_file.o
         6          0          0          0          0          0   _printf_d.o
       120         16          0          0          0         92   _printf_dec.o
         6          0          0          0          0          0   _printf_f.o
      1050          0          0          0          0        216   _printf_fp_dec.o
       128         16          0          0          0         84   _printf_fp_infnan.o
       178          0          0          0          0         88   _printf_intcommon.o
         0          0          0          0          0          0   _printf_percent.o
         4          0          0          0          0          0   _printf_percent_end.o
        22          0          0          0          0        100   _rserrno.o
       220          4        148          0          0         96   bigflt0.o
      1910        128          0          0          0        672   btod.o
        10          0          0          0          0         68   defsig_exit.o
        50          0          0          0          0         88   defsig_general.o
        80         58          0          0          0         76   defsig_rtmem_inner.o
        14          0          0          0          0         80   defsig_rtmem_outer.o
        52         38          0          0          0         76   defsig_rtred_inner.o
        14          0          0          0          0         80   defsig_rtred_outer.o
        18          0          0          0          0         80   exit.o
        76          0          0          0          0         88   fclose.o
         8          0          0          0          0         68   ferror.o
       236          4          0          0          0        128   fopen.o
       248          6          0          0          0         84   fseek.o
        66          0          0          0          0         76   ftell.o
        94          0          0          0          0         80   h1_alloc.o
        52          0          0          0          0         68   h1_extend.o
        78          0          0          0          0         80   h1_free.o
        14          0          0          0          0         84   h1_init.o
         6          0          0          0          0        152   heapauxi.o
         4          0          0          0          0        136   hguard.o
         0          0          0          0          0          0   indicate_semi.o
       138          0          0          0          0        168   init_alloc.o
       312         46          0          0          0        112   initio.o
        44         10         28          0          0         76   lc_numeric_c.o
         2          0          0          0          0          0   libinit.o
        34          0          0          0          0          0   libinit2.o
         2          0          0          0          0          0   libshutdown.o
         6          0          0          0          0          0   libshutdown2.o
         8          4          0          0         96         68   libspace.o
       138          0          0          0          0         80   lludiv10.o
         0          0          0          0          0          0   maybetermalloc1.o
        24          4          0          0          0         84   noretval__2printf.o
         8          4          0          0          0         68   rt_errno_addr_intlibspace.o
         8          4          0          0          0         68   rt_heap_descriptor_intlibspace.o
         8          4          0          0          0         68   rt_locale_intlibspace.o
        78          0          0          0          0         80   rt_memclr_w.o
         2          0          0          0          0          0   rtexit.o
        10          0          0          0          0          0   rtexit2.o
        70          0          0          0          0         80   setvbuf.o
       240          6          0          0          0        156   stdio.o
         0          0          0         12        252          0   stdio_streams.o
       128          0          0          0          0         68   strcmpv7m.o
        12          4          0          0          0         68   sys_exit.o
        74          0          0          0          0         80   sys_stackheap_outer.o
        14          0          0          0          0         76   sys_wrch.o
         2          0          0          0          0         68   use_no_semi.o
        24          0          0          0          0        164   basic.o
        98          4          0          0          0        140   d2f.o
       826         16          0          0          0        492   daddsub_clz.o
        24          0          0          0          0        116   dcmpi.o
       688        140          0          0          0        256   ddiv.o
       120          4          0          0          0        140   deqf.o
        94          4          0          0          0        140   dfix.o
        84          0          0          0          0        232   dflt_clz.o
       340         12          0          0          0        152   dmul.o
       156          4          0          0          0        140   dnaninf.o
        12          0          0          0          0        116   dretinf.o
       408         56          0          0          0        168   dsqrt_umaal.o
        86          4          0          0          0        132   f2d.o
       140          4          0          0          0        132   fnaninf.o
        10          0          0          0          0        116   fpinit.o
        10          0          0          0          0        116   fretinf.o
         4          0          0          0          0        116   printf1.o
         0          0          0          0          0          0   usenofp.o
       856        118         80          0          0        288   acos.o
       300         42          0          0          0        176   asinf.o
       728        106        152          0          0        228   atan.o
       352         56          0          0          0        172   atanf.o
       200         20          0          0          0        164   cos.o
       368         46         48          0          0        200   cos_i.o
        84         16          0          0          0        372   dunder.o
        24          0          0          0          0        124   fabs.o
        48          0          0          0          0        124   fpclassify.o
        38          0          0          0          0        116   fpclassifyf.o
        38         12          0          0          0        348   funder.o
       248          0          0          0          0        152   poly.o
      1080        142        200          0          0        188   rred.o
       200         20          0          0          0        164   sin.o
       304         24         40          0          0        208   sin_i.o
       232          0          0          0          0        296   sqrt.o
        62          0          0          0          0        136   sqrtf.o

    ----------------------------------------------------------------------
     15032       1228        696         12        348      11132   Library Totals
        38          4          0          0          0          0   (incl. Padding)

    ----------------------------------------------------------------------

      Code (inc. data)   RO Data    RW Data    ZI Data      Debug   Library Name

      6708        374        176         12        348       4808   c_w.l
      3124        248          0          0          0       2868   fz_wm.l
      5162        602        520          0          0       3456   m_wm.l

    ----------------------------------------------------------------------
     15032       1228        696         12        348      11132   Library Totals

    ----------------------------------------------------------------------

==============================================================================


      Code (inc. data)   RO Data    RW Data    ZI Data      Debug   

     27514       2592       1150        216       5032     398877   Grand Totals
     27514       2592       1150        216       5032     398877   ELF Image Totals
     27514       2592       1150        216          0          0   ROM Totals

==============================================================================

    Total RO  Size (Code + RO Data)                28664 (  27.99kB)
    Total RW  Size (RW Data + ZI Data)              5248 (   5.13kB)
    Total ROM Size (Code + RO Data + RW Data)      28880 (  28.20kB)

==============================================================================

