Component: ARM Compiler 5.06 update 4 (build 422) Tool: armlink [4d35d2]

==============================================================================

Section Cross References

    main.o(i.Arm_test) refers to armsolution.o(i.Arm_Grab) for Arm_Grab
    main.o(i.Arm_test) refers to armsolution.o(i.SetServoAngle) for SetServoAngle
    main.o(i.Arm_test) refers to nanocommunication.o(.data) for car_flag
    main.o(i.Arm_test) refers to delay.o(.data) for b10msFlag
    main.o(i.Arm_test) refers to main.o(.data) for n10msCount
    main.o(i.GPIO_Config) refers to stm32f4xx_rcc.o(i.RCC_AHB1PeriphClockCmd) for RCC_AHB1PeriphClockCmd
    main.o(i.GPIO_Config) refers to stm32f4xx_gpio.o(i.GPIO_Init) for GPIO_Init
    main.o(i.NVIC_Configuration) refers to misc.o(i.NVIC_PriorityGroupConfig) for NVIC_PriorityGroupConfig
    main.o(i.NVIC_Configuration) refers to system_stm32f4xx.o(.data) for SystemCoreClock
    main.o(i.System_Clock) refers to stm32f4xx_gpio.o(i.GPIO_ResetBits) for GPIO_ResetBits
    main.o(i.System_Clock) refers to stm32f4xx_gpio.o(i.GPIO_SetBits) for GPIO_SetBits
    main.o(i.System_Clock) refers to delay.o(.data) for b10msFlag
    main.o(i.System_Clock) refers to main.o(.data) for n10msCount
    main.o(i.get_runto_Grab) refers to pid.o(i.TurnBY_PID) for TurnBY_PID
    main.o(i.get_runto_Grab) refers to pid.o(i.Straight_go) for Straight_go
    main.o(i.get_runto_Grab) refers to motorcontroller.o(i.MotorController_SetSpeed) for MotorController_SetSpeed
    main.o(i.get_runto_Grab) refers to delay.o(i.Delay_ms) for Delay_ms
    main.o(i.get_runto_Grab) refers to armsolution.o(i.Arm_Grab) for Arm_Grab
    main.o(i.get_runto_Grab) refers to pid.o(i.Straight_back_mm) for Straight_back_mm
    main.o(i.get_runto_Grab) refers to nanocommunication.o(.data) for car_flag
    main.o(i.get_runto_Grab) refers to armsolution.o(.data) for Object_pos_index
    main.o(i.main) refers to main.o(i.GPIO_Config) for GPIO_Config
    main.o(i.main) refers to main.o(i.NVIC_Configuration) for NVIC_Configuration
    main.o(i.main) refers to keyled.o(i.Led_Init) for Led_Init
    main.o(i.main) refers to keyled.o(i.Key_Init) for Key_Init
    main.o(i.main) refers to amt1450_uart.o(i.init_AMT1450_UART) for init_AMT1450_UART
    main.o(i.main) refers to btmodule.o(i.USART2_Init) for USART2_Init
    main.o(i.main) refers to nanocommunication.o(i.USART1_Init) for USART1_Init
    main.o(i.main) refers to tcrt5000.o(i.TCRT5000_config) for TCRT5000_config
    main.o(i.main) refers to delay.o(i.Delay_ms) for Delay_ms
    main.o(i.main) refers to noretval__2printf.o(.text) for __2printf
    main.o(i.main) refers to keyled.o(i.Key_Released) for Key_Released
    main.o(i.main) refers to amt1450_uart.o(i.AMT1450_UART_Cmd) for AMT1450_UART_Cmd
    main.o(i.main) refers to motordriver.o(i.MotorDriver_Init) for MotorDriver_Init
    main.o(i.main) refers to motordriver.o(i.MotorDriver_Start) for MotorDriver_Start
    main.o(i.main) refers to motordriver.o(i.Encoder_Init) for Encoder_Init
    main.o(i.main) refers to motorcontroller.o(i.MotorController_Init) for MotorController_Init
    main.o(i.main) refers to motorcontroller.o(i.MotorController_Enable) for MotorController_Enable
    main.o(i.main) refers to motorcontroller.o(i.MotorController_SetAcceleration) for MotorController_SetAcceleration
    main.o(i.main) refers to armsolution.o(i.ArmDriver_Init) for ArmDriver_Init
    main.o(i.main) refers to pid.o(i.s_PIDInit) for s_PIDInit
    main.o(i.main) refers to armsolution.o(i.SetServoAngle) for SetServoAngle
    main.o(i.main) refers to armsolution.o(i.ArmSolution) for ArmSolution
    main.o(i.main) refers to motorcontroller.o(i.MotorController_SetSpeed) for MotorController_SetSpeed
    main.o(i.main) refers to pid.o(i.Crossing_Detection) for Crossing_Detection
    main.o(i.main) refers to pid.o(i.Map_Action) for Map_Action
    main.o(i.main) refers to pid.o(i.Follow_PID) for Follow_PID
    main.o(i.main) refers to main.o(i.get_runto_Grab) for get_runto_Grab
    main.o(i.main) refers to main.o(i.System_Clock) for System_Clock
    main.o(i.main) refers to main.o(.data) for n100msCount
    main.o(i.main) refers to nanocommunication.o(.data) for car_flag
    main.o(i.main) refers to pid.o(.data) for line_position
    stm32f4xx_it.o(i.SysTick_Handler) refers to delay.o(i.TimingDelay_Decrement) for TimingDelay_Decrement
    stm32f4xx_it.o(i.SysTick_Handler) refers to stm32f4xx_it.o(.data) for nTickCount
    stm32f4xx_it.o(i.SysTick_Handler) refers to delay.o(.data) for b10msFlag
    system_stm32f4xx.o(i.SystemCoreClockUpdate) refers to system_stm32f4xx.o(.data) for SystemCoreClock
    system_stm32f4xx.o(i.SystemInit) refers to system_stm32f4xx.o(i.SetSysClock) for SetSysClock
    delay.o(i.Delay_10us) refers to delay.o(.data) for TimingDelay
    delay.o(i.Delay_ms) refers to delay.o(i.Delay_10us) for Delay_10us
    delay.o(i.TimingDelay_Decrement) refers to delay.o(.data) for TimingDelay
[...]
    .bss                                     0x200000fc   Section        9  btmodule.o(.bss)
    .bss                                     0x20000105   Section       19  amt1450_uart.o(.bss)
    .bss                                     0x20000118   Section       48  armsolution.o(.bss)
    .bss                                     0x20000148   Section       84  stdio_streams.o(.bss)
    .bss                                     0x2000019c   Section       84  stdio_streams.o(.bss)
    .bss                                     0x200001f0   Section       84  stdio_streams.o(.bss)
    .bss                                     0x20000244   Section       96  libspace.o(.bss)
    HEAP                                     0x200002a8   Section      512  startup_stm32f40_41xxx.o(HEAP)
    Heap_Mem                                 0x200002a8   Data         512  startup_stm32f40_41xxx.o(HEAP)
    STACK                                    0x200004a8   Section     4096  startup_stm32f40_41xxx.o(STACK)
    Stack_Mem                                0x200004a8   Data        4096  startup_stm32f40_41xxx.o(STACK)
    __initial_sp                             0x200014a8   Data           0  startup_stm32f40_41xxx.o(STACK)

    Global Symbols

    Symbol Name                              Value     Ov Type        Size  Object(Section)

    BuildAttributes$$THM_ISAv4$E$P$D$K$B$S$7EM$VFPi3$EXTD16$VFPS$VFMA$PE$A:L22UL41UL21$X:L11$S22US41US21$IEEE1$IW$USESV6$~STKCKD$USESV7$~SHL$OTIME$ROPI$IEEEX$EBA8$UX$STANDARDLIB$REQ8$PRES8$EABIv2 0x00000000   Number         0  anon$$obj.o ABSOLUTE
    __ARM_use_no_argv                        0x00000000   Number         0  main.o ABSOLUTE
    __ARM_exceptions_init                     - Undefined Weak Reference
    __alloca_initialize                       - Undefined Weak Reference
    __arm_preinit_                            - Undefined Weak Reference
    __cpp_initialize__aeabi_                  - Undefined Weak Reference
    __cxa_finalize                            - Undefined Weak Reference
    __rt_locale                               - Undefined Weak Reference
    __sigvec_lookup                           - Undefined Weak Reference
    __user_heap_extent                        - Undefined Weak Reference
    _atexit_init                              - Undefined Weak Reference
    _call_atexit_fns                          - Undefined Weak Reference
    _clock_init                               - Undefined Weak Reference
    _fp_trap_init                             - Undefined Weak Reference
    _fp_trap_shutdown                         - Undefined Weak Reference
    _get_lc_collate                           - Undefined Weak Reference
    _get_lc_ctype                             - Undefined Weak Reference
    _get_lc_monetary                          - Undefined Weak Reference
    _get_lc_numeric                           - Undefined Weak Reference
    _get_lc_time                              - Undefined Weak Reference
    _getenv_init                              - Undefined Weak Reference
    _handle_redirection                       - Undefined Weak Reference
    _mutex_acquire                            - Undefined Weak Reference
    _mutex_free                               - Undefined Weak Reference
    _mutex_release                            - Undefined Weak Reference
    _printf_mbtowc                            - Undefined Weak Reference
    _printf_post_padding                      - Undefined Weak Reference
    _printf_pre_padding                       - Undefined Weak Reference
    _printf_truncate_signed                   - Undefined Weak Reference
    _printf_truncate_unsigned                 - Undefined Weak Reference
    _rand_init                                - Undefined Weak Reference
    _signal_finish                            - Undefined Weak Reference
    _signal_init                              - Undefined Weak Reference
    __Vectors_Size                           0x00000188   Number         0  startup_stm32f40_41xxx.o ABSOLUTE
    __Vectors                                0x08000000   Data           4  startup_stm32f40_41xxx.o(RESET)
    __Vectors_End                            0x08000188   Data           0  startup_stm32f40_41xxx.o(RESET)
    __main                                   0x08000189   Thumb Code     8  __main.o(!!!main)
    __scatterload                            0x08000191   Thumb Code     0  __scatter.o(!!!scatter)
    __scatterload_rt2                        0x08000191   Thumb Code    44  __scatter.o(!!!scatter)
    __scatterload_rt2_thumb_only             0x08000191   Thumb Code     0  __scatter.o(!!!scatter)
    __scatterload_null                       0x0800019f   Thumb Code     0  __scatter.o(!!!scatter)
    __scatterload_copy                       0x080001c5   Thumb Code    26  __scatter_copy.o(!!handler_copy)
    __scatterload_zeroinit                   0x080001e1   Thumb Code    28  __scatter_zi.o(!!handler_zi)
    _printf_d                                0x080001fd   Thumb Code     0  _printf_d.o(.ARM.Collect$$_printf_percent$$00000009)
    _printf_percent                          0x080001fd   Thumb Code     0  _printf_percent.o(.ARM.Collect$$_printf_percent$$00000000)
    _printf_s                                0x08000203   Thumb Code     0  _printf_s.o(.ARM.Collect$$_printf_percent$$00000014)
    _printf_percent_end                      0x08000209   Thumb Code     0  _printf_percent_end.o(.ARM.Collect$$_printf_percent$$00000017)
    __rt_lib_init                            0x0800020d   Thumb Code     0  libinit.o(.ARM.Collect$$libinit$$00000000)
    __rt_lib_init_fp_1                       0x0800020f   Thumb Code     0  libinit2.o(.ARM.Collect$$libinit$$00000001)
    __rt_lib_init_heap_2                     0x08000213   Thumb Code     0  libinit2.o(.ARM.Collect$$libinit$$00000005)
    __rt_lib_init_preinit_1                  0x08000213   Thumb Code     0  libinit2.o(.ARM.Collect$$libinit$$00000004)
    __rt_lib_init_atexit_1                   0x0800021b   Thumb Code     0  libinit2.o(.ARM.Collect$$libinit$$0000001B)
    __rt_lib_init_clock_1                    0x0800021b   Thumb Code     0  libinit2.o(.ARM.Collect$$libinit$$00000021)
    __rt_lib_init_fp_trap_1                  0x0800021b   Thumb Code     0  libinit2.o(.ARM.Collect$$libinit$$0000001F)
    __rt_lib_init_getenv_1                   0x0800021b   Thumb Code     0  libinit2.o(.ARM.Collect$$libinit$$00000023)
    __rt_lib_init_heap_1                     0x0800021b   Thumb Code     0  libinit2.o(.ARM.Collect$$libinit$$0000000A)
    __rt_lib_init_lc_collate_1               0x0800021b   Thumb Code     0  libinit2.o(.ARM.Collect$$libinit$$00000011)
    __rt_lib_init_lc_ctype_1                 0x0800021b   Thumb Code     0  libinit2.o(.ARM.Collect$$libinit$$00000013)
    __rt_lib_init_lc_monetary_1              0x0800021b   Thumb Code     0  libinit2.o(.ARM.Collect$$libinit$$00000015)
    __rt_lib_init_lc_numeric_1               0x0800021b   Thumb Code     0  libinit2.o(.ARM.Collect$$libinit$$00000017)
    __rt_lib_init_lc_time_1                  0x0800021b   Thumb Code     0  libinit2.o(.ARM.Collect$$libinit$$00000019)
    __rt_lib_init_rand_1                     0x0800021b   Thumb Code     0  libinit2.o(.ARM.Collect$$libinit$$0000000E)
    __rt_lib_init_signal_1                   0x0800021b   Thumb Code     0  libinit2.o(.ARM.Collect$$libinit$$0000001D)
    __rt_lib_init_stdio_2                    0x0800021b   Thumb Code     0  libinit2.o(.ARM.Collect$$libinit$$00000024)
    __rt_lib_init_user_alloc_1               0x0800021b   Thumb Code     0  libinit2.o(.ARM.Collect$$libinit$$0000000C)
    __rt_lib_init_alloca_1                   0x0800021f   Thumb Code     0  libinit2.o(.ARM.Collect$$libinit$$0000002E)
    __rt_lib_init_argv_1                     0x0800021f   Thumb Code     0  libinit2.o(.ARM.Collect$$libinit$$0000002C)
    __rt_lib_init_cpp_1                      0x0800021f   Thumb Code     0  libinit2.o(.ARM.Collect$$libinit$$00000032)
    __rt_lib_init_exceptions_1               0x0800021f   Thumb Code     0  libinit2.o(.ARM.Collect$$libinit$$00000030)
    __rt_lib_init_return                     0x0800021f   Thumb Code     0  libinit2.o(.ARM.Collect$$libinit$$00000033)
    __rt_lib_init_stdio_1                    0x0800021f   Thumb Code     0  libinit2.o(.ARM.Collect$$libinit$$00000025)
    __rt_lib_shutdown                        0x08000221   Thumb Code     0  libshutdown.o(.ARM.Collect$$libshutdown$$00000000)
    __rt_lib_shutdown_cpp_1                  0x08000223   Thumb Code     0  libshutdown2.o(.ARM.Collect$$libshutdown$$00000002)
    __rt_lib_shutdown_stdio_2                0x08000223   Thumb Code     0  libshutdown2.o(.ARM.Collect$$libshutdown$$00000003)
    __rt_lib_shutdown_fp_trap_1              0x08000227   Thumb Code     0  libshutdown2.o(.ARM.Collect$$libshutdown$$00000007)
    __rt_lib_shutdown_heap_1                 0x08000227   Thumb Code     0  libshutdown2.o(.ARM.Collect$$libshutdown$$0000000F)
    __rt_lib_shutdown_return                 0x08000227   Thumb Code     0  libshutdown2.o(.ARM.Collect$$libshutdown$$00000010)
    __rt_lib_shutdown_signal_1               0x08000227   Thumb Code     0  libshutdown2.o(.ARM.Collect$$libshutdown$$0000000A)
    __rt_lib_shutdown_stdio_1                0x08000227   Thumb Code     0  libshutdown2.o(.ARM.Collect$$libshutdown$$00000004)
    __rt_lib_shutdown_user_alloc_1           0x08000227   Thumb Code     0  libshutdown2.o(.ARM.Collect$$libshutdown$$0000000C)
    __rt_entry                               0x08000229   Thumb Code     0  __rtentry.o(.ARM.Collect$$rtentry$$00000000)
    __rt_entry_presh_1                       0x08000229   Thumb Code     0  __rtentry2.o(.ARM.Collect$$rtentry$$00000002)
    __rt_entry_sh                            0x08000229   Thumb Code     0  __rtentry4.o(.ARM.Collect$$rtentry$$00000004)
    __rt_entry_li                            0x0800022f   Thumb Code     0  __rtentry2.o(.ARM.Collect$$rtentry$$0000000A)
    __rt_entry_postsh_1                      0x0800022f   Thumb Code     0  __rtentry2.o(.ARM.Collect$$rtentry$$00000009)
    __rt_entry_main                          0x08000233   Thumb Code     0  __rtentry2.o(.ARM.Collect$$rtentry$$0000000D)
    __rt_entry_postli_1                      0x08000233   Thumb Code     0  __rtentry2.o(.ARM.Collect$$rtentry$$0000000C)
    __rt_exit                                0x0800023b   Thumb Code     0  rtexit.o(.ARM.Collect$$rtexit$$00000000)
    __rt_exit_ls                             0x0800023d   Thumb Code     0  rtexit2.o(.ARM.Collect$$rtexit$$00000003)
    __rt_exit_prels_1                        0x0800023d   Thumb Code     0  rtexit2.o(.ARM.Collect$$rtexit$$00000002)
    __rt_exit_exit                           0x08000241   Thumb Code     0  rtexit2.o(.ARM.Collect$$rtexit$$00000004)
    Reset_Handler                            0x08000249   Thumb Code     8  startup_stm32f40_41xxx.o(.text)
    _maybe_terminate_alloc                   0x08000249   Thumb Code     0  maybetermalloc1.o(.emb_text)
    ADC_IRQHandler                           0x08000263   Thumb Code     0  startup_stm32f40_41xxx.o(.text)
    CAN1_RX0_IRQHandler                      0x08000263   Thumb Code     0  startup_stm32f40_41xxx.o(.text)
    CAN1_RX1_IRQHandler                      0x08000263   Thumb Code     0  startup_stm32f40_41xxx.o(.text)
    CAN1_SCE_IRQHandler                      0x08000263   Thumb Code     0  startup_stm32f40_41xxx.o(.text)
    CAN1_TX_IRQHandler                       0x08000263   Thumb Code     0  startup_stm32f40_41xxx.o(.text)
    CAN2_RX0_IRQHandler                      0x08000263   Thumb Code     0  startup_stm32f40_41xxx.o(.text)
    CAN2_RX1_IRQHandler                      0x08000263   Thumb Code     0  startup_stm32f40_41xxx.o(.text)
    CAN2_SCE_IRQHandler                      0x08000263   Thumb Code     0  startup_stm32f40_41xxx.o(.text)
    CAN2_TX_IRQHandler                       0x08000263   Thumb Code     0  startup_stm32f40_41xxx.o(.text)
    CRYP_IRQHandler                          0x08000263   Thumb Code     0  startup_stm32f40_41xxx.o(.text)
    DCMI_IRQHandler                          0x08000263   Thumb Code     0  startup_stm32f40_41xxx.o(.text)
    DMA1_Stream0_IRQHandler                  0x08000263   Thumb Code     0  startup_stm32f40_41xxx.o(.text)
    DMA1_Stream1_IRQHandler                  0x08000263   Thumb Code     0  startup_stm32f40_41xxx.o(.text)
    DMA1_Stream2_IRQHandler                  0x08000263   Thumb Code     0  startup_stm32f40_41xxx.o(.text)
    DMA1_Stream3_IRQHandler                  0x08000263   Thumb Code     0  startup_stm32f40_41xxx.o(.text)
    DMA1_Stream4_IRQHandler                  0x08000263   Thumb Code     0  startup_stm32f40_41xxx.o(.text)
    DMA1_Stream5_IRQHandler                  0x08000263   Thumb Code     0  startup_stm32f40_41xxx.o(.text)
    DMA1_Stream6_IRQHandler                  0x08000263   Thumb Code     0  startup_stm32f40_41xxx.o(.text)
    DMA1_Stream7_IRQHandler                  0x08000263   Thumb Code     0  startup_stm32f40_41xxx.o(.text)
    DMA2_Stream0_IRQHandler                  0x08000263   Thumb Code     0  startup_stm32f40_41xxx.o(.text)
    DMA2_Stream1_IRQHandler                  0x08000263   Thumb Code     0  startup_stm32f40_41xxx.o(.text)
    DMA2_Stream2_IRQHandler                  0x08000263   Thumb Code     0  startup_stm32f40_41xxx.o(.text)
    DMA2_Stream3_IRQHandler                  0x08000263   Thumb Code     0  startup_stm32f40_41xxx.o(.text)
    DMA2_Stream4_IRQHandler                  0x08000263   Thumb Code     0  startup_stm32f40_41xxx.o(.text)
    DMA2_Stream5_IRQHandler                  0x08000263   Thumb Code     0  startup_stm32f40_41xxx.o(.text)
    DMA2_Stream6_IRQHandler                  0x08000263   Thumb Code     0  startup_stm32f40_41xxx.o(.text)
    DMA2_Stream7_IRQHandler                  0x08000263   Thumb Code     0  startup_stm32f40_41xxx.o(.text)
    ETH_IRQHandler                           0x08000263   Thumb Code     0  startup_stm32f40_41xxx.o(.text)
    ETH_WKUP_IRQHandler                      0x08000263   Thumb Code     0  startup_stm32f40_41xxx.o(.text)
    EXTI0_IRQHandler                         0x08000263   Thumb Code     0  startup_stm32f40_41xxx.o(.text)
    EXTI15_10_IRQHandler                     0x08000263   Thumb Code     0  startup_stm32f40_41xxx.o(.text)
    EXTI1_IRQHandler                         0x08000263   Thumb Code     0  startup_stm32f40_41xxx.o(.text)
    EXTI2_IRQHandler                         0x08000263   Thumb Code     0  startup_stm32f40_41xxx.o(.text)
    EXTI3_IRQHandler                         0x08000263   Thumb Code     0  startup_stm32f40_41xxx.o(.text)
    EXTI4_IRQHandler                         0x08000263   Thumb Code     0  startup_stm32f40_41xxx.o(.text)
    EXTI9_5_IRQHandler                       0x08000263   Thumb Code     0  startup_stm32f40_41xxx.o(.text)
    FLASH_IRQHandler                         0x08000263   Thumb Code     0  startup_stm32f40_41xxx.o(.text)
    FPU_IRQHandler                           0x08000263   Thumb Code     0  startup_stm32f40_41xxx.o(.text)
    FSMC_IRQHandler                          0x08000263   Thumb Code     0  startup_stm32f40_41xxx.o(.text)
    HASH_RNG_IRQHandler                      0x08000263   Thumb Code     0  startup_stm32f40_41xxx.o(.text)
    I2C1_ER_IRQHandler                       0x08000263   Thumb Code     0  startup_stm32f40_41xxx.o(.text)
    I2C1_EV_IRQHandler                       0x08000263   Thumb Code     0  startup_stm32f40_41xxx.o(.text)
    I2C2_ER_IRQHandler                       0x08000263   Thumb Code     0  startup_stm32f40_41xxx.o(.text)
    I2C2_EV_IRQHandler                       0x08000263   Thumb Code     0  startup_stm32f40_41xxx.o(.text)
    I2C3_ER_IRQHandler                       0x08000263   Thumb Code     0  startup_stm32f40_41xxx.o(.text)
    I2C3_EV_IRQHandler                       0x08000263   Thumb Code     0  startup_stm32f40_41xxx.o(.text)
    OTG_FS_IRQHandler                        0x08000263   Thumb Code     0  startup_stm32f40_41xxx.o(.text)
    OTG_FS_WKUP_IRQHandler                   0x08000263   Thumb Code     0  startup_stm32f40_41xxx.o(.text)
    OTG_HS_EP1_IN_IRQHandler                 0x08000263   Thumb Code     0  startup_stm32f40_41xxx.o(.text)
    OTG_HS_EP1_OUT_IRQHandler                0x08000263   Thumb Code     0  startup_stm32f40_41xxx.o(.text)
    OTG_HS_IRQHandler                        0x08000263   Thumb Code     0  startup_stm32f40_41xxx.o(.text)
    OTG_HS_WKUP_IRQHandler                   0x08000263   Thumb Code     0  startup_stm32f40_41xxx.o(.text)
    PVD_IRQHandler                           0x08000263   Thumb Code     0  startup_stm32f40_41xxx.o(.text)
    RCC_IRQHandler                           0x08000263   Thumb Code     0  startup_stm32f40_41xxx.o(.text)
    RTC_Alarm_IRQHandler                     0x08000263   Thumb Code     0  startup_stm32f40_41xxx.o(.text)
    RTC_WKUP_IRQHandler                      0x08000263   Thumb Code     0  startup_stm32f40_41xxx.o(.text)
    SDIO_IRQHandler                          0x08000263   Thumb Code     0  startup_stm32f40_41xxx.o(.text)
    SPI1_IRQHandler                          0x08000263   Thumb Code     0  startup_stm32f40_41xxx.o(.text)
    SPI2_IRQHandler                          0x08000263   Thumb Code     0  startup_stm32f40_41xxx.o(.text)
    SPI3_IRQHandler                          0x08000263   Thumb Code     0  startup_stm32f40_41xxx.o(.text)
    TAMP_STAMP_IRQHandler                    0x08000263   Thumb Code     0  startup_stm32f40_41xxx.o(.text)
    TIM1_BRK_TIM9_IRQHandler                 0x08000263   Thumb Code     0  startup_stm32f40_41xxx.o(.text)
    TIM1_CC_IRQHandler                       0x08000263   Thumb Code     0  startup_stm32f40_41xxx.o(.text)
    TIM1_TRG_COM_TIM11_IRQHandler            0x08000263   Thumb Code     0  startup_stm32f40_41xxx.o(.text)
    TIM1_UP_TIM10_IRQHandler                 0x08000263   Thumb Code     0  startup_stm32f40_41xxx.o(.text)
    TIM5_IRQHandler                          0x08000263   Thumb Code     0  startup_stm32f40_41xxx.o(.text)
    TIM8_BRK_TIM12_IRQHandler                0x08000263   Thumb Code     0  startup_stm32f40_41xxx.o(.text)
    TIM8_CC_IRQHandler                       0x08000263   Thumb Code     0  startup_stm32f40_41xxx.o(.text)
    TIM8_TRG_COM_TIM14_IRQHandler            0x08000263   Thumb Code     0  startup_stm32f40_41xxx.o(.text)
    UART4_IRQHandler                         0x08000263   Thumb Code     0  startup_stm32f40_41xxx.o(.text)
    USART3_IRQHandler                        0x08000263   Thumb Code     0  startup_stm32f40_41xxx.o(.text)
    USART6_IRQHandler                        0x08000263   Thumb Code     0  startup_stm32f40_41xxx.o(.text)
    WWDG_IRQHandler                          0x08000263   Thumb Code     0  startup_stm32f40_41xxx.o(.text)
    __user_initial_stackheap                 0x08000265   Thumb Code     0  startup_stm32f40_41xxx.o(.text)
    __2printf                                0x08000289   Thumb Code    20  noretval__2printf.o(.text)
    __printf                                 0x080002a1   Thumb Code   104  __printf.o(.text)
    _printf_str                              0x08000309   Thumb Code    82  _printf_str.o(.text)
    _printf_int_dec                          0x0800035d   Thumb Code   104  _printf_dec.o(.text)
    __aeabi_memcpy4                          0x080003d5   Thumb Code     0  rt_memcpy_w.o(.text)
    __aeabi_memcpy8                          0x080003d5   Thumb Code     0  rt_memcpy_w.o(.text)
    __rt_memcpy_w                            0x080003d5   Thumb Code   100  rt_memcpy_w.o(.text)
    _memcpy_lastbytes_aligned                0x0800041d   Thumb Code     0  rt_memcpy_w.o(.text)
    __aeabi_memclr4                          0x08000439   Thumb Code     0  rt_memclr_w.o(.text)
    __aeabi_memclr8                          0x08000439   Thumb Code     0  rt_memclr_w.o(.text)
    __rt_memclr_w                            0x08000439   Thumb Code    78  rt_memclr_w.o(.text)
    _memset_w                                0x0800043d   Thumb Code     0  rt_memclr_w.o(.text)
    strcmp                                   0x08000489   Thumb Code   128  strcmpv7m.o(.text)
    __use_two_region_memory                  0x08000509   Thumb Code     2  heapauxi.o(.text)
    __rt_heap_escrow                         0x0800050b   Thumb Code     2  heapauxi.o(.text)
    __rt_heap_expand                         0x0800050d   Thumb Code     2  heapauxi.o(.text)
    __read_errno                             0x0800050f   Thumb Code    10  _rserrno.o(.text)
    __set_errno                              0x08000519   Thumb Code    12  _rserrno.o(.text)
    _printf_int_common                       0x08000525   Thumb Code   178  _printf_intcommon.o(.text)
    _printf_cs_common                        0x080005d7   Thumb Code    20  _printf_char.o(.text)
    _printf_char                             0x080005eb   Thumb Code    16  _printf_char.o(.text)
    _printf_string                           0x080005fb   Thumb Code     8  _printf_char.o(.text)
    _printf_char_file                        0x08000605   Thumb Code    32  _printf_char_file.o(.text)
    __aeabi_errno_addr                       0x08000629   Thumb Code     8  rt_errno_addr_intlibspace.o(.text)
    __errno$intlibspace                      0x08000629   Thumb Code     0  rt_errno_addr_intlibspace.o(.text)
    __rt_errno_addr$intlibspace              0x08000629   Thumb Code     0  rt_errno_addr_intlibspace.o(.text)
    _printf_char_common                      0x0800063b   Thumb Code    32  _printf_char_common.o(.text)
    ferror                                   0x08000661   Thumb Code     8  ferror.o(.text)
    _initio                                  0x08000669   Thumb Code   210  initio.o(.text)
    _terminateio                             0x0800073b   Thumb Code    56  initio.o(.text)
    __user_libspace                          0x080007a1   Thumb Code     8  libspace.o(.text)
    __user_perproc_libspace                  0x080007a1   Thumb Code     0  libspace.o(.text)
    __user_perthread_libspace                0x080007a1   Thumb Code     0  libspace.o(.text)
    __user_setup_stackheap                   0x080007a9   Thumb Code    74  sys_stackheap_outer.o(.text)
    free                                     0x080007f3   Thumb Code    78  h1_free.o(.text)
    setvbuf                                  0x08000841   Thumb Code    70  setvbuf.o(.text)
    freopen                                  0x08000889   Thumb Code   158  fopen.o(.text)
    fopen                                    0x08000927   Thumb Code    74  fopen.o(.text)
    _fclose_internal                         0x08000975   Thumb Code    76  fclose.o(.text)
    fclose                                   0x08000975   Thumb Code     0  fclose.o(.text)
    exit                                     0x080009c1   Thumb Code    18  exit.o(.text)
    __rt_SIGRTRED                            0x080009d3   Thumb Code    14  defsig_rtred_outer.o(.text)
    __rt_heap_descriptor                     0x080009e1   Thumb Code     8  rt_heap_descriptor_intlibspace.o(.text)
    __use_no_heap                            0x080009e9   Thumb Code     2  hguard.o(.text)
    __heap$guard                             0x080009eb   Thumb Code     2  hguard.o(.text)
    _terminate_user_alloc                    0x080009ed   Thumb Code     2  init_alloc.o(.text)
    _init_user_alloc                         0x080009ef   Thumb Code     2  init_alloc.o(.text)
    __Heap_Full                              0x080009f1   Thumb Code    34  init_alloc.o(.text)
    __Heap_Broken                            0x08000a13   Thumb Code     6  init_alloc.o(.text)
    _init_alloc                              0x08000a19   Thumb Code    94  init_alloc.o(.text)
    malloc                                   0x08000a77   Thumb Code    94  h1_alloc.o(.text)
    _fseek                                   0x08000ad5   Thumb Code   242  fseek.o(.text)
    fseek                                    0x08000ad5   Thumb Code     0  fseek.o(.text)
    _seterr                                  0x08000bcd   Thumb Code    20  stdio.o(.text)
    _writebuf                                0x08000be1   Thumb Code    84  stdio.o(.text)
    _fflush                                  0x08000c35   Thumb Code    70  stdio.o(.text)
    _deferredlazyseek                        0x08000c7b   Thumb Code    60  stdio.o(.text)
    __sig_exit                               0x08000cbd   Thumb Code    10  defsig_exit.o(.text)
    __rt_SIGRTRED_inner                      0x08000cc9   Thumb Code    14  defsig_rtred_inner.o(.text)
    _sys_exit                                0x08000cfd   Thumb Code     8  sys_exit.o(.text)
    __Heap_Initialize                        0x08000d09   Thumb Code    10  h1_init.o(.text)
    __Heap_DescSize                          0x08000d13   Thumb Code     4  h1_init.o(.text)
    __Heap_ProvideMemory                     0x08000d17   Thumb Code    52  h1_extend.o(.text)
    _ftell_internal                          0x08000d4b   Thumb Code    66  ftell.o(.text)
    ftell                                    0x08000d4b   Thumb Code     0  ftell.o(.text)
    __default_signal_display                 0x08000d8d   Thumb Code    50  defsig_general.o(.text)
    __rt_SIGRTMEM                            0x08000dbf   Thumb Code    14  defsig_rtmem_outer.o(.text)
    _ttywrch                                 0x08000dcd   Thumb Code    14  sys_wrch.o(.text)
    __I$use$semihosting                      0x08000ddb   Thumb Code     0  use_no_semi.o(.text)
    __use_no_semihosting_swi                 0x08000ddb   Thumb Code     2  use_no_semi.o(.text)
    __rt_SIGRTMEM_inner                      0x08000ddd   Thumb Code    22  defsig_rtmem_inner.o(.text)
    __semihosting_library_function           0x08000ddd   Thumb Code     0  indicate_semi.o(.text)
    AMT1450_UART_Cmd                         0x08000e2d   Thumb Code    26  amt1450_uart.o(i.AMT1450_UART_Cmd)
    ArmDriver_Init                           0x08000e4d   Thumb Code   636  armsolution.o(i.ArmDriver_Init)
    ArmSolution                              0x080010e5   Thumb Code  1650  armsolution.o(i.ArmSolution)
    Arm_Grab                                 0x08001781   Thumb Code   630  armsolution.o(i.Arm_Grab)
    BusFault_Handler                         0x08001ab5   Thumb Code     4  stm32f4xx_it.o(i.BusFault_Handler)
    Car_Direction_change                     0x08001ab9   Thumb Code    70  pid.o(i.Car_Direction_change)
    Car_Position_add                         0x08001b05   Thumb Code    86  pid.o(i.Car_Position_add)
    Crossing_Detection                       0x08001b65   Thumb Code   144  pid.o(i.Crossing_Detection)
    DebugMon_Handler                         0x08001c19   Thumb Code     2  stm32f4xx_it.o(i.DebugMon_Handler)
    Delay_10us                               0x08001c1d   Thumb Code    20  delay.o(i.Delay_10us)
    Delay_ms                                 0x08001c35   Thumb Code    22  delay.o(i.Delay_ms)
    Encoder_GetEncCount                      0x08001c4d   Thumb Code   106  motordriver.o(i.Encoder_GetEncCount)
    Encoder_Init                             0x08001cd5   Thumb Code   746  motordriver.o(i.Encoder_Init)
    Follow_PID                               0x08001fdd   Thumb Code   170  pid.o(i.Follow_PID)
    GPIO_Config                              0x08002089   Thumb Code    48  main.o(i.GPIO_Config)
    GPIO_Init                                0x080020bd   Thumb Code   144  stm32f4xx_gpio.o(i.GPIO_Init)
    GPIO_PinAFConfig                         0x0800214d   Thumb Code    70  stm32f4xx_gpio.o(i.GPIO_PinAFConfig)
    GPIO_ReadInputDataBit                    0x08002193   Thumb Code    18  stm32f4xx_gpio.o(i.GPIO_ReadInputDataBit)
    GPIO_ReadOutputDataBit                   0x080021a5   Thumb Code    18  stm32f4xx_gpio.o(i.GPIO_ReadOutputDataBit)
    GPIO_ResetBits                           0x080021b7   Thumb Code     4  stm32f4xx_gpio.o(i.GPIO_ResetBits)
    GPIO_SetBits                             0x080021bb   Thumb Code     4  stm32f4xx_gpio.o(i.GPIO_SetBits)
    HardFault_Handler                        0x080021bf   Thumb Code     4  stm32f4xx_it.o(i.HardFault_Handler)
    Key_Init                                 0x080021c5   Thumb Code    78  keyled.o(i.Key_Init)
    Key_Released                             0x08002219   Thumb Code   112  keyled.o(i.Key_Released)
    Led_Init                                 0x0800228d   Thumb Code   102  keyled.o(i.Led_Init)
    Map_Action                               0x080022f9   Thumb Code   438  pid.o(i.Map_Action)
    MemManage_Handler                        0x080024d5   Thumb Code     4  stm32f4xx_it.o(i.MemManage_Handler)
    MotorController_Enable                   0x080024d9   Thumb Code   200  motorcontroller.o(i.MotorController_Enable)
    MotorController_Init                     0x08002609   Thumb Code   222  motorcontroller.o(i.MotorController_Init)
    MotorController_SetAcceleration          0x08002741   Thumb Code    22  motorcontroller.o(i.MotorController_SetAcceleration)
    MotorController_SetSpeed                 0x0800275d   Thumb Code   166  motorcontroller.o(i.MotorController_SetSpeed)
    MotorController_SpeedTunner              0x08002825   Thumb Code  1692  motorcontroller.o(i.MotorController_SpeedTunner)
    MotorDriver_GetMotorState                0x08002f09   Thumb Code    74  motordriver.o(i.MotorDriver_GetMotorState)
    MotorDriver_Init                         0x08002f5d   Thumb Code   824  motordriver.o(i.MotorDriver_Init)
    MotorDriver_SetPWMDuty                   0x080032a5   Thumb Code    64  motordriver.o(i.MotorDriver_SetPWMDuty)
    MotorDriver_Start                        0x080032e9   Thumb Code   128  motordriver.o(i.MotorDriver_Start)
    MotorDriver_Stop                         0x08003375   Thumb Code   108  motordriver.o(i.MotorDriver_Stop)
    NMI_Handler                              0x080033ed   Thumb Code     2  stm32f4xx_it.o(i.NMI_Handler)
    NVIC_Configuration                       0x080033f1   Thumb Code    96  main.o(i.NVIC_Configuration)
    NVIC_Init                                0x08003461   Thumb Code   106  misc.o(i.NVIC_Init)
    NVIC_PriorityGroupConfig                 0x080034d9   Thumb Code    10  misc.o(i.NVIC_PriorityGroupConfig)
    PendSV_Handler                           0x080034ed   Thumb Code     2  stm32f4xx_it.o(i.PendSV_Handler)
    RCC_AHB1PeriphClockCmd                   0x080034f1   Thumb Code    26  stm32f4xx_rcc.o(i.RCC_AHB1PeriphClockCmd)
    RCC_APB1PeriphClockCmd                   0x08003511   Thumb Code    26  stm32f4xx_rcc.o(i.RCC_APB1PeriphClockCmd)
    RCC_APB2PeriphClockCmd                   0x08003531   Thumb Code    26  stm32f4xx_rcc.o(i.RCC_APB2PeriphClockCmd)
    RCC_GetClocksFreq                        0x08003551   Thumb Code   214  stm32f4xx_rcc.o(i.RCC_GetClocksFreq)
    SVC_Handler                              0x08003635   Thumb Code     2  stm32f4xx_it.o(i.SVC_Handler)
    SetServoAngle                            0x08003639   Thumb Code   148  armsolution.o(i.SetServoAngle)
    Slow_Pwm                                 0x080037e5   Thumb Code   624  armsolution.o(i.Slow_Pwm)
    Straight_back_mm                         0x08003a85   Thumb Code   226  pid.o(i.Straight_back_mm)
    Straight_go                              0x08003b91   Thumb Code   160  pid.o(i.Straight_go)
    Straight_go_mm                           0x08003c61   Thumb Code   324  pid.o(i.Straight_go_mm)
    SysTick_Handler                          0x08003df5   Thumb Code    42  stm32f4xx_it.o(i.SysTick_Handler)
    SystemInit                               0x08003e29   Thumb Code    88  system_stm32f4xx.o(i.SystemInit)
    System_Clock                             0x08003e91   Thumb Code    90  main.o(i.System_Clock)
    TCRT5000_config                          0x08003efd   Thumb Code    70  tcrt5000.o(i.TCRT5000_config)
    TIM2_IRQHandler                          0x08003f4d   Thumb Code    62  motordriver.o(i.TIM2_IRQHandler)
    TIM3_IRQHandler                          0x08003f91   Thumb Code    60  motordriver.o(i.TIM3_IRQHandler)
    TIM4_IRQHandler                          0x08003fd5   Thumb Code    60  motordriver.o(i.TIM4_IRQHandler)
    TIM6_DAC_IRQHandler                      0x08004019   Thumb Code    26  motorcontroller.o(i.TIM6_DAC_IRQHandler)
    TIM7_IRQHandler                          0x08004039   Thumb Code    58  armsolution.o(i.TIM7_IRQHandler)
    TIM8_UP_TIM13_IRQHandler                 0x08004079   Thumb Code    60  motordriver.o(i.TIM8_UP_TIM13_IRQHandler)
    TIM_ARRPreloadConfig                     0x080040bd   Thumb Code    24  stm32f4xx_tim.o(i.TIM_ARRPreloadConfig)
    TIM_ClearFlag                            0x080040d5   Thumb Code     6  stm32f4xx_tim.o(i.TIM_ClearFlag)
    TIM_ClearITPendingBit                    0x080040db   Thumb Code     6  stm32f4xx_tim.o(i.TIM_ClearITPendingBit)
    TIM_Cmd                                  0x080040e1   Thumb Code    24  stm32f4xx_tim.o(i.TIM_Cmd)
    TIM_CtrlPWMOutputs                       0x080040f9   Thumb Code    30  stm32f4xx_tim.o(i.TIM_CtrlPWMOutputs)
    TIM_EncoderInterfaceConfig               0x08004117   Thumb Code    66  stm32f4xx_tim.o(i.TIM_EncoderInterfaceConfig)
    TIM_GetITStatus                          0x08004159   Thumb Code    34  stm32f4xx_tim.o(i.TIM_GetITStatus)
    TIM_ITConfig                             0x0800417b   Thumb Code    18  stm32f4xx_tim.o(i.TIM_ITConfig)
    TIM_OC1Init                              0x0800418d   Thumb Code   114  stm32f4xx_tim.o(i.TIM_OC1Init)
    TIM_OC1PreloadConfig                     0x08004209   Thumb Code    18  stm32f4xx_tim.o(i.TIM_OC1PreloadConfig)
    TIM_OC2Init                              0x0800421d   Thumb Code   154  stm32f4xx_tim.o(i.TIM_OC2Init)
    TIM_OC2PreloadConfig                     0x080042c1   Thumb Code    26  stm32f4xx_tim.o(i.TIM_OC2PreloadConfig)
    TIM_OC3Init                              0x080042dd   Thumb Code   150  stm32f4xx_tim.o(i.TIM_OC3Init)
    TIM_OC3PreloadConfig                     0x0800437d   Thumb Code    18  stm32f4xx_tim.o(i.TIM_OC3PreloadConfig)
    TIM_OC4Init                              0x08004391   Thumb Code   112  stm32f4xx_tim.o(i.TIM_OC4Init)
    TIM_OC4PreloadConfig                     0x08004409   Thumb Code    26  stm32f4xx_tim.o(i.TIM_OC4PreloadConfig)
    TIM_TimeBaseInit                         0x08004425   Thumb Code   104  stm32f4xx_tim.o(i.TIM_TimeBaseInit)
    TimingDelay_Decrement                    0x080044a9   Thumb Code    52  delay.o(i.TimingDelay_Decrement)
    TurnBY_PID                               0x080044e9   Thumb Code   452  pid.o(i.TurnBY_PID)
    TurnBY_PID_notforce_write                0x080046f1   Thumb Code   422  pid.o(i.TurnBY_PID_notforce_write)
    Turn_PID                                 0x080048dd   Thumb Code    74  pid.o(i.Turn_PID)
    UART5_IRQHandler                         0x08004929   Thumb Code    66  amt1450_uart.o(i.UART5_IRQHandler)
    UART_GetChar                             0x08004971   Thumb Code   184  amt1450_uart.o(i.UART_GetChar)
    USART1_IRQHandler                        0x08004a2d   Thumb Code    58  nanocommunication.o(i.USART1_IRQHandler)
    USART1_Init                              0x08004a6d   Thumb Code   210  nanocommunication.o(i.USART1_Init)
    USART1_Process                           0x08004b49   Thumb Code    24  nanocommunication.o(i.USART1_Process)
    USART1_Process_target                    0x08004b69   Thumb Code   396  nanocommunication.o(i.USART1_Process_target)
    USART2_IRQHandler                        0x08004d4d   Thumb Code    54  btmodule.o(i.USART2_IRQHandler)
    USART2_Init                              0x08004d89   Thumb Code   208  btmodule.o(i.USART2_Init)
    USART_ClearITPendingBit                  0x08004e61   Thumb Code    30  stm32f4xx_usart.o(i.USART_ClearITPendingBit)
    USART_Cmd                                0x08004e7f   Thumb Code    24  stm32f4xx_usart.o(i.USART_Cmd)
    USART_GetChar                            0x08004e99   Thumb Code    90  btmodule.o(i.USART_GetChar)
    USART_GetFlagStatus                      0x08004f01   Thumb Code    26  stm32f4xx_usart.o(i.USART_GetFlagStatus)
    USART_GetITStatus                        0x08004f1b   Thumb Code    84  stm32f4xx_usart.o(i.USART_GetITStatus)
    USART_ITConfig                           0x08004f6f   Thumb Code    74  stm32f4xx_usart.o(i.USART_ITConfig)
    USART_Init                               0x08004fb9   Thumb Code   204  stm32f4xx_usart.o(i.USART_Init)
    USART_OverSampling8Cmd                   0x0800508d   Thumb Code    22  stm32f4xx_usart.o(i.USART_OverSampling8Cmd)
    USART_ReceiveData                        0x080050a3   Thumb Code    10  stm32f4xx_usart.o(i.USART_ReceiveData)
    USART_SendData                           0x080050ad   Thumb Code     8  stm32f4xx_usart.o(i.USART_SendData)
    UsageFault_Handler                       0x080050b5   Thumb Code     4  stm32f4xx_it.o(i.UsageFault_Handler)
    __ARM_fpclassify                         0x080050b9   Thumb Code    48  fpclassify.o(i.__ARM_fpclassify)
    __ARM_fpclassifyf                        0x080050e9   Thumb Code    38  fpclassifyf.o(i.__ARM_fpclassifyf)
    __hardfp_acos                            0x08005111   Thumb Code   738  acos.o(i.__hardfp_acos)
    __hardfp_asinf                           0x08005469   Thumb Code   258  asinf.o(i.__hardfp_asinf)
    __hardfp_atan                            0x08005599   Thumb Code   622  atan.o(i.__hardfp_atan)
    __hardfp_atanf                           0x08005871   Thumb Code   296  atanf.o(i.__hardfp_atanf)
    __hardfp_cos                             0x080059d1   Thumb Code   180  cos.o(i.__hardfp_cos)
    __hardfp_fabs                            0x08005a99   Thumb Code    20  fabs.o(i.__hardfp_fabs)
    __hardfp_sin                             0x08005ab1   Thumb Code   180  sin.o(i.__hardfp_sin)
    __hardfp_sqrt                            0x08005b79   Thumb Code   122  sqrt.o(i.__hardfp_sqrt)
    __ieee754_rem_pio2                       0x08005bf9   Thumb Code   938  rred.o(i.__ieee754_rem_pio2)
    __kernel_cos                             0x08006031   Thumb Code   322  cos_i.o(i.__kernel_cos)
    __kernel_poly                            0x080061a1   Thumb Code   248  poly.o(i.__kernel_poly)
    __kernel_sin                             0x08006299   Thumb Code   280  sin_i.o(i.__kernel_sin)
    __mathlib_dbl_infnan                     0x080063c9   Thumb Code    20  dunder.o(i.__mathlib_dbl_infnan)
    __mathlib_dbl_invalid                    0x080063e1   Thumb Code    24  dunder.o(i.__mathlib_dbl_invalid)
    __mathlib_dbl_underflow                  0x08006401   Thumb Code    24  dunder.o(i.__mathlib_dbl_underflow)
    __mathlib_flt_infnan                     0x08006421   Thumb Code     6  funder.o(i.__mathlib_flt_infnan)
    __mathlib_flt_invalid                    0x08006429   Thumb Code    10  funder.o(i.__mathlib_flt_invalid)
    __mathlib_flt_underflow                  0x08006439   Thumb Code    10  funder.o(i.__mathlib_flt_underflow)
    _sys_close                               0x08006449   Thumb Code    38  retarget_io.o(i._sys_close)
    _sys_flen                                0x0800646f   Thumb Code    36  retarget_io.o(i._sys_flen)
    _sys_istty                               0x08006493   Thumb Code    36  retarget_io.o(i._sys_istty)
    _sys_open                                0x080064b9   Thumb Code    80  retarget_io.o(i._sys_open)
    _sys_seek                                0x08006521   Thumb Code    44  retarget_io.o(i._sys_seek)
    _sys_write                               0x0800654d   Thumb Code    88  retarget_io.o(i._sys_write)
    check_SUM                                0x080065a5   Thumb Code    44  amt1450_uart.o(i.check_SUM)
    fabs                                     0x080065d1   Thumb Code    24  fabs.o(i.fabs)
    fputc                                    0x080065e9   Thumb Code    32  btmodule.o(i.fputc)
    get_AMT1450Data_UART                     0x0800660d   Thumb Code    48  amt1450_uart.o(i.get_AMT1450Data_UART)
    get_runto_Grab                           0x08006641   Thumb Code   112  main.o(i.get_runto_Grab)
    init_AMT1450_UART                        0x080066b9   Thumb Code   214  amt1450_uart.o(i.init_AMT1450_UART)
    main                                     0x0800679d   Thumb Code   320  main.o(i.main)
    s_PIDInit                                0x08006921   Thumb Code    74  pid.o(i.s_PIDInit)
    sqrt                                     0x08006981   Thumb Code   110  sqrt.o(i.sqrt)
    sqrtf                                    0x080069ef   Thumb Code    62  sqrtf.o(i.sqrtf)
    stdout_putchar                           0x08006a31   Thumb Code     8  stdout_user.o(i.stdout_putchar)
    turn_PIDInit                             0x08006a39   Thumb Code    66  pid.o(i.turn_PIDInit)
    __aeabi_dneg                             0x08006a85   Thumb Code     0  basic.o(x$fpl$basic)
    _dneg                                    0x08006a85   Thumb Code     6  basic.o(x$fpl$basic)
    __aeabi_fneg                             0x08006a8b   Thumb Code     0  basic.o(x$fpl$basic)
    _fneg                                    0x08006a8b   Thumb Code     6  basic.o(x$fpl$basic)
    _dabs                                    0x08006a91   Thumb Code     6  basic.o(x$fpl$basic)
    _fabs                                    0x08006a97   Thumb Code     6  basic.o(x$fpl$basic)
    __aeabi_d2f                              0x08006a9d   Thumb Code     0  d2f.o(x$fpl$d2f)
    _d2f                                     0x08006a9d   Thumb Code    98  d2f.o(x$fpl$d2f)
    __aeabi_dadd                             0x08006b01   Thumb Code     0  daddsub_clz.o(x$fpl$dadd)
    _dadd                                    0x08006b01   Thumb Code   332  daddsub_clz.o(x$fpl$dadd)
    __fpl_dcmp_Inf                           0x08006c51   Thumb Code    24  dcmpi.o(x$fpl$dcmpinf)
    __aeabi_ddiv                             0x08006c69   Thumb Code     0  ddiv.o(x$fpl$ddiv)
    _ddiv                                    0x08006c69   Thumb Code   552  ddiv.o(x$fpl$ddiv)
    __aeabi_cdcmpeq                          0x08006f19   Thumb Code     0  deqf.o(x$fpl$deqf)
    _dcmpeq                                  0x08006f19   Thumb Code   120  deqf.o(x$fpl$deqf)
    __aeabi_d2iz                             0x08006f91   Thumb Code     0  dfix.o(x$fpl$dfix)
    _dfix                                    0x08006f91   Thumb Code    94  dfix.o(x$fpl$dfix)
    __aeabi_i2d                              0x08006fef   Thumb Code     0  dflt_clz.o(x$fpl$dflt)
    _dflt                                    0x08006fef   Thumb Code    46  dflt_clz.o(x$fpl$dflt)
    __aeabi_ui2d                             0x0800701d   Thumb Code     0  dflt_clz.o(x$fpl$dfltu)
    _dfltu                                   0x0800701d   Thumb Code    38  dflt_clz.o(x$fpl$dfltu)
    __aeabi_cdcmple                          0x08007045   Thumb Code     0  dleqf.o(x$fpl$dleqf)
    _dcmple                                  0x08007045   Thumb Code   120  dleqf.o(x$fpl$dleqf)
    __fpl_dcmple_InfNaN                      0x080070a7   Thumb Code     0  dleqf.o(x$fpl$dleqf)
    __aeabi_dmul                             0x080070bd   Thumb Code     0  dmul.o(x$fpl$dmul)
    _dmul                                    0x080070bd   Thumb Code   332  dmul.o(x$fpl$dmul)
    __fpl_dnaninf                            0x08007211   Thumb Code   156  dnaninf.o(x$fpl$dnaninf)
    __fpl_dretinf                            0x080072ad   Thumb Code    12  dretinf.o(x$fpl$dretinf)
    __aeabi_cdrcmple                         0x080072b9   Thumb Code     0  drleqf.o(x$fpl$drleqf)
    _drcmple                                 0x080072b9   Thumb Code   108  drleqf.o(x$fpl$drleqf)
    __aeabi_drsub                            0x08007325   Thumb Code     0  daddsub_clz.o(x$fpl$drsb)
    _drsb                                    0x08007325   Thumb Code    22  daddsub_clz.o(x$fpl$drsb)
    _dsqrt                                   0x0800733d   Thumb Code   404  dsqrt_umaal.o(x$fpl$dsqrt)
    __aeabi_dsub                             0x080074d5   Thumb Code     0  daddsub_clz.o(x$fpl$dsub)
    _dsub                                    0x080074d5   Thumb Code   464  daddsub_clz.o(x$fpl$dsub)
    __aeabi_f2d                              0x080076a9   Thumb Code     0  f2d.o(x$fpl$f2d)
    _f2d                                     0x080076a9   Thumb Code    86  f2d.o(x$fpl$f2d)
    __fpl_fnaninf                            0x080076ff   Thumb Code   140  fnaninf.o(x$fpl$fnaninf)
    _fp_init                                 0x0800778b   Thumb Code    10  fpinit.o(x$fpl$fpinit)
    __fplib_config_fpu_vfp                   0x08007793   Thumb Code     0  fpinit.o(x$fpl$fpinit)
    __fplib_config_pureend_doubles           0x08007793   Thumb Code     0  fpinit.o(x$fpl$fpinit)
    __fpl_fretinf                            0x08007795   Thumb Code    10  fretinf.o(x$fpl$fretinf)
    __I$use$fp                               0x0800779e   Number         0  usenofp.o(x$fpl$usenofp)
    __stdin_name                             0x08007898   Data           7  retarget_io.o(.constdata)
    __stdout_name                            0x0800789f   Data           8  retarget_io.o(.constdata)
    __stderr_name                            0x080078a7   Data           8  retarget_io.o(.constdata)
    Region$$Table$$Base                      0x08007ab8   Number         0  anon$$obj.o(Region$$Table)
    Region$$Table$$Limit                     0x08007ad8   Number         0  anon$$obj.o(Region$$Table)
    n10msCount                               0x20000000   Data           2  main.o(.data)
    b100msFlag                               0x20000002   Data           1  main.o(.data)
    n100msCount                              0x20000004   Data           2  main.o(.data)
    nSpeed                                   0x20000008   Data           4  main.o(.data)
    nTickCount                               0x2000000c   Data           2  stm32f4xx_it.o(.data)
    SystemCoreClock                          0x20000010   Data           4  system_stm32f4xx.o(.data)
    AHBPrescTable                            0x20000014   Data          16  system_stm32f4xx.o(.data)
    b10msFlag                                0x20000028   Data           1  delay.o(.data)
    TimeStamp_ms                             0x2000002c   Data           4  delay.o(.data)
    TimeStamp_ms_counter                     0x20000030   Data           1  delay.o(.data)
    nRx2Counter                              0x20000031   Data           1  btmodule.o(.data)
    USART_FrameFlag                          0x20000032   Data           1  btmodule.o(.data)
    MotorController_EncoderResolution        0x2000003c   Data           2  motorcontroller.o(.data)
    MotorController_WheelDiameter            0x2000003e   Data           1  motorcontroller.o(.data)
    MotorController_Acc                      0x20000040   Data           2  motorcontroller.o(.data)
    MotorController_MotorA_SpeedSet          0x20000042   Data           2  motorcontroller.o(.data)
    MotorController_MotorB_SpeedSet          0x20000044   Data           2  motorcontroller.o(.data)
    MotorController_MotorC_SpeedSet          0x20000046   Data           2  motorcontroller.o(.data)
    MotorController_MotorD_SpeedSet          0x20000048   Data           2  motorcontroller.o(.data)
    MotorController_MotorA_SpeedCur          0x2000004a   Data           2  motorcontroller.o(.data)
    MotorController_MotorB_SpeedCur          0x2000004c   Data           2  motorcontroller.o(.data)
    MotorController_MotorC_SpeedCur          0x2000004e   Data           2  motorcontroller.o(.data)
    MotorController_MotorD_SpeedCur          0x20000050   Data           2  motorcontroller.o(.data)
    MotorController_MotorA_SpeedPWM          0x20000052   Data           2  motorcontroller.o(.data)
    MotorController_MotorB_SpeedPWM          0x20000054   Data           2  motorcontroller.o(.data)
    MotorController_MotorC_SpeedPWM          0x20000056   Data           2  motorcontroller.o(.data)
    MotorController_MotorD_SpeedPWM          0x20000058   Data           2  motorcontroller.o(.data)
    MotorController_MotorA_EncCnt            0x2000005c   Data           4  motorcontroller.o(.data)
    MotorController_MotorB_EncCnt            0x20000060   Data           4  motorcontroller.o(.data)
    MotorController_MotorC_EncCnt            0x20000064   Data           4  motorcontroller.o(.data)
    MotorController_MotorD_EncCnt            0x20000068   Data           4  motorcontroller.o(.data)
    MotorController_MotorA_SpeedErr1         0x2000006c   Data           4  motorcontroller.o(.data)
    MotorController_MotorB_SpeedErr1         0x20000070   Data           4  motorcontroller.o(.data)
    MotorController_MotorC_SpeedErr1         0x20000074   Data           4  motorcontroller.o(.data)
    MotorController_MotorD_SpeedErr1         0x20000078   Data           4  motorcontroller.o(.data)
    MotorController_MotorA_SpeedErr2         0x2000007c   Data           4  motorcontroller.o(.data)
    MotorController_MotorB_SpeedErr2         0x20000080   Data           4  motorcontroller.o(.data)
    MotorController_MotorC_SpeedErr2         0x20000084   Data           4  motorcontroller.o(.data)
    MotorController_MotorD_SpeedErr2         0x20000088   Data           4  motorcontroller.o(.data)
    MotorController_MotorEnabledCount        0x2000008c   Data           1  motorcontroller.o(.data)
    MotorController_KP                       0x20000090   Data           4  motorcontroller.o(.data)
    MotorController_KI                       0x20000094   Data           4  motorcontroller.o(.data)
    MotorController_KD                       0x20000098   Data           4  motorcontroller.o(.data)
    Motor_speed1                             0x2000009c   Data           4  motorcontroller.o(.data)
    Motor_speed2                             0x200000a0   Data           4  motorcontroller.o(.data)
    crossing_flag                            0x200000a8   Data           4  pid.o(.data)
    map_count                                0x200000ac   Data           4  pid.o(.data)
    map_index                                0x200000b0   Data           4  pid.o(.data)
    car_direction                            0x200000b4   Data           4  pid.o(.data)
    car_position                             0x200000b8   Data           8  pid.o(.data)
    begin                                    0x200000c0   Data           1  pid.o(.data)
    jump                                     0x200000c1   Data           1  pid.o(.data)
    count                                    0x200000c2   Data           6  pid.o(.data)
    line_position                            0x200000c8   Data           1  pid.o(.data)
    force_move                               0x200000c9   Data           1  pid.o(.data)
    car_flag                                 0x200000ca   Data           1  nanocommunication.o(.data)
    start_pos_flag                           0x200000cb   Data           1  nanocommunication.o(.data)
    Slow_pwm1                                0x200000cc   Data           2  armsolution.o(.data)
    Slow_pwm2                                0x200000ce   Data           2  armsolution.o(.data)
    Slow_pwm3                                0x200000d0   Data           2  armsolution.o(.data)
    Slow_pwm4                                0x200000d2   Data           2  armsolution.o(.data)
    Slow_pwm5                                0x200000d4   Data           2  armsolution.o(.data)
    Slow_pwm6                                0x200000d6   Data           2  armsolution.o(.data)
    Slow_pwm7                                0x200000d8   Data           2  armsolution.o(.data)
    Slow_pwm8                                0x200000da   Data           2  armsolution.o(.data)
    Object_pos_index                         0x200000dc   Data           1  armsolution.o(.data)
    __aeabi_stdin                            0x200000f0   Data           4  stdio_streams.o(.data)
    __aeabi_stdout                           0x200000f4   Data           4  stdio_streams.o(.data)
    __aeabi_stderr                           0x200000f8   Data           4  stdio_streams.o(.data)
    USART_Rx2Buff                            0x200000fc   Data           9  btmodule.o(.bss)
    amt1450_UART_Rx                          0x20000105   Data          19  amt1450_uart.o(.bss)
    Object_pos                               0x20000118   Data          48  armsolution.o(.bss)
    __stdin                                  0x20000148   Data          84  stdio_streams.o(.bss)
    __stdout                                 0x2000019c   Data          84  stdio_streams.o(.bss)
    __stderr                                 0x200001f0   Data          84  stdio_streams.o(.bss)
    __libspace_start                         0x20000244   Data          96  libspace.o(.bss)
    __temporary_stack_top$libspace           0x200002a4   Data           0  libspace.o(.bss)



==============================================================================

Memory Map of the image

  Image Entry point : 0x08000189

  Load Region LR_IROM1 (Base: 0x08000000, Size: 0x00007bd4, Max: 0x00080000, ABSOLUTE)

    Execution Region ER_IROM1 (Base: 0x08000000, Size: 0x00007ad8, Max: 0x00080000, ABSOLUTE)

    Base Addr    Size         Type   Attr      Idx    E Section Name        Object

    0x08000000   0x00000188   Data   RO         1070    RESET               startup_stm32f40_41xxx.o
    0x08000188   0x00000008   Code   RO         3171  * !!!main             c_w.l(__main.o)
    0x08000190   0x00000034   Code   RO         3688    !!!scatter          c_w.l(__scatter.o)
    0x080001c4   0x0000001a   Code   RO         3690    !!handler_copy      c_w.l(__scatter_copy.o)
    0x080001de   0x00000002   PAD
    0x080001e0   0x0000001c   Code   RO         3692    !!handler_zi        c_w.l(__scatter_zi.o)
    0x080001fc   0x00000000   Code   RO         3162    .ARM.Collect$$_printf_percent$$00000000  c_w.l(_printf_percent.o)
    0x080001fc   0x00000006   Code   RO         3161    .ARM.Collect$$_printf_percent$$00000009  c_w.l(_printf_d.o)
    0x08000202   0x00000006   Code   RO         3160    .ARM.Collect$$_printf_percent$$00000014  c_w.l(_printf_s.o)
    0x08000208   0x00000004   Code   RO         3308    .ARM.Collect$$_printf_percent$$00000017  c_w.l(_printf_percent_end.o)
    0x0800020c   0x00000002   Code   RO         3507    .ARM.Collect$$libinit$$00000000  c_w.l(libinit.o)
    0x0800020e   0x00000004   Code   RO         3508    .ARM.Collect$$libinit$$00000001  c_w.l(libinit2.o)
    0x08000212   0x00000000   Code   RO         3511    .ARM.Collect$$libinit$$00000004  c_w.l(libinit2.o)
    0x08000212   0x00000008   Code   RO         3512    .ARM.Collect$$libinit$$00000005  c_w.l(libinit2.o)
    0x0800021a   0x00000000   Code   RO         3514    .ARM.Collect$$libinit$$0000000A  c_w.l(libinit2.o)
    0x0800021a   0x00000000   Code   RO         3516    .ARM.Collect$$libinit$$0000000C  c_w.l(libinit2.o)
    0x0800021a   0x00000000   Code   RO         3518    .ARM.Collect$$libinit$$0000000E  c_w.l(libinit2.o)
    0x0800021a   0x00000000   Code   RO         3521    .ARM.Collect$$libinit$$00000011  c_w.l(libinit2.o)
    0x0800021a   0x00000000   Code   RO         3523    .ARM.Collect$$libinit$$00000013  c_w.l(libinit2.o)
    0x0800021a   0x00000000   Code   RO         3525    .ARM.Collect$$libinit$$00000015  c_w.l(libinit2.o)
    0x0800021a   0x00000000   Code   RO         3527    .ARM.Collect$$libinit$$00000017  c_w.l(libinit2.o)
    0x0800021a   0x00000000   Code   RO         3529    .ARM.Collect$$libinit$$00000019  c_w.l(libinit2.o)
    0x0800021a   0x00000000   Code   RO         3531    .ARM.Collect$$libinit$$0000001B  c_w.l(libinit2.o)
    0x0800021a   0x00000000   Code   RO         3533    .ARM.Collect$$libinit$$0000001D  c_w.l(libinit2.o)
    0x0800021a   0x00000000   Code   RO         3535    .ARM.Collect$$libinit$$0000001F  c_w.l(libinit2.o)
    0x0800021a   0x00000000   Code   RO         3537    .ARM.Collect$$libinit$$00000021  c_w.l(libinit2.o)
    0x0800021a   0x00000000   Code   RO         3539    .ARM.Collect$$libinit$$00000023  c_w.l(libinit2.o)
    0x0800021a   0x00000004   Code   RO         3540    .ARM.Collect$$libinit$$00000024  c_w.l(libinit2.o)
    0x0800021e   0x00000000   Code   RO         3541    .ARM.Collect$$libinit$$00000025  c_w.l(libinit2.o)
    0x0800021e   0x00000000   Code   RO         3545    .ARM.Collect$$libinit$$0000002C  c_w.l(libinit2.o)
    0x0800021e   0x00000000   Code   RO         3547    .ARM.Collect$$libinit$$0000002E  c_w.l(libinit2.o)
    0x0800021e   0x00000000   Code   RO         3549    .ARM.Collect$$libinit$$00000030  c_w.l(libinit2.o)
    0x0800021e   0x00000000   Code   RO         3551    .ARM.Collect$$libinit$$00000032  c_w.l(libinit2.o)
    0x0800021e   0x00000002   Code   RO         3552    .ARM.Collect$$libinit$$00000033  c_w.l(libinit2.o)
    0x08000220   0x00000002   Code   RO         3667    .ARM.Collect$$libshutdown$$00000000  c_w.l(libshutdown.o)
    0x08000222   0x00000000   Code   RO         3554    .ARM.Collect$$libshutdown$$00000002  c_w.l(libshutdown2.o)
    0x08000222   0x00000004   Code   RO         3555    .ARM.Collect$$libshutdown$$00000003  c_w.l(libshutdown2.o)
    0x08000226   0x00000000   Code   RO         3556    .ARM.Collect$$libshutdown$$00000004  c_w.l(libshutdown2.o)
    0x08000226   0x00000000   Code   RO         3559    .ARM.Collect$$libshutdown$$00000007  c_w.l(libshutdown2.o)
    0x08000226   0x00000000   Code   RO         3562    .ARM.Collect$$libshutdown$$0000000A  c_w.l(libshutdown2.o)
    0x08000226   0x00000000   Code   RO         3564    .ARM.Collect$$libshutdown$$0000000C  c_w.l(libshutdown2.o)
    0x08000226   0x00000000   Code   RO         3567    .ARM.Collect$$libshutdown$$0000000F  c_w.l(libshutdown2.o)
    0x08000226   0x00000002   Code   RO         3568    .ARM.Collect$$libshutdown$$00000010  c_w.l(libshutdown2.o)
    0x08000228   0x00000000   Code   RO         3299    .ARM.Collect$$rtentry$$00000000  c_w.l(__rtentry.o)
    0x08000228   0x00000000   Code   RO         3391    .ARM.Collect$$rtentry$$00000002  c_w.l(__rtentry2.o)
    0x08000228   0x00000006   Code   RO         3403    .ARM.Collect$$rtentry$$00000004  c_w.l(__rtentry4.o)
    0x0800022e   0x00000000   Code   RO         3393    .ARM.Collect$$rtentry$$00000009  c_w.l(__rtentry2.o)
    0x0800022e   0x00000004   Code   RO         3394    .ARM.Collect$$rtentry$$0000000A  c_w.l(__rtentry2.o)
    0x08000232   0x00000000   Code   RO         3396    .ARM.Collect$$rtentry$$0000000C  c_w.l(__rtentry2.o)
    0x08000232   0x00000008   Code   RO         3397    .ARM.Collect$$rtentry$$0000000D  c_w.l(__rtentry2.o)
    0x0800023a   0x00000002   Code   RO         3569    .ARM.Collect$$rtexit$$00000000  c_w.l(rtexit.o)
    0x0800023c   0x00000000   Code   RO         3615    .ARM.Collect$$rtexit$$00000002  c_w.l(rtexit2.o)
    0x0800023c   0x00000004   Code   RO         3616    .ARM.Collect$$rtexit$$00000003  c_w.l(rtexit2.o)
    0x08000240   0x00000006   Code   RO         3617    .ARM.Collect$$rtexit$$00000004  c_w.l(rtexit2.o)
    0x08000246   0x00000002   PAD
    0x08000248   0x00000000   Code   RO         3621    .emb_text           c_w.l(maybetermalloc1.o)
    0x08000248   0x00000040   Code   RO         1071    .text               startup_stm32f40_41xxx.o
    0x08000288   0x00000018   Code   RO         3132    .text               c_w.l(noretval__2printf.o)
    0x080002a0   0x00000068   Code   RO         3134    .text               c_w.l(__printf.o)
    0x08000308   0x00000052   Code   RO         3136    .text               c_w.l(_printf_str.o)
    0x0800035a   0x00000002   PAD
    0x0800035c   0x00000078   Code   RO         3138    .text               c_w.l(_printf_dec.o)
    0x080003d4   0x00000064   Code   RO         3163    .text               c_w.l(rt_memcpy_w.o)
    0x08000438   0x0000004e   Code   RO         3165    .text               c_w.l(rt_memclr_w.o)
    0x08000486   0x00000002   PAD
    0x08000488   0x00000080   Code   RO         3167    .text               c_w.l(strcmpv7m.o)
    0x08000508   0x00000006   Code   RO         3169    .text               c_w.l(heapauxi.o)
    0x0800050e   0x00000016   Code   RO         3300    .text               c_w.l(_rserrno.o)
    0x08000524   0x000000b2   Code   RO         3302    .text               c_w.l(_printf_intcommon.o)
    0x080005d6   0x0000002c   Code   RO         3304    .text               c_w.l(_printf_char.o)
    0x08000602   0x00000002   PAD
    0x08000604   0x00000024   Code   RO         3306    .text               c_w.l(_printf_char_file.o)
    0x08000628   0x00000008   Code   RO         3408    .text               c_w.l(rt_errno_addr_intlibspace.o)
    0x08000630   0x00000030   Code   RO         3410    .text               c_w.l(_printf_char_common.o)
    0x08000660   0x00000008   Code   RO         3412    .text               c_w.l(ferror.o)
    0x08000668   0x00000138   Code   RO         3414    .text               c_w.l(initio.o)
    0x080007a0   0x00000008   Code   RO         3420    .text               c_w.l(libspace.o)
    0x080007a8   0x0000004a   Code   RO         3425    .text               c_w.l(sys_stackheap_outer.o)
    0x080007f2   0x0000004e   Code   RO         3429    .text               c_w.l(h1_free.o)
    0x08000840   0x00000046   Code   RO         3485    .text               c_w.l(setvbuf.o)
    0x08000886   0x00000002   PAD
    0x08000888   0x000000ec   Code   RO         3488    .text               c_w.l(fopen.o)
    0x08000974   0x0000004c   Code   RO         3490    .text               c_w.l(fclose.o)
    0x080009c0   0x00000012   Code   RO         3496    .text               c_w.l(exit.o)
    0x080009d2   0x0000000e   Code   RO         3498    .text               c_w.l(defsig_rtred_outer.o)
    0x080009e0   0x00000008   Code   RO         3576    .text               c_w.l(rt_heap_descriptor_intlibspace.o)
    0x080009e8   0x00000004   Code   RO         3578    .text               c_w.l(hguard.o)
    0x080009ec   0x0000008a   Code   RO         3580    .text               c_w.l(init_alloc.o)
    0x08000a76   0x0000005e   Code   RO         3586    .text               c_w.l(h1_alloc.o)
    0x08000ad4   0x000000f8   Code   RO         3600    .text               c_w.l(fseek.o)
    0x08000bcc   0x000000f0   Code   RO         3602    .text               c_w.l(stdio.o)
    0x08000cbc   0x0000000a   Code   RO         3604    .text               c_w.l(defsig_exit.o)
    0x08000cc6   0x00000002   PAD
    0x08000cc8   0x00000034   Code   RO         3606    .text               c_w.l(defsig_rtred_inner.o)
    0x08000cfc   0x0000000c   Code   RO         3612    .text               c_w.l(sys_exit.o)
    0x08000d08   0x0000000e   Code   RO         3623    .text               c_w.l(h1_init.o)
    0x08000d16   0x00000034   Code   RO         3625    .text               c_w.l(h1_extend.o)
    0x08000d4a   0x00000042   Code   RO         3631    .text               c_w.l(ftell.o)
    0x08000d8c   0x00000032   Code   RO         3635    .text               c_w.l(defsig_general.o)
    0x08000dbe   0x0000000e   Code   RO         3637    .text               c_w.l(defsig_rtmem_outer.o)
    0x08000dcc   0x0000000e   Code   RO         3650    .text               c_w.l(sys_wrch.o)
    0x08000dda   0x00000002   Code   RO         3654    .text               c_w.l(use_no_semi.o)
    0x08000ddc   0x00000000   Code   RO         3656    .text               c_w.l(indicate_semi.o)
    0x08000ddc   0x00000050   Code   RO         3661    .text               c_w.l(defsig_rtmem_inner.o)
    0x08000e2c   0x00000020   Code   RO          663    i.AMT1450_UART_Cmd  amt1450_uart.o
    0x08000e4c   0x00000298   Code   RO         1009    i.ArmDriver_Init    armsolution.o
    0x080010e4   0x0000069c   Code   RO         1010    i.ArmSolution       armsolution.o
    0x08001780   0x00000334   Code   RO         1011    i.Arm_Grab          armsolution.o
    0x08001ab4   0x00000004   Code   RO          209    i.BusFault_Handler  stm32f4xx_it.o
    0x08001ab8   0x0000004c   Code   RO          750    i.Car_Direction_change  pid.o
    0x08001b04   0x00000060   Code   RO          751    i.Car_Position_add  pid.o
    0x08001b64   0x000000b4   Code   RO          752    i.Crossing_Detection  pid.o
    0x08001c18   0x00000002   Code   RO          210    i.DebugMon_Handler  stm32f4xx_it.o
    0x08001c1a   0x00000002   PAD
    0x08001c1c   0x00000018   Code   RO          332    i.Delay_10us        delay.o
    0x08001c34   0x00000016   Code   RO          333    i.Delay_ms          delay.o
    0x08001c4a   0x00000002   PAD
    0x08001c4c   0x00000088   Code   RO          506    i.Encoder_GetEncCount  motordriver.o
    0x08001cd4   0x00000308   Code   RO          507    i.Encoder_Init      motordriver.o
    0x08001fdc   0x000000aa   Code   RO          754    i.Follow_PID        pid.o
    0x08002086   0x00000002   PAD
    0x08002088   0x00000034   Code   RO            5    i.GPIO_Config       main.o
    0x080020bc   0x00000090   Code   RO         1663    i.GPIO_Init         stm32f4xx_gpio.o
    0x0800214c   0x00000046   Code   RO         1664    i.GPIO_PinAFConfig  stm32f4xx_gpio.o
    0x08002192   0x00000012   Code   RO         1667    i.GPIO_ReadInputDataBit  stm32f4xx_gpio.o
    0x080021a4   0x00000012   Code   RO         1669    i.GPIO_ReadOutputDataBit  stm32f4xx_gpio.o
    0x080021b6   0x00000004   Code   RO         1670    i.GPIO_ResetBits    stm32f4xx_gpio.o
    0x080021ba   0x00000004   Code   RO         1671    i.GPIO_SetBits      stm32f4xx_gpio.o
    0x080021be   0x00000004   Code   RO          211    i.HardFault_Handler  stm32f4xx_it.o
    0x080021c2   0x00000002   PAD
    0x080021c4   0x00000054   Code   RO          380    i.Key_Init          keyled.o
    0x08002218   0x00000074   Code   RO          382    i.Key_Released      keyled.o
    0x0800228c   0x0000006c   Code   RO          383    i.Led_Init          keyled.o
    0x080022f8   0x000001dc   Code   RO          755    i.Map_Action        pid.o
    0x080024d4   0x00000004   Code   RO          212    i.MemManage_Handler  stm32f4xx_it.o
    0x080024d8   0x00000130   Code   RO          597    i.MotorController_Enable  motorcontroller.o
    0x08002608   0x00000138   Code   RO          598    i.MotorController_Init  motorcontroller.o
    0x08002740   0x0000001c   Code   RO          599    i.MotorController_SetAcceleration  motorcontroller.o
    0x0800275c   0x000000c8   Code   RO          601    i.MotorController_SetSpeed  motorcontroller.o
    0x08002824   0x000006e4   Code   RO          602    i.MotorController_SpeedTunner  motorcontroller.o
    0x08002f08   0x00000054   Code   RO          508    i.MotorDriver_GetMotorState  motordriver.o
    0x08002f5c   0x00000348   Code   RO          509    i.MotorDriver_Init  motordriver.o
    0x080032a4   0x00000044   Code   RO          510    i.MotorDriver_SetPWMDuty  motordriver.o
    0x080032e8   0x0000008c   Code   RO          511    i.MotorDriver_Start  motordriver.o
    0x08003374   0x00000078   Code   RO          512    i.MotorDriver_Stop  motordriver.o
    0x080033ec   0x00000002   Code   RO          213    i.NMI_Handler       stm32f4xx_it.o
    0x080033ee   0x00000002   PAD
    0x080033f0   0x00000070   Code   RO            6    i.NVIC_Configuration  main.o
    0x08003460   0x00000078   Code   RO         1956    i.NVIC_Init         misc.o
    0x080034d8   0x00000014   Code   RO         1957    i.NVIC_PriorityGroupConfig  misc.o
    0x080034ec   0x00000002   Code   RO          214    i.PendSV_Handler    stm32f4xx_it.o
    0x080034ee   0x00000002   PAD
    0x080034f0   0x00000020   Code   RO         1324    i.RCC_AHB1PeriphClockCmd  stm32f4xx_rcc.o
    0x08003510   0x00000020   Code   RO         1333    i.RCC_APB1PeriphClockCmd  stm32f4xx_rcc.o
    0x08003530   0x00000020   Code   RO         1336    i.RCC_APB2PeriphClockCmd  stm32f4xx_rcc.o
    0x08003550   0x000000e4   Code   RO         1345    i.RCC_GetClocksFreq  stm32f4xx_rcc.o
    0x08003634   0x00000002   Code   RO          215    i.SVC_Handler       stm32f4xx_it.o
    0x08003636   0x00000002   PAD
    0x08003638   0x000000c0   Code   RO         1012    i.SetServoAngle     armsolution.o
    0x080036f8   0x000000ec   Code   RO          291    i.SetSysClock       system_stm32f4xx.o
    0x080037e4   0x000002a0   Code   RO         1013    i.Slow_Pwm          armsolution.o
    0x08003a84   0x0000010c   Code   RO          758    i.Straight_back_mm  pid.o
    0x08003b90   0x000000d0   Code   RO          759    i.Straight_go       pid.o
    0x08003c60   0x00000194   Code   RO          760    i.Straight_go_mm    pid.o
    0x08003df4   0x00000034   Code   RO          216    i.SysTick_Handler   stm32f4xx_it.o
    0x08003e28   0x00000068   Code   RO          293    i.SystemInit        system_stm32f4xx.o
    0x08003e90   0x0000006c   Code   RO            7    i.System_Clock      main.o
    0x08003efc   0x00000050   Code   RO          726    i.TCRT5000_config   tcrt5000.o
    0x08003f4c   0x00000044   Code   RO          513    i.TIM2_IRQHandler   motordriver.o
    0x08003f90   0x00000044   Code   RO          514    i.TIM3_IRQHandler   motordriver.o
    0x08003fd4   0x00000044   Code   RO          515    i.TIM4_IRQHandler   motordriver.o
    0x08004018   0x00000020   Code   RO          603    i.TIM6_DAC_IRQHandler  motorcontroller.o
    0x08004038   0x00000040   Code   RO         1014    i.TIM7_IRQHandler   armsolution.o
    0x08004078   0x00000044   Code   RO          516    i.TIM8_UP_TIM13_IRQHandler  motordriver.o
    0x080040bc   0x00000018   Code   RO         2368    i.TIM_ARRPreloadConfig  stm32f4xx_tim.o
    0x080040d4   0x00000006   Code   RO         2374    i.TIM_ClearFlag     stm32f4xx_tim.o
    0x080040da   0x00000006   Code   RO         2375    i.TIM_ClearITPendingBit  stm32f4xx_tim.o
    0x080040e0   0x00000018   Code   RO         2380    i.TIM_Cmd           stm32f4xx_tim.o
    0x080040f8   0x0000001e   Code   RO         2382    i.TIM_CtrlPWMOutputs  stm32f4xx_tim.o
    0x08004116   0x00000042   Code   RO         2389    i.TIM_EncoderInterfaceConfig  stm32f4xx_tim.o
    0x08004158   0x00000022   Code   RO         2401    i.TIM_GetITStatus   stm32f4xx_tim.o
    0x0800417a   0x00000012   Code   RO         2405    i.TIM_ITConfig      stm32f4xx_tim.o
    0x0800418c   0x0000007c   Code   RO         2409    i.TIM_OC1Init       stm32f4xx_tim.o
    0x08004208   0x00000012   Code   RO         2412    i.TIM_OC1PreloadConfig  stm32f4xx_tim.o
    0x0800421a   0x00000002   PAD
    0x0800421c   0x000000a4   Code   RO         2414    i.TIM_OC2Init       stm32f4xx_tim.o
    0x080042c0   0x0000001a   Code   RO         2417    i.TIM_OC2PreloadConfig  stm32f4xx_tim.o
    0x080042da   0x00000002   PAD
    0x080042dc   0x000000a0   Code   RO         2419    i.TIM_OC3Init       stm32f4xx_tim.o
    0x0800437c   0x00000012   Code   RO         2422    i.TIM_OC3PreloadConfig  stm32f4xx_tim.o
    0x0800438e   0x00000002   PAD
    0x08004390   0x00000078   Code   RO         2424    i.TIM_OC4Init       stm32f4xx_tim.o
    0x08004408   0x0000001a   Code   RO         2426    i.TIM_OC4PreloadConfig  stm32f4xx_tim.o
    0x08004422   0x00000002   PAD
    0x08004424   0x00000084   Code   RO         2452    i.TIM_TimeBaseInit  stm32f4xx_tim.o
    0x080044a8   0x00000040   Code   RO          334    i.TimingDelay_Decrement  delay.o
    0x080044e8   0x00000208   Code   RO          761    i.TurnBY_PID        pid.o
    0x080046f0   0x000001ec   Code   RO          762    i.TurnBY_PID_notforce_write  pid.o
    0x080048dc   0x0000004a   Code   RO          764    i.Turn_PID          pid.o
    0x08004926   0x00000002   PAD
    0x08004928   0x00000048   Code   RO          664    i.UART5_IRQHandler  amt1450_uart.o
    0x08004970   0x000000bc   Code   RO          665    i.UART_GetChar      amt1450_uart.o
    0x08004a2c   0x00000040   Code   RO          949    i.USART1_IRQHandler  nanocommunication.o
    0x08004a6c   0x000000dc   Code   RO          950    i.USART1_Init       nanocommunication.o
    0x08004b48   0x00000020   Code   RO          952    i.USART1_Process    nanocommunication.o
    0x08004b68   0x000001e4   Code   RO          953    i.USART1_Process_target  nanocommunication.o
    0x08004d4c   0x0000003c   Code   RO          422    i.USART2_IRQHandler  btmodule.o
    0x08004d88   0x000000d8   Code   RO          423    i.USART2_Init       btmodule.o
    0x08004e60   0x0000001e   Code   RO         1765    i.USART_ClearITPendingBit  stm32f4xx_usart.o
    0x08004e7e   0x00000018   Code   RO         1768    i.USART_Cmd         stm32f4xx_usart.o
    0x08004e96   0x00000002   PAD
    0x08004e98   0x00000068   Code   RO          424    i.USART_GetChar     btmodule.o
    0x08004f00   0x0000001a   Code   RO         1771    i.USART_GetFlagStatus  stm32f4xx_usart.o
    0x08004f1a   0x00000054   Code   RO         1772    i.USART_GetITStatus  stm32f4xx_usart.o
    0x08004f6e   0x0000004a   Code   RO         1774    i.USART_ITConfig    stm32f4xx_usart.o
    0x08004fb8   0x000000d4   Code   RO         1775    i.USART_Init        stm32f4xx_usart.o
    0x0800508c   0x00000016   Code   RO         1781    i.USART_OverSampling8Cmd  stm32f4xx_usart.o
    0x080050a2   0x0000000a   Code   RO         1782    i.USART_ReceiveData  stm32f4xx_usart.o
    0x080050ac   0x00000008   Code   RO         1785    i.USART_SendData    stm32f4xx_usart.o
    0x080050b4   0x00000004   Code   RO          217    i.UsageFault_Handler  stm32f4xx_it.o
    0x080050b8   0x00000030   Code   RO         3347    i.__ARM_fpclassify  m_wm.l(fpclassify.o)
    0x080050e8   0x00000026   Code   RO         3349    i.__ARM_fpclassifyf  m_wm.l(fpclassifyf.o)
    0x0800510e   0x00000002   PAD
    0x08005110   0x00000358   Code   RO         3205    i.__hardfp_acos     m_wm.l(acos.o)
    0x08005468   0x0000012c   Code   RO         3219    i.__hardfp_asinf    m_wm.l(asinf.o)
    0x08005594   0x00000004   PAD
    0x08005598   0x000002d8   Code   RO         3231    i.__hardfp_atan     m_wm.l(atan.o)
    0x08005870   0x00000160   Code   RO         3245    i.__hardfp_atanf    m_wm.l(atanf.o)
    0x080059d0   0x000000c8   Code   RO         3257    i.__hardfp_cos      m_wm.l(cos.o)
    0x08005a98   0x00000014   Code   RO         3269    i.__hardfp_fabs     m_wm.l(fabs.o)
    0x08005aac   0x00000004   PAD
    0x08005ab0   0x000000c8   Code   RO         3275    i.__hardfp_sin      m_wm.l(sin.o)
    0x08005b78   0x0000007a   Code   RO         3287    i.__hardfp_sqrt     m_wm.l(sqrt.o)
    0x08005bf2   0x00000006   PAD
    0x08005bf8   0x00000438   Code   RO         3367    i.__ieee754_rem_pio2  m_wm.l(rred.o)
    0x08006030   0x00000170   Code   RO         3330    i.__kernel_cos      m_wm.l(cos_i.o)
    0x080061a0   0x000000f8   Code   RO         3365    i.__kernel_poly     m_wm.l(poly.o)
    0x08006298   0x00000130   Code   RO         3372    i.__kernel_sin      m_wm.l(sin_i.o)
    0x080063c8   0x00000014   Code   RO         3334    i.__mathlib_dbl_infnan  m_wm.l(dunder.o)
    0x080063dc   0x00000004   PAD
    0x080063e0   0x00000020   Code   RO         3336    i.__mathlib_dbl_invalid  m_wm.l(dunder.o)
    0x08006400   0x00000020   Code   RO         3339    i.__mathlib_dbl_underflow  m_wm.l(dunder.o)
    0x08006420   0x00000006   Code   RO         3352    i.__mathlib_flt_infnan  m_wm.l(funder.o)
    0x08006426   0x00000002   PAD
    0x08006428   0x00000010   Code   RO         3354    i.__mathlib_flt_invalid  m_wm.l(funder.o)
    0x08006438   0x00000010   Code   RO         3357    i.__mathlib_flt_underflow  m_wm.l(funder.o)
    0x08006448   0x00000026   Code   RO         3037    i._sys_close        retarget_io.o
    0x0800646e   0x00000024   Code   RO         3038    i._sys_flen         retarget_io.o
    0x08006492   0x00000024   Code   RO         3039    i._sys_istty        retarget_io.o
    0x080064b6   0x00000002   PAD
    0x080064b8   0x00000068   Code   RO         3040    i._sys_open         retarget_io.o
    0x08006520   0x0000002c   Code   RO         3042    i._sys_seek         retarget_io.o
    0x0800654c   0x00000058   Code   RO         3043    i._sys_write        retarget_io.o
    0x080065a4   0x0000002c   Code   RO          667    i.check_SUM         amt1450_uart.o
    0x080065d0   0x00000018   Code   RO         3271    i.fabs              m_wm.l(fabs.o)
    0x080065e8   0x00000024   Code   RO          427    i.fputc             btmodule.o
    0x0800660c   0x00000034   Code   RO          668    i.get_AMT1450Data_UART  amt1450_uart.o
    0x08006640   0x00000078   Code   RO            8    i.get_runto_Grab    main.o
    0x080066b8   0x000000e4   Code   RO          669    i.init_AMT1450_UART  amt1450_uart.o
    0x0800679c   0x00000184   Code   RO            9    i.main              main.o
    0x08006920   0x00000060   Code   RO          766    i.s_PIDInit         pid.o
    0x08006980   0x0000006e   Code   RO         3289    i.sqrt              m_wm.l(sqrt.o)
    0x080069ee   0x0000003e   Code   RO         3380    i.sqrtf             m_wm.l(sqrtf.o)
    0x08006a2c   0x00000004   Code   RO         3044    i.stderr_putchar    retarget_io.o
    0x08006a30   0x00000008   Code   RO          493    i.stdout_putchar    stdout_user.o
    0x08006a38   0x0000004c   Code   RO          767    i.turn_PIDInit      pid.o
    0x08006a84   0x00000018   Code   RO         3315    x$fpl$basic         fz_wm.l(basic.o)
    0x08006a9c   0x00000062   Code   RO         3173    x$fpl$d2f           fz_wm.l(d2f.o)
    0x08006afe   0x00000002   PAD
    0x08006b00   0x00000150   Code   RO         3175    x$fpl$dadd          fz_wm.l(daddsub_clz.o)
    0x08006c50   0x00000018   Code   RO         3317    x$fpl$dcmpinf       fz_wm.l(dcmpi.o)
    0x08006c68   0x000002b0   Code   RO         3182    x$fpl$ddiv          fz_wm.l(ddiv.o)
    0x08006f18   0x00000078   Code   RO         3185    x$fpl$deqf          fz_wm.l(deqf.o)
    0x08006f90   0x0000005e   Code   RO         3187    x$fpl$dfix          fz_wm.l(dfix.o)
    0x08006fee   0x0000002e   Code   RO         3192    x$fpl$dflt          fz_wm.l(dflt_clz.o)
    0x0800701c   0x00000026   Code   RO         3191    x$fpl$dfltu         fz_wm.l(dflt_clz.o)
    0x08007042   0x00000002   PAD
    0x08007044   0x00000078   Code   RO         3197    x$fpl$dleqf         fz_wm.l(dleqf.o)
    0x080070bc   0x00000154   Code   RO         3199    x$fpl$dmul          fz_wm.l(dmul.o)
    0x08007210   0x0000009c   Code   RO         3319    x$fpl$dnaninf       fz_wm.l(dnaninf.o)
    0x080072ac   0x0000000c   Code   RO         3321    x$fpl$dretinf       fz_wm.l(dretinf.o)
    0x080072b8   0x0000006c   Code   RO         3201    x$fpl$drleqf        fz_wm.l(drleqf.o)
    0x08007324   0x00000016   Code   RO         3176    x$fpl$drsb          fz_wm.l(daddsub_clz.o)
    0x0800733a   0x00000002   PAD
    0x0800733c   0x00000198   Code   RO         3323    x$fpl$dsqrt         fz_wm.l(dsqrt_umaal.o)
    0x080074d4   0x000001d4   Code   RO         3177    x$fpl$dsub          fz_wm.l(daddsub_clz.o)
    0x080076a8   0x00000056   Code   RO         3203    x$fpl$f2d           fz_wm.l(f2d.o)
    0x080076fe   0x0000008c   Code   RO         3325    x$fpl$fnaninf       fz_wm.l(fnaninf.o)
    0x0800778a   0x0000000a   Code   RO         3610    x$fpl$fpinit        fz_wm.l(fpinit.o)
    0x08007794   0x0000000a   Code   RO         3327    x$fpl$fretinf       fz_wm.l(fretinf.o)
    0x0800779e   0x00000000   Code   RO         3329    x$fpl$usenofp       fz_wm.l(usenofp.o)
    0x0800779e   0x00000002   PAD
    0x080077a0   0x000000f8   Data   RO          768    .constdata          pid.o
    0x08007898   0x00000017   Data   RO         3046    .constdata          retarget_io.o
    0x080078af   0x00000001   PAD
    0x080078b0   0x00000050   Data   RO         3208    .constdata          m_wm.l(acos.o)
    0x08007900   0x00000098   Data   RO         3234    .constdata          m_wm.l(atan.o)
    0x08007998   0x00000030   Data   RO         3331    .constdata          m_wm.l(cos_i.o)
    0x080079c8   0x000000c8   Data   RO         3369    .constdata          m_wm.l(rred.o)
    0x08007a90   0x00000028   Data   RO         3373    .constdata          m_wm.l(sin_i.o)
    0x08007ab8   0x00000020   Data   RO         3686    Region$$Table       anon$$obj.o


    Execution Region RW_IRAM1 (Base: 0x20000000, Size: 0x000014a8, Max: 0x00020000, ABSOLUTE)

    Base Addr    Size         Type   Attr      Idx    E Section Name        Object

    0x20000000   0x0000000c   Data   RW           10    .data               main.o
    0x2000000c   0x00000002   Data   RW          218    .data               stm32f4xx_it.o
    0x2000000e   0x00000002   PAD
    0x20000010   0x00000014   Data   RW          294    .data               system_stm32f4xx.o
    0x20000024   0x0000000d   Data   RW          336    .data               delay.o
    0x20000031   0x00000002   Data   RW          430    .data               btmodule.o
    0x20000033   0x00000001   PAD
    0x20000034   0x00000008   Data   RW          517    .data               motordriver.o
    0x2000003c   0x0000006a   Data   RW          604    .data               motorcontroller.o
    0x200000a6   0x00000002   PAD
    0x200000a8   0x00000022   Data   RW          769    .data               pid.o
    0x200000ca   0x00000002   Data   RW          955    .data               nanocommunication.o
    0x200000cc   0x00000011   Data   RW         1016    .data               armsolution.o
    0x200000dd   0x00000010   Data   RW         1377    .data               stm32f4xx_rcc.o
    0x200000ed   0x00000003   PAD
    0x200000f0   0x00000004   Data   RW         3312    .data               c_w.l(stdio_streams.o)
    0x200000f4   0x00000004   Data   RW         3313    .data               c_w.l(stdio_streams.o)
    0x200000f8   0x00000004   Data   RW         3314    .data               c_w.l(stdio_streams.o)
    0x200000fc   0x00000009   Zero   RW          429    .bss                btmodule.o
    0x20000105   0x00000013   Zero   RW          670    .bss                amt1450_uart.o
    0x20000118   0x00000030   Zero   RW         1015    .bss                armsolution.o
    0x20000148   0x00000054   Zero   RW         3309    .bss                c_w.l(stdio_streams.o)
    0x2000019c   0x00000054   Zero   RW         3310    .bss                c_w.l(stdio_streams.o)
    0x200001f0   0x00000054   Zero   RW         3311    .bss                c_w.l(stdio_streams.o)
    0x20000244   0x00000060   Zero   RW         3421    .bss                c_w.l(libspace.o)
    0x200002a4   0x00000004   PAD
    0x200002a8   0x00000200   Zero   RW         1069    HEAP                startup_stm32f40_41xxx.o
    0x200004a8   0x00001000   Zero   RW         1068    STACK               startup_stm32f40_41xxx.o


==============================================================================

Image component sizes


      Code (inc. data)   RO Data    RW Data    ZI Data      Debug   Object Name

       616         34          0          0         19       4558   amt1450_uart.o
      4104        464          0         17         48      11132   armsolution.o
       416         32          0          2          9       4902   btmodule.o
       110         16          0         13          0       2134   delay.o
       308         16          0          0          0       1869   keyled.o
       780        114          0         12          0     322574   main.o
       140         24          0          0          0       1751   misc.o
      2640        428          0        106          0       8016   motorcontroller.o
      2436        144          0          8          0       8093   motordriver.o
       800        112          0          2          0       3585   nanocommunication.o
      3136        442        248         34          0      10599   pid.o
       350         24         23          0          0       6315   retarget_io.o
        64         26        392          0       4608        948   startup_stm32f40_41xxx.o
         8          0          0          0          0        541   stdout_user.o
       258          0          0          0          0       4632   stm32f4xx_gpio.o
        76         10          0          2          0       4483   stm32f4xx_it.o
       324         32          0         16          0       5035   stm32f4xx_rcc.o
       996         66          0          0          0      12727   stm32f4xx_tim.o
       490          8          0          0          0       7376   stm32f4xx_usart.o
       340         32          0         20          0       1861   system_stm32f4xx.o
        80         10          0          0          0        562   tcrt5000.o

    ----------------------------------------------------------------------
     18500       2034        696        240       4684     423693   Object Totals
         0          0         32          0          0          0   (incl. Generated)
        28          0          1          8          0          0   (incl. Padding)

    ----------------------------------------------------------------------

      Code (inc. data)   RO Data    RW Data    ZI Data      Debug   Library Member Name

         8          0          0          0          0         68   __main.o
       104          0          0          0          0         84   __printf.o
         0          0          0          0          0          0   __rtentry.o
        12          0          0          0          0          0   __rtentry2.o
         6          0          0          0          0          0   __rtentry4.o
        52          8          0          0          0          0   __scatter.o
        26          0          0          0          0          0   __scatter_copy.o
        28          0          0          0          0          0   __scatter_zi.o
        44          0          0          0          0        108   _printf_char.o
        48          6          0          0          0         96   _printf_char_common.o
        36          4          0          0          0         80   _printf_char_file.o
         6          0          0          0          0          0   _printf_d.o
       120         16          0          0          0         92   _printf_dec.o
       178          0          0          0          0         88   _printf_intcommon.o
         0          0          0          0          0          0   _printf_percent.o
         4          0          0          0          0          0   _printf_percent_end.o
         6          0          0          0          0          0   _printf_s.o
        82          0          0          0          0         80   _printf_str.o
        22          0          0          0          0        100   _rserrno.o
        10          0          0          0          0         68   defsig_exit.o
        50          0          0          0          0         88   defsig_general.o
        80         58          0          0          0         76   defsig_rtmem_inner.o
        14          0          0          0          0         80   defsig_rtmem_outer.o
        52         38          0          0          0         76   defsig_rtred_inner.o
        14          0          0          0          0         80   defsig_rtred_outer.o
        18          0          0          0          0         80   exit.o
        76          0          0          0          0         88   fclose.o
         8          0          0          0          0         68   ferror.o
       236          4          0          0          0        128   fopen.o
       248          6          0          0          0         84   fseek.o
        66          0          0          0          0         76   ftell.o
        94          0          0          0          0         80   h1_alloc.o
        52          0          0          0          0         68   h1_extend.o
        78          0          0          0          0         80   h1_free.o
        14          0          0          0          0         84   h1_init.o
         6          0          0          0          0        152   heapauxi.o
         4          0          0          0          0        136   hguard.o
         0          0          0          0          0          0   indicate_semi.o
       138          0          0          0          0        168   init_alloc.o
       312         46          0          0          0        112   initio.o
         2          0          0          0          0          0   libinit.o
        18          0          0          0          0          0   libinit2.o
         2          0          0          0          0          0   libshutdown.o
         6          0          0          0          0          0   libshutdown2.o
         8          4          0          0         96         68   libspace.o
         0          0          0          0          0          0   maybetermalloc1.o
        24          4          0          0          0         84   noretval__2printf.o
         8          4          0          0          0         68   rt_errno_addr_intlibspace.o
         8          4          0          0          0         68   rt_heap_descriptor_intlibspace.o
        78          0          0          0          0         80   rt_memclr_w.o
       100          0          0          0          0         80   rt_memcpy_w.o
         2          0          0          0          0          0   rtexit.o
        10          0          0          0          0          0   rtexit2.o
        70          0          0          0          0         80   setvbuf.o
       240          6          0          0          0        156   stdio.o
         0          0          0         12        252          0   stdio_streams.o
       128          0          0          0          0         68   strcmpv7m.o
        12          4          0          0          0         68   sys_exit.o
        74          0          0          0          0         80   sys_stackheap_outer.o
        14          0          0          0          0         76   sys_wrch.o
         2          0          0          0          0         68   use_no_semi.o
        24          0          0          0          0        164   basic.o
        98          4          0          0          0        140   d2f.o
       826         16          0          0          0        492   daddsub_clz.o
        24          0          0          0          0        116   dcmpi.o
       688        140          0          0          0        256   ddiv.o
       120          4          0          0          0        140   deqf.o
        94          4          0          0          0        140   dfix.o
        84          0          0          0          0        232   dflt_clz.o
       120          4          0          0          0        140   dleqf.o
       340         12          0          0          0        152   dmul.o
       156          4          0          0          0        140   dnaninf.o
        12          0          0          0          0        116   dretinf.o
       108          0          0          0          0        128   drleqf.o
       408         56          0          0          0        168   dsqrt_umaal.o
        86          4          0          0          0        132   f2d.o
       140          4          0          0          0        132   fnaninf.o
        10          0          0          0          0        116   fpinit.o
        10          0          0          0          0        116   fretinf.o
         0          0          0          0          0          0   usenofp.o
       856        118         80          0          0        288   acos.o
       300         42          0          0          0        176   asinf.o
       728        106        152          0          0        228   atan.o
       352         56          0          0          0        172   atanf.o
       200         20          0          0          0        164   cos.o
       368         46         48          0          0        200   cos_i.o
        84         16          0          0          0        372   dunder.o
        44          0          0          0          0        248   fabs.o
        48          0          0          0          0        124   fpclassify.o
        38          0          0          0          0        116   fpclassifyf.o
        38         12          0          0          0        348   funder.o
       248          0          0          0          0        152   poly.o
      1080        142        200          0          0        188   rred.o
       200         20          0          0          0        164   sin.o
       304         24         40          0          0        208   sin_i.o
       232          0          0          0          0        296   sqrt.o
        62          0          0          0          0        136   sqrtf.o

    ----------------------------------------------------------------------
     11732       1070        520         12        352      10312   Library Totals
        44          4          0          0          4          0   (incl. Padding)

    ----------------------------------------------------------------------

      Code (inc. data)   RO Data    RW Data    ZI Data      Debug   Library Name

      3158        212          0         12        348       3712   c_w.l
      3348        252          0          0          0       3020   fz_wm.l
      5182        602        520          0          0       3580   m_wm.l

    ----------------------------------------------------------------------
     11732       1070        520         12        352      10312   Library Totals

    ----------------------------------------------------------------------

==============================================================================


      Code (inc. data)   RO Data    RW Data    ZI Data      Debug   

     30232       3104       1216        252       5036     416577   Grand Totals
     30232       3104       1216        252       5036     416577   ELF Image Totals
     30232       3104       1216        252          0          0   ROM Totals

==============================================================================

    Total RO  Size (Code + RO Data)                31448 (  30.71kB)
    Total RW  Size (RW Data + ZI Data)              5288 (   5.16kB)
    Total ROM Size (Code + RO Data + RW Data)      31700 (  30.96kB)

==============================================================================

