Component: ARM Compiler 5.06 update 4 (build 422) Tool: armlink [4d35d2]

==============================================================================

Section Cross References

    main.o(i.GPIO_Config) refers to stm32f4xx_rcc.o(i.RCC_AHB1PeriphClockCmd) for RCC_AHB1PeriphClockCmd
    main.o(i.GPIO_Config) refers to stm32f4xx_gpio.o(i.GPIO_Init) for GPIO_Init
    main.o(i.Map_Action) refers to pid.o(i.Straight_go_mm) for Straight_go_mm
    main.o(i.Map_Action) refers to pid.o(i.TurnBY_PID) for TurnBY_PID
    main.o(i.Map_Action) refers to pid.o(i.Car_Direction_change) for Car_Direction_change
    main.o(i.Map_Action) refers to pid.o(i.Turn_I) for Turn_I
    main.o(i.Map_Action) refers to pid.o(i.Car_Position_add) for Car_Position_add
    main.o(i.Map_Action) refers to motorcontroller.o(i.MotorController_SetSpeed) for MotorController_SetSpeed
    main.o(i.Map_Action) refers to delay.o(i.Delay_ms) for Delay_ms
    main.o(i.Map_Action) refers to main.o(.data) for map
    main.o(i.NVIC_Configuration) refers to misc.o(i.NVIC_PriorityGroupConfig) for NVIC_PriorityGroupConfig
    main.o(i.NVIC_Configuration) refers to system_stm32f4xx.o(.data) for SystemCoreClock
    main.o(i.main) refers to _printf_percent.o(.ARM.Collect$$_printf_percent$$00000000) for _printf_percent
    main.o(i.main) refers to _printf_d.o(.ARM.Collect$$_printf_percent$$00000009) for _printf_d
    main.o(i.main) refers to _printf_dec.o(.text) for _printf_int_dec
    main.o(i.main) refers to main.o(i.GPIO_Config) for GPIO_Config
    main.o(i.main) refers to main.o(i.NVIC_Configuration) for NVIC_Configuration
    main.o(i.main) refers to keyled.o(i.Led_Init) for Led_Init
    main.o(i.main) refers to keyled.o(i.Key_Init) for Key_Init
    main.o(i.main) refers to amt1450_uart.o(i.init_AMT1450_UART) for init_AMT1450_UART
    main.o(i.main) refers to btmodule.o(i.USART2_Init) for USART2_Init
    main.o(i.main) refers to delay.o(i.Delay_ms) for Delay_ms
    main.o(i.main) refers to keyled.o(i.Key_Released) for Key_Released
    main.o(i.main) refers to amt1450_uart.o(i.AMT1450_UART_Cmd) for AMT1450_UART_Cmd
    main.o(i.main) refers to motordriver.o(i.MotorDriver_Init) for MotorDriver_Init
    main.o(i.main) refers to motordriver.o(i.MotorDriver_Start) for MotorDriver_Start
    main.o(i.main) refers to motordriver.o(i.Encoder_Init) for Encoder_Init
    main.o(i.main) refers to motorcontroller.o(i.MotorController_Init) for MotorController_Init
    main.o(i.main) refers to motorcontroller.o(i.MotorController_Enable) for MotorController_Enable
    main.o(i.main) refers to motorcontroller.o(i.MotorController_SetAcceleration) for MotorController_SetAcceleration
    main.o(i.main) refers to pid.o(i.s_PIDInit) for s_PIDInit
    main.o(i.main) refers to amt1450_uart.o(i.get_AMT1450Data_UART) for get_AMT1450Data_UART
    main.o(i.main) refers to pid.o(i.Car_Position_add) for Car_Position_add
    main.o(i.main) refers to noretval__2printf.o(.text) for __2printf
    main.o(i.main) refers to main.o(i.Map_Action) for Map_Action
    main.o(i.main) refers to pid.o(i.Straight_PID) for Straight_PID
    main.o(i.main) refers to pid.o(i.Follow_PID) for Follow_PID
    main.o(i.main) refers to motorcontroller.o(i.MotorController_SetSpeed) for MotorController_SetSpeed
    main.o(i.main) refers to stm32f4xx_gpio.o(i.GPIO_ResetBits) for GPIO_ResetBits
    main.o(i.main) refers to stm32f4xx_gpio.o(i.GPIO_SetBits) for GPIO_SetBits
    main.o(i.main) refers to main.o(.data) for n100msCount
    main.o(i.main) refers to delay.o(.data) for b10msFlag
    stm32f4xx_it.o(i.SysTick_Handler) refers to delay.o(i.TimingDelay_Decrement) for TimingDelay_Decrement
    stm32f4xx_it.o(i.SysTick_Handler) refers to stm32f4xx_it.o(.data) for nTickCount
    stm32f4xx_it.o(i.SysTick_Handler) refers to delay.o(.data) for b10msFlag
    system_stm32f4xx.o(i.SystemCoreClockUpdate) refers to system_stm32f4xx.o(.data) for SystemCoreClock
    system_stm32f4xx.o(i.SystemInit) refers to system_stm32f4xx.o(i.SetSysClock) for SetSysClock
    delay.o(i.Delay_10us) refers to delay.o(.data) for TimingDelay
    delay.o(i.Delay_ms) refers to delay.o(i.Delay_10us) for Delay_10us
    delay.o(i.TimingDelay_Decrement) refers to delay.o(.data) for TimingDelay
    delay.o(i.stm32_get_clock_ms) refers to delay.o(.data) for TimeStamp_ms
    keyled.o(i.Key_Init) refers to stm32f4xx_rcc.o(i.RCC_AHB1PeriphClockCmd) for RCC_AHB1PeriphClockCmd
    keyled.o(i.Key_Init) refers to stm32f4xx_gpio.o(i.GPIO_Init) for GPIO_Init
    keyled.o(i.Key_Pressed) refers to stm32f4xx_gpio.o(i.GPIO_ReadInputDataBit) for GPIO_ReadInputDataBit
    keyled.o(i.Key_Pressed) refers to delay.o(i.Delay_10us) for Delay_10us
    keyled.o(i.Key_Released) refers to stm32f4xx_gpio.o(i.GPIO_ReadInputDataBit) for GPIO_ReadInputDataBit
    keyled.o(i.Key_Released) refers to delay.o(i.Delay_10us) for Delay_10us
    keyled.o(i.Led_Init) refers to stm32f4xx_rcc.o(i.RCC_AHB1PeriphClockCmd) for RCC_AHB1PeriphClockCmd
[...]
    i.MotorController_Init                   0x0800175c   Section        0  motorcontroller.o(i.MotorController_Init)
    i.MotorController_SetAcceleration        0x08001894   Section        0  motorcontroller.o(i.MotorController_SetAcceleration)
    i.MotorController_SetSpeed               0x080018b0   Section        0  motorcontroller.o(i.MotorController_SetSpeed)
    i.MotorController_SpeedTunner            0x08001978   Section        0  motorcontroller.o(i.MotorController_SpeedTunner)
    i.MotorDriver_GetMotorState              0x0800205c   Section        0  motordriver.o(i.MotorDriver_GetMotorState)
    i.MotorDriver_Init                       0x080020b0   Section        0  motordriver.o(i.MotorDriver_Init)
    i.MotorDriver_SetPWMDuty                 0x080023f8   Section        0  motordriver.o(i.MotorDriver_SetPWMDuty)
    i.MotorDriver_Start                      0x0800243c   Section        0  motordriver.o(i.MotorDriver_Start)
    i.MotorDriver_Stop                       0x080024c8   Section        0  motordriver.o(i.MotorDriver_Stop)
    i.NMI_Handler                            0x08002540   Section        0  stm32f4xx_it.o(i.NMI_Handler)
    i.NVIC_Configuration                     0x08002544   Section        0  main.o(i.NVIC_Configuration)
    i.NVIC_Init                              0x080025b4   Section        0  misc.o(i.NVIC_Init)
    i.NVIC_PriorityGroupConfig               0x0800262c   Section        0  misc.o(i.NVIC_PriorityGroupConfig)
    i.PendSV_Handler                         0x08002640   Section        0  stm32f4xx_it.o(i.PendSV_Handler)
    i.RCC_AHB1PeriphClockCmd                 0x08002644   Section        0  stm32f4xx_rcc.o(i.RCC_AHB1PeriphClockCmd)
    i.RCC_APB1PeriphClockCmd                 0x08002664   Section        0  stm32f4xx_rcc.o(i.RCC_APB1PeriphClockCmd)
    i.RCC_APB2PeriphClockCmd                 0x08002684   Section        0  stm32f4xx_rcc.o(i.RCC_APB2PeriphClockCmd)
    i.RCC_GetClocksFreq                      0x080026a4   Section        0  stm32f4xx_rcc.o(i.RCC_GetClocksFreq)
    i.SVC_Handler                            0x08002788   Section        0  stm32f4xx_it.o(i.SVC_Handler)
    i.SetSysClock                            0x0800278c   Section        0  system_stm32f4xx.o(i.SetSysClock)
    SetSysClock                              0x0800278d   Thumb Code   220  system_stm32f4xx.o(i.SetSysClock)
    i.Straight_PID                           0x08002878   Section        0  pid.o(i.Straight_PID)
    i.Straight_go_mm                         0x0800291c   Section        0  pid.o(i.Straight_go_mm)
    i.SysTick_Handler                        0x08002aa8   Section        0  stm32f4xx_it.o(i.SysTick_Handler)
    i.SystemInit                             0x08002adc   Section        0  system_stm32f4xx.o(i.SystemInit)
    i.TIM2_IRQHandler                        0x08002b44   Section        0  motordriver.o(i.TIM2_IRQHandler)
    i.TIM3_IRQHandler                        0x08002b88   Section        0  motordriver.o(i.TIM3_IRQHandler)
    i.TIM4_IRQHandler                        0x08002bcc   Section        0  motordriver.o(i.TIM4_IRQHandler)
    i.TIM6_DAC_IRQHandler                    0x08002c10   Section        0  motorcontroller.o(i.TIM6_DAC_IRQHandler)
    i.TIM8_UP_TIM13_IRQHandler               0x08002c30   Section        0  motordriver.o(i.TIM8_UP_TIM13_IRQHandler)
    i.TIM_ARRPreloadConfig                   0x08002c74   Section        0  stm32f4xx_tim.o(i.TIM_ARRPreloadConfig)
    i.TIM_ClearFlag                          0x08002c8c   Section        0  stm32f4xx_tim.o(i.TIM_ClearFlag)
    i.TIM_ClearITPendingBit                  0x08002c92   Section        0  stm32f4xx_tim.o(i.TIM_ClearITPendingBit)
    i.TIM_Cmd                                0x08002c98   Section        0  stm32f4xx_tim.o(i.TIM_Cmd)
    i.TIM_CtrlPWMOutputs                     0x08002cb0   Section        0  stm32f4xx_tim.o(i.TIM_CtrlPWMOutputs)
    i.TIM_EncoderInterfaceConfig             0x08002cce   Section        0  stm32f4xx_tim.o(i.TIM_EncoderInterfaceConfig)
    i.TIM_GetITStatus                        0x08002d10   Section        0  stm32f4xx_tim.o(i.TIM_GetITStatus)
    i.TIM_ITConfig                           0x08002d32   Section        0  stm32f4xx_tim.o(i.TIM_ITConfig)
    i.TIM_OC1Init                            0x08002d44   Section        0  stm32f4xx_tim.o(i.TIM_OC1Init)
    i.TIM_OC1PreloadConfig                   0x08002dc0   Section        0  stm32f4xx_tim.o(i.TIM_OC1PreloadConfig)
    i.TIM_OC2Init                            0x08002dd4   Section        0  stm32f4xx_tim.o(i.TIM_OC2Init)
    i.TIM_OC2PreloadConfig                   0x08002e78   Section        0  stm32f4xx_tim.o(i.TIM_OC2PreloadConfig)
    i.TIM_OC3Init                            0x08002e94   Section        0  stm32f4xx_tim.o(i.TIM_OC3Init)
    i.TIM_OC3PreloadConfig                   0x08002f34   Section        0  stm32f4xx_tim.o(i.TIM_OC3PreloadConfig)
    i.TIM_OC4Init                            0x08002f48   Section        0  stm32f4xx_tim.o(i.TIM_OC4Init)
    i.TIM_OC4PreloadConfig                   0x08002fc0   Section        0  stm32f4xx_tim.o(i.TIM_OC4PreloadConfig)
    i.TIM_TimeBaseInit                       0x08002fdc   Section        0  stm32f4xx_tim.o(i.TIM_TimeBaseInit)
    i.TimingDelay_Decrement                  0x08003060   Section        0  delay.o(i.TimingDelay_Decrement)
    i.TurnBY_PID                             0x080030a0   Section        0  pid.o(i.TurnBY_PID)
    i.Turn_I                                 0x08003278   Section        0  pid.o(i.Turn_I)
    i.Turn_PID                               0x08003404   Section        0  pid.o(i.Turn_PID)
    i.UART5_IRQHandler                       0x08003450   Section        0  amt1450_uart.o(i.UART5_IRQHandler)
    i.UART_GetChar                           0x08003498   Section        0  amt1450_uart.o(i.UART_GetChar)
    i.USART1_IRQHandler                      0x08003554   Section        0  nanocommunication.o(i.USART1_IRQHandler)
    i.USART2_IRQHandler                      0x08003590   Section        0  btmodule.o(i.USART2_IRQHandler)
    i.USART2_Init                            0x080035cc   Section        0  btmodule.o(i.USART2_Init)
    i.USART_ClearITPendingBit                0x080036a8   Section        0  stm32f4xx_usart.o(i.USART_ClearITPendingBit)
    i.USART_Cmd                              0x080036c6   Section        0  stm32f4xx_usart.o(i.USART_Cmd)
    i.USART_GetChar                          0x080036e0   Section        0  btmodule.o(i.USART_GetChar)
    i.USART_GetFlagStatus                    0x08003748   Section        0  stm32f4xx_usart.o(i.USART_GetFlagStatus)
    i.USART_GetITStatus                      0x08003762   Section        0  stm32f4xx_usart.o(i.USART_GetITStatus)
    i.USART_ITConfig                         0x080037b6   Section        0  stm32f4xx_usart.o(i.USART_ITConfig)
    i.USART_Init                             0x08003800   Section        0  stm32f4xx_usart.o(i.USART_Init)
    i.USART_OverSampling8Cmd                 0x080038d4   Section        0  stm32f4xx_usart.o(i.USART_OverSampling8Cmd)
    i.USART_ReceiveData                      0x080038ea   Section        0  stm32f4xx_usart.o(i.USART_ReceiveData)
    i.USART_SendData                         0x080038f4   Section        0  stm32f4xx_usart.o(i.USART_SendData)
    i.UsageFault_Handler                     0x080038fc   Section        0  stm32f4xx_it.o(i.UsageFault_Handler)
    i.__hardfp_fabs                          0x08003900   Section        0  fabs.o(i.__hardfp_fabs)
    i._sys_close                             0x08003914   Section        0  retarget_io.o(i._sys_close)
    i._sys_flen                              0x0800393a   Section        0  retarget_io.o(i._sys_flen)
    i._sys_istty                             0x0800395e   Section        0  retarget_io.o(i._sys_istty)
    i._sys_open                              0x08003984   Section        0  retarget_io.o(i._sys_open)
    i._sys_seek                              0x080039ec   Section        0  retarget_io.o(i._sys_seek)
    i._sys_write                             0x08003a18   Section        0  retarget_io.o(i._sys_write)
    i.check_SUM                              0x08003a70   Section        0  amt1450_uart.o(i.check_SUM)
    i.fputc                                  0x08003a9c   Section        0  btmodule.o(i.fputc)
    i.get_AMT1450Data_UART                   0x08003ac0   Section        0  amt1450_uart.o(i.get_AMT1450Data_UART)
    i.init_AMT1450_UART                      0x08003af4   Section        0  amt1450_uart.o(i.init_AMT1450_UART)
    i.main                                   0x08003bd8   Section        0  main.o(i.main)
    i.s_PIDInit                              0x08003db8   Section        0  pid.o(i.s_PIDInit)
    i.stderr_putchar                         0x08003e10   Section        0  retarget_io.o(i.stderr_putchar)
    stderr_putchar                           0x08003e11   Thumb Code     4  retarget_io.o(i.stderr_putchar)
    i.stdout_putchar                         0x08003e14   Section        0  stdout_user.o(i.stdout_putchar)
    i.turn_PIDInit                           0x08003e1c   Section        0  pid.o(i.turn_PIDInit)
    x$fpl$d2f                                0x08003e68   Section       98  d2f.o(x$fpl$d2f)
    $v0                                      0x08003e68   Number         0  d2f.o(x$fpl$d2f)
    x$fpl$dadd                               0x08003ecc   Section      336  daddsub_clz.o(x$fpl$dadd)
    $v0                                      0x08003ecc   Number         0  daddsub_clz.o(x$fpl$dadd)
    _dadd1                                   0x08003edd   Thumb Code     0  daddsub_clz.o(x$fpl$dadd)
    x$fpl$dcmpinf                            0x0800401c   Section       24  dcmpi.o(x$fpl$dcmpinf)
    $v0                                      0x0800401c   Number         0  dcmpi.o(x$fpl$dcmpinf)
    x$fpl$ddiv                               0x08004034   Section      688  ddiv.o(x$fpl$ddiv)
    $v0                                      0x08004034   Number         0  ddiv.o(x$fpl$ddiv)
    ddiv_entry                               0x0800403b   Thumb Code     0  ddiv.o(x$fpl$ddiv)
    x$fpl$dfix                               0x080042e4   Section       94  dfix.o(x$fpl$dfix)
    $v0                                      0x080042e4   Number         0  dfix.o(x$fpl$dfix)
    x$fpl$dflt                               0x08004342   Section       46  dflt_clz.o(x$fpl$dflt)
    $v0                                      0x08004342   Number         0  dflt_clz.o(x$fpl$dflt)
    x$fpl$dfltu                              0x08004370   Section       38  dflt_clz.o(x$fpl$dfltu)
    $v0                                      0x08004370   Number         0  dflt_clz.o(x$fpl$dfltu)
    x$fpl$dleqf                              0x08004398   Section      120  dleqf.o(x$fpl$dleqf)
    $v0                                      0x08004398   Number         0  dleqf.o(x$fpl$dleqf)
    x$fpl$dmul                               0x08004410   Section      340  dmul.o(x$fpl$dmul)
    $v0                                      0x08004410   Number         0  dmul.o(x$fpl$dmul)
    x$fpl$dnaninf                            0x08004564   Section      156  dnaninf.o(x$fpl$dnaninf)
    $v0                                      0x08004564   Number         0  dnaninf.o(x$fpl$dnaninf)
    x$fpl$dretinf                            0x08004600   Section       12  dretinf.o(x$fpl$dretinf)
    $v0                                      0x08004600   Number         0  dretinf.o(x$fpl$dretinf)
    x$fpl$drleqf                             0x0800460c   Section      108  drleqf.o(x$fpl$drleqf)
    $v0                                      0x0800460c   Number         0  drleqf.o(x$fpl$drleqf)
    x$fpl$dsub                               0x08004678   Section      468  daddsub_clz.o(x$fpl$dsub)
    $v0                                      0x08004678   Number         0  daddsub_clz.o(x$fpl$dsub)
    _dsub1                                   0x08004689   Thumb Code     0  daddsub_clz.o(x$fpl$dsub)
    x$fpl$f2d                                0x0800484c   Section       86  f2d.o(x$fpl$f2d)
    $v0                                      0x0800484c   Number         0  f2d.o(x$fpl$f2d)
    x$fpl$fnaninf                            0x080048a2   Section      140  fnaninf.o(x$fpl$fnaninf)
    $v0                                      0x080048a2   Number         0  fnaninf.o(x$fpl$fnaninf)
    x$fpl$fpinit                             0x0800492e   Section       10  fpinit.o(x$fpl$fpinit)
    $v0                                      0x0800492e   Number         0  fpinit.o(x$fpl$fpinit)
    x$fpl$fretinf                            0x08004938   Section       10  fretinf.o(x$fpl$fretinf)
    $v0                                      0x08004938   Number         0  fretinf.o(x$fpl$fretinf)
    .constdata                               0x08004942   Section       23  retarget_io.o(.constdata)
    x$fpl$usenofp                            0x08004942   Section        0  usenofp.o(x$fpl$usenofp)
    .data                                    0x20000000   Section      276  main.o(.data)
    .data                                    0x20000114   Section        2  stm32f4xx_it.o(.data)
    .data                                    0x20000118   Section       20  system_stm32f4xx.o(.data)
    .data                                    0x2000012c   Section       13  delay.o(.data)
    TimingDelay                              0x2000012c   Data           4  delay.o(.data)
    .data                                    0x20000139   Section        2  btmodule.o(.data)
    .data                                    0x2000013c   Section        8  motordriver.o(.data)
    MotorDirver_Tim4_Update_Count            0x2000013c   Data           2  motordriver.o(.data)
    MotorDirver_Tim8_Update_Count            0x2000013e   Data           2  motordriver.o(.data)
    MotorDirver_Tim3_Update_Count            0x20000140   Data           2  motordriver.o(.data)
    MotorDirver_Tim2_Update_Count            0x20000142   Data           2  motordriver.o(.data)
    .data                                    0x20000144   Section      106  motorcontroller.o(.data)
    pwmDelta                                 0x200001ac   Data           2  motorcontroller.o(.data)
    .data                                    0x200001b0   Section       12  pid.o(.data)
    .data                                    0x200001bc   Section       16  stm32f4xx_rcc.o(.data)
    APBAHBPrescTable                         0x200001bc   Data          16  stm32f4xx_rcc.o(.data)
    .data                                    0x200001cc   Section        4  stdio_streams.o(.data)
    .data                                    0x200001d0   Section        4  stdio_streams.o(.data)
    .data                                    0x200001d4   Section        4  stdio_streams.o(.data)
    .bss                                     0x200001d8   Section        9  btmodule.o(.bss)
    .bss                                     0x200001e1   Section       19  amt1450_uart.o(.bss)
    .bss                                     0x200001f4   Section       84  stdio_streams.o(.bss)
    .bss                                     0x20000248   Section       84  stdio_streams.o(.bss)
    .bss                                     0x2000029c   Section       84  stdio_streams.o(.bss)
    .bss                                     0x200002f0   Section       96  libspace.o(.bss)
    HEAP                                     0x20000350   Section      512  startup_stm32f40_41xxx.o(HEAP)
    Heap_Mem                                 0x20000350   Data         512  startup_stm32f40_41xxx.o(HEAP)
    STACK                                    0x20000550   Section     4096  startup_stm32f40_41xxx.o(STACK)
    Stack_Mem                                0x20000550   Data        4096  startup_stm32f40_41xxx.o(STACK)
    __initial_sp                             0x20001550   Data           0  startup_stm32f40_41xxx.o(STACK)

    Global Symbols

    Symbol Name                              Value     Ov Type        Size  Object(Section)

    BuildAttributes$$THM_ISAv4$E$P$D$K$B$S$7EM$VFPi3$EXTD16$VFPS$VFMA$PE$A:L22UL41UL21$X:L11$S22US41US21$IEEE1$IW$USESV6$~STKCKD$USESV7$~SHL$OTIME$ROPI$IEEEJ$EBA8$UX$STANDARDLIB$REQ8$PRES8$EABIv2 0x00000000   Number         0  anon$$obj.o ABSOLUTE
    __ARM_use_no_argv                        0x00000000   Number         0  main.o ABSOLUTE
    __ARM_exceptions_init                     - Undefined Weak Reference
    __alloca_initialize                       - Undefined Weak Reference
    __arm_preinit_                            - Undefined Weak Reference
    __cpp_initialize__aeabi_                  - Undefined Weak Reference
    __cxa_finalize                            - Undefined Weak Reference
    __rt_locale                               - Undefined Weak Reference
    __sigvec_lookup                           - Undefined Weak Reference
    __user_heap_extent                        - Undefined Weak Reference
    _atexit_init                              - Undefined Weak Reference
    _call_atexit_fns                          - Undefined Weak Reference
    _clock_init                               - Undefined Weak Reference
    _fp_trap_init                             - Undefined Weak Reference
    _fp_trap_shutdown                         - Undefined Weak Reference
    _get_lc_collate                           - Undefined Weak Reference
    _get_lc_ctype                             - Undefined Weak Reference
    _get_lc_monetary                          - Undefined Weak Reference
    _get_lc_numeric                           - Undefined Weak Reference
    _get_lc_time                              - Undefined Weak Reference
    _getenv_init                              - Undefined Weak Reference
    _handle_redirection                       - Undefined Weak Reference
    _mutex_acquire                            - Undefined Weak Reference
    _mutex_free                               - Undefined Weak Reference
    _mutex_release                            - Undefined Weak Reference
    _printf_post_padding                      - Undefined Weak Reference
    _printf_pre_padding                       - Undefined Weak Reference
    _printf_truncate_signed                   - Undefined Weak Reference
    _printf_truncate_unsigned                 - Undefined Weak Reference
    _rand_init                                - Undefined Weak Reference
    _signal_finish                            - Undefined Weak Reference
    _signal_init                              - Undefined Weak Reference
    __Vectors_Size                           0x00000188   Number         0  startup_stm32f40_41xxx.o ABSOLUTE
    __Vectors                                0x08000000   Data           4  startup_stm32f40_41xxx.o(RESET)
    __Vectors_End                            0x08000188   Data           0  startup_stm32f40_41xxx.o(RESET)
    __main                                   0x08000189   Thumb Code     8  __main.o(!!!main)
    __scatterload                            0x08000191   Thumb Code     0  __scatter.o(!!!scatter)
    __scatterload_rt2                        0x08000191   Thumb Code    44  __scatter.o(!!!scatter)
    __scatterload_rt2_thumb_only             0x08000191   Thumb Code     0  __scatter.o(!!!scatter)
    __scatterload_null                       0x0800019f   Thumb Code     0  __scatter.o(!!!scatter)
    __decompress                             0x080001c5   Thumb Code    90  __dczerorl2.o(!!dczerorl2)
    __decompress1                            0x080001c5   Thumb Code     0  __dczerorl2.o(!!dczerorl2)
    __scatterload_zeroinit                   0x08000221   Thumb Code    28  __scatter_zi.o(!!handler_zi)
    _printf_d                                0x0800023d   Thumb Code     0  _printf_d.o(.ARM.Collect$$_printf_percent$$00000009)
    _printf_percent                          0x0800023d   Thumb Code     0  _printf_percent.o(.ARM.Collect$$_printf_percent$$00000000)
    _printf_percent_end                      0x08000243   Thumb Code     0  _printf_percent_end.o(.ARM.Collect$$_printf_percent$$00000017)
    __rt_lib_init                            0x08000247   Thumb Code     0  libinit.o(.ARM.Collect$$libinit$$00000000)
    __rt_lib_init_fp_1                       0x08000249   Thumb Code     0  libinit2.o(.ARM.Collect$$libinit$$00000001)
    __rt_lib_init_heap_2                     0x0800024d   Thumb Code     0  libinit2.o(.ARM.Collect$$libinit$$00000005)
    __rt_lib_init_preinit_1                  0x0800024d   Thumb Code     0  libinit2.o(.ARM.Collect$$libinit$$00000004)
    __rt_lib_init_atexit_1                   0x08000255   Thumb Code     0  libinit2.o(.ARM.Collect$$libinit$$0000001B)
    __rt_lib_init_clock_1                    0x08000255   Thumb Code     0  libinit2.o(.ARM.Collect$$libinit$$00000021)
    __rt_lib_init_fp_trap_1                  0x08000255   Thumb Code     0  libinit2.o(.ARM.Collect$$libinit$$0000001F)
    __rt_lib_init_getenv_1                   0x08000255   Thumb Code     0  libinit2.o(.ARM.Collect$$libinit$$00000023)
    __rt_lib_init_heap_1                     0x08000255   Thumb Code     0  libinit2.o(.ARM.Collect$$libinit$$0000000A)
    __rt_lib_init_lc_collate_1               0x08000255   Thumb Code     0  libinit2.o(.ARM.Collect$$libinit$$00000011)
    __rt_lib_init_lc_ctype_1                 0x08000255   Thumb Code     0  libinit2.o(.ARM.Collect$$libinit$$00000013)
    __rt_lib_init_lc_monetary_1              0x08000255   Thumb Code     0  libinit2.o(.ARM.Collect$$libinit$$00000015)
    __rt_lib_init_lc_numeric_1               0x08000255   Thumb Code     0  libinit2.o(.ARM.Collect$$libinit$$00000017)
    __rt_lib_init_lc_time_1                  0x08000255   Thumb Code     0  libinit2.o(.ARM.Collect$$libinit$$00000019)
    __rt_lib_init_rand_1                     0x08000255   Thumb Code     0  libinit2.o(.ARM.Collect$$libinit$$0000000E)
    __rt_lib_init_signal_1                   0x08000255   Thumb Code     0  libinit2.o(.ARM.Collect$$libinit$$0000001D)
    __rt_lib_init_stdio_2                    0x08000255   Thumb Code     0  libinit2.o(.ARM.Collect$$libinit$$00000024)
    __rt_lib_init_user_alloc_1               0x08000255   Thumb Code     0  libinit2.o(.ARM.Collect$$libinit$$0000000C)
    __rt_lib_init_alloca_1                   0x08000259   Thumb Code     0  libinit2.o(.ARM.Collect$$libinit$$0000002E)
    __rt_lib_init_argv_1                     0x08000259   Thumb Code     0  libinit2.o(.ARM.Collect$$libinit$$0000002C)
    __rt_lib_init_cpp_1                      0x08000259   Thumb Code     0  libinit2.o(.ARM.Collect$$libinit$$00000032)
    __rt_lib_init_exceptions_1               0x08000259   Thumb Code     0  libinit2.o(.ARM.Collect$$libinit$$00000030)
    __rt_lib_init_return                     0x08000259   Thumb Code     0  libinit2.o(.ARM.Collect$$libinit$$00000033)
    __rt_lib_init_stdio_1                    0x08000259   Thumb Code     0  libinit2.o(.ARM.Collect$$libinit$$00000025)
    __rt_lib_shutdown                        0x0800025b   Thumb Code     0  libshutdown.o(.ARM.Collect$$libshutdown$$00000000)
    __rt_lib_shutdown_cpp_1                  0x0800025d   Thumb Code     0  libshutdown2.o(.ARM.Collect$$libshutdown$$00000002)
    __rt_lib_shutdown_stdio_2                0x0800025d   Thumb Code     0  libshutdown2.o(.ARM.Collect$$libshutdown$$00000003)
    __rt_lib_shutdown_fp_trap_1              0x08000261   Thumb Code     0  libshutdown2.o(.ARM.Collect$$libshutdown$$00000007)
    __rt_lib_shutdown_heap_1                 0x08000261   Thumb Code     0  libshutdown2.o(.ARM.Collect$$libshutdown$$0000000F)
    __rt_lib_shutdown_return                 0x08000261   Thumb Code     0  libshutdown2.o(.ARM.Collect$$libshutdown$$00000010)
    __rt_lib_shutdown_signal_1               0x08000261   Thumb Code     0  libshutdown2.o(.ARM.Collect$$libshutdown$$0000000A)
    __rt_lib_shutdown_stdio_1                0x08000261   Thumb Code     0  libshutdown2.o(.ARM.Collect$$libshutdown$$00000004)
    __rt_lib_shutdown_user_alloc_1           0x08000261   Thumb Code     0  libshutdown2.o(.ARM.Collect$$libshutdown$$0000000C)
    __rt_entry                               0x08000263   Thumb Code     0  __rtentry.o(.ARM.Collect$$rtentry$$00000000)
    __rt_entry_presh_1                       0x08000263   Thumb Code     0  __rtentry2.o(.ARM.Collect$$rtentry$$00000002)
    __rt_entry_sh                            0x08000263   Thumb Code     0  __rtentry4.o(.ARM.Collect$$rtentry$$00000004)
    __rt_entry_li                            0x08000269   Thumb Code     0  __rtentry2.o(.ARM.Collect$$rtentry$$0000000A)
    __rt_entry_postsh_1                      0x08000269   Thumb Code     0  __rtentry2.o(.ARM.Collect$$rtentry$$00000009)
    __rt_entry_main                          0x0800026d   Thumb Code     0  __rtentry2.o(.ARM.Collect$$rtentry$$0000000D)
    __rt_entry_postli_1                      0x0800026d   Thumb Code     0  __rtentry2.o(.ARM.Collect$$rtentry$$0000000C)
    __rt_exit                                0x08000275   Thumb Code     0  rtexit.o(.ARM.Collect$$rtexit$$00000000)
    __rt_exit_ls                             0x08000277   Thumb Code     0  rtexit2.o(.ARM.Collect$$rtexit$$00000003)
    __rt_exit_prels_1                        0x08000277   Thumb Code     0  rtexit2.o(.ARM.Collect$$rtexit$$00000002)
    __rt_exit_exit                           0x0800027b   Thumb Code     0  rtexit2.o(.ARM.Collect$$rtexit$$00000004)
    Reset_Handler                            0x08000281   Thumb Code     8  startup_stm32f40_41xxx.o(.text)
    _maybe_terminate_alloc                   0x08000281   Thumb Code     0  maybetermalloc1.o(.emb_text)
    ADC_IRQHandler                           0x0800029b   Thumb Code     0  startup_stm32f40_41xxx.o(.text)
    CAN1_RX0_IRQHandler                      0x0800029b   Thumb Code     0  startup_stm32f40_41xxx.o(.text)
    CAN1_RX1_IRQHandler                      0x0800029b   Thumb Code     0  startup_stm32f40_41xxx.o(.text)
    CAN1_SCE_IRQHandler                      0x0800029b   Thumb Code     0  startup_stm32f40_41xxx.o(.text)
    CAN1_TX_IRQHandler                       0x0800029b   Thumb Code     0  startup_stm32f40_41xxx.o(.text)
    CAN2_RX0_IRQHandler                      0x0800029b   Thumb Code     0  startup_stm32f40_41xxx.o(.text)
    CAN2_RX1_IRQHandler                      0x0800029b   Thumb Code     0  startup_stm32f40_41xxx.o(.text)
    CAN2_SCE_IRQHandler                      0x0800029b   Thumb Code     0  startup_stm32f40_41xxx.o(.text)
    CAN2_TX_IRQHandler                       0x0800029b   Thumb Code     0  startup_stm32f40_41xxx.o(.text)
    CRYP_IRQHandler                          0x0800029b   Thumb Code     0  startup_stm32f40_41xxx.o(.text)
    DCMI_IRQHandler                          0x0800029b   Thumb Code     0  startup_stm32f40_41xxx.o(.text)
    DMA1_Stream0_IRQHandler                  0x0800029b   Thumb Code     0  startup_stm32f40_41xxx.o(.text)
    DMA1_Stream1_IRQHandler                  0x0800029b   Thumb Code     0  startup_stm32f40_41xxx.o(.text)
    DMA1_Stream2_IRQHandler                  0x0800029b   Thumb Code     0  startup_stm32f40_41xxx.o(.text)
    DMA1_Stream3_IRQHandler                  0x0800029b   Thumb Code     0  startup_stm32f40_41xxx.o(.text)
    DMA1_Stream4_IRQHandler                  0x0800029b   Thumb Code     0  startup_stm32f40_41xxx.o(.text)
    DMA1_Stream5_IRQHandler                  0x0800029b   Thumb Code     0  startup_stm32f40_41xxx.o(.text)
    DMA1_Stream6_IRQHandler                  0x0800029b   Thumb Code     0  startup_stm32f40_41xxx.o(.text)
    DMA1_Stream7_IRQHandler                  0x0800029b   Thumb Code     0  startup_stm32f40_41xxx.o(.text)
    DMA2_Stream0_IRQHandler                  0x0800029b   Thumb Code     0  startup_stm32f40_41xxx.o(.text)
    DMA2_Stream1_IRQHandler                  0x0800029b   Thumb Code     0  startup_stm32f40_41xxx.o(.text)
    DMA2_Stream2_IRQHandler                  0x0800029b   Thumb Code     0  startup_stm32f40_41xxx.o(.text)
    DMA2_Stream3_IRQHandler                  0x0800029b   Thumb Code     0  startup_stm32f40_41xxx.o(.text)
    DMA2_Stream4_IRQHandler                  0x0800029b   Thumb Code     0  startup_stm32f40_41xxx.o(.text)
    DMA2_Stream5_IRQHandler                  0x0800029b   Thumb Code     0  startup_stm32f40_41xxx.o(.text)
    DMA2_Stream6_IRQHandler                  0x0800029b   Thumb Code     0  startup_stm32f40_41xxx.o(.text)
    DMA2_Stream7_IRQHandler                  0x0800029b   Thumb Code     0  startup_stm32f40_41xxx.o(.text)
    ETH_IRQHandler                           0x0800029b   Thumb Code     0  startup_stm32f40_41xxx.o(.text)
    ETH_WKUP_IRQHandler                      0x0800029b   Thumb Code     0  startup_stm32f40_41xxx.o(.text)
    EXTI0_IRQHandler                         0x0800029b   Thumb Code     0  startup_stm32f40_41xxx.o(.text)
    EXTI15_10_IRQHandler                     0x0800029b   Thumb Code     0  startup_stm32f40_41xxx.o(.text)
    EXTI1_IRQHandler                         0x0800029b   Thumb Code     0  startup_stm32f40_41xxx.o(.text)
    EXTI2_IRQHandler                         0x0800029b   Thumb Code     0  startup_stm32f40_41xxx.o(.text)
    EXTI3_IRQHandler                         0x0800029b   Thumb Code     0  startup_stm32f40_41xxx.o(.text)
    EXTI4_IRQHandler                         0x0800029b   Thumb Code     0  startup_stm32f40_41xxx.o(.text)
    EXTI9_5_IRQHandler                       0x0800029b   Thumb Code     0  startup_stm32f40_41xxx.o(.text)
    FLASH_IRQHandler                         0x0800029b   Thumb Code     0  startup_stm32f40_41xxx.o(.text)
    FPU_IRQHandler                           0x0800029b   Thumb Code     0  startup_stm32f40_41xxx.o(.text)
    FSMC_IRQHandler                          0x0800029b   Thumb Code     0  startup_stm32f40_41xxx.o(.text)
    HASH_RNG_IRQHandler                      0x0800029b   Thumb Code     0  startup_stm32f40_41xxx.o(.text)
    I2C1_ER_IRQHandler                       0x0800029b   Thumb Code     0  startup_stm32f40_41xxx.o(.text)
    I2C1_EV_IRQHandler                       0x0800029b   Thumb Code     0  startup_stm32f40_41xxx.o(.text)
    I2C2_ER_IRQHandler                       0x0800029b   Thumb Code     0  startup_stm32f40_41xxx.o(.text)
    I2C2_EV_IRQHandler                       0x0800029b   Thumb Code     0  startup_stm32f40_41xxx.o(.text)
    I2C3_ER_IRQHandler                       0x0800029b   Thumb Code     0  startup_stm32f40_41xxx.o(.text)
    I2C3_EV_IRQHandler                       0x0800029b   Thumb Code     0  startup_stm32f40_41xxx.o(.text)
    OTG_FS_IRQHandler                        0x0800029b   Thumb Code     0  startup_stm32f40_41xxx.o(.text)
    OTG_FS_WKUP_IRQHandler                   0x0800029b   Thumb Code     0  startup_stm32f40_41xxx.o(.text)
    OTG_HS_EP1_IN_IRQHandler                 0x0800029b   Thumb Code     0  startup_stm32f40_41xxx.o(.text)
    OTG_HS_EP1_OUT_IRQHandler                0x0800029b   Thumb Code     0  startup_stm32f40_41xxx.o(.text)
    OTG_HS_IRQHandler                        0x0800029b   Thumb Code     0  startup_stm32f40_41xxx.o(.text)
    OTG_HS_WKUP_IRQHandler                   0x0800029b   Thumb Code     0  startup_stm32f40_41xxx.o(.text)
    PVD_IRQHandler                           0x0800029b   Thumb Code     0  startup_stm32f40_41xxx.o(.text)
    RCC_IRQHandler                           0x0800029b   Thumb Code     0  startup_stm32f40_41xxx.o(.text)
    RTC_Alarm_IRQHandler                     0x0800029b   Thumb Code     0  startup_stm32f40_41xxx.o(.text)
    RTC_WKUP_IRQHandler                      0x0800029b   Thumb Code     0  startup_stm32f40_41xxx.o(.text)
    SDIO_IRQHandler                          0x0800029b   Thumb Code     0  startup_stm32f40_41xxx.o(.text)
    SPI1_IRQHandler                          0x0800029b   Thumb Code     0  startup_stm32f40_41xxx.o(.text)
    SPI2_IRQHandler                          0x0800029b   Thumb Code     0  startup_stm32f40_41xxx.o(.text)
    SPI3_IRQHandler                          0x0800029b   Thumb Code     0  startup_stm32f40_41xxx.o(.text)
    TAMP_STAMP_IRQHandler                    0x0800029b   Thumb Code     0  startup_stm32f40_41xxx.o(.text)
    TIM1_BRK_TIM9_IRQHandler                 0x0800029b   Thumb Code     0  startup_stm32f40_41xxx.o(.text)
    TIM1_CC_IRQHandler                       0x0800029b   Thumb Code     0  startup_stm32f40_41xxx.o(.text)
    TIM1_TRG_COM_TIM11_IRQHandler            0x0800029b   Thumb Code     0  startup_stm32f40_41xxx.o(.text)
    TIM1_UP_TIM10_IRQHandler                 0x0800029b   Thumb Code     0  startup_stm32f40_41xxx.o(.text)
    TIM5_IRQHandler                          0x0800029b   Thumb Code     0  startup_stm32f40_41xxx.o(.text)
    TIM7_IRQHandler                          0x0800029b   Thumb Code     0  startup_stm32f40_41xxx.o(.text)
    TIM8_BRK_TIM12_IRQHandler                0x0800029b   Thumb Code     0  startup_stm32f40_41xxx.o(.text)
    TIM8_CC_IRQHandler                       0x0800029b   Thumb Code     0  startup_stm32f40_41xxx.o(.text)
    TIM8_TRG_COM_TIM14_IRQHandler            0x0800029b   Thumb Code     0  startup_stm32f40_41xxx.o(.text)
    UART4_IRQHandler                         0x0800029b   Thumb Code     0  startup_stm32f40_41xxx.o(.text)
    USART3_IRQHandler                        0x0800029b   Thumb Code     0  startup_stm32f40_41xxx.o(.text)
    USART6_IRQHandler                        0x0800029b   Thumb Code     0  startup_stm32f40_41xxx.o(.text)
    WWDG_IRQHandler                          0x0800029b   Thumb Code     0  startup_stm32f40_41xxx.o(.text)
    __user_initial_stackheap                 0x0800029d   Thumb Code     0  startup_stm32f40_41xxx.o(.text)
    __2printf                                0x080002c1   Thumb Code    20  noretval__2printf.o(.text)
    __printf                                 0x080002d9   Thumb Code   104  __printf.o(.text)
    _printf_int_dec                          0x08000341   Thumb Code   104  _printf_dec.o(.text)
    __aeabi_memclr4                          0x080003b9   Thumb Code     0  rt_memclr_w.o(.text)
    __aeabi_memclr8                          0x080003b9   Thumb Code     0  rt_memclr_w.o(.text)
    __rt_memclr_w                            0x080003b9   Thumb Code    78  rt_memclr_w.o(.text)
    _memset_w                                0x080003bd   Thumb Code     0  rt_memclr_w.o(.text)
    strcmp                                   0x08000409   Thumb Code   128  strcmpv7m.o(.text)
    __use_two_region_memory                  0x08000489   Thumb Code     2  heapauxi.o(.text)
    __rt_heap_escrow                         0x0800048b   Thumb Code     2  heapauxi.o(.text)
    __rt_heap_expand                         0x0800048d   Thumb Code     2  heapauxi.o(.text)
    _printf_int_common                       0x0800048f   Thumb Code   178  _printf_intcommon.o(.text)
    _printf_char_file                        0x08000541   Thumb Code    32  _printf_char_file.o(.text)
    _printf_char_common                      0x0800056f   Thumb Code    32  _printf_char_common.o(.text)
    ferror                                   0x08000595   Thumb Code     8  ferror.o(.text)
    _initio                                  0x0800059d   Thumb Code   210  initio.o(.text)
    _terminateio                             0x0800066f   Thumb Code    56  initio.o(.text)
    __user_setup_stackheap                   0x080006d5   Thumb Code    74  sys_stackheap_outer.o(.text)
    free                                     0x0800071f   Thumb Code    78  h1_free.o(.text)
    setvbuf                                  0x0800076d   Thumb Code    70  setvbuf.o(.text)
    freopen                                  0x080007b5   Thumb Code   158  fopen.o(.text)
    fopen                                    0x08000853   Thumb Code    74  fopen.o(.text)
    _fclose_internal                         0x080008a1   Thumb Code    76  fclose.o(.text)
    fclose                                   0x080008a1   Thumb Code     0  fclose.o(.text)
    exit                                     0x080008ed   Thumb Code    18  exit.o(.text)
    __rt_SIGRTRED                            0x080008ff   Thumb Code    14  defsig_rtred_outer.o(.text)
    __user_libspace                          0x0800090d   Thumb Code     8  libspace.o(.text)
    __user_perproc_libspace                  0x0800090d   Thumb Code     0  libspace.o(.text)
    __user_perthread_libspace                0x0800090d   Thumb Code     0  libspace.o(.text)
    __rt_heap_descriptor                     0x08000915   Thumb Code     8  rt_heap_descriptor_intlibspace.o(.text)
    __use_no_heap                            0x0800091d   Thumb Code     2  hguard.o(.text)
    __heap$guard                             0x0800091f   Thumb Code     2  hguard.o(.text)
    _terminate_user_alloc                    0x08000921   Thumb Code     2  init_alloc.o(.text)
    _init_user_alloc                         0x08000923   Thumb Code     2  init_alloc.o(.text)
    __Heap_Full                              0x08000925   Thumb Code    34  init_alloc.o(.text)
    __Heap_Broken                            0x08000947   Thumb Code     6  init_alloc.o(.text)
    _init_alloc                              0x0800094d   Thumb Code    94  init_alloc.o(.text)
    malloc                                   0x080009ab   Thumb Code    94  h1_alloc.o(.text)
    _fseek                                   0x08000a09   Thumb Code   242  fseek.o(.text)
    fseek                                    0x08000a09   Thumb Code     0  fseek.o(.text)
    _seterr                                  0x08000b01   Thumb Code    20  stdio.o(.text)
    _writebuf                                0x08000b15   Thumb Code    84  stdio.o(.text)
    _fflush                                  0x08000b69   Thumb Code    70  stdio.o(.text)
    _deferredlazyseek                        0x08000baf   Thumb Code    60  stdio.o(.text)
    __sig_exit                               0x08000bf1   Thumb Code    10  defsig_exit.o(.text)
    __rt_SIGRTRED_inner                      0x08000bfd   Thumb Code    14  defsig_rtred_inner.o(.text)
    _sys_exit                                0x08000c31   Thumb Code     8  sys_exit.o(.text)
    __Heap_Initialize                        0x08000c3d   Thumb Code    10  h1_init.o(.text)
    __Heap_DescSize                          0x08000c47   Thumb Code     4  h1_init.o(.text)
    __Heap_ProvideMemory                     0x08000c4b   Thumb Code    52  h1_extend.o(.text)
    _ftell_internal                          0x08000c7f   Thumb Code    66  ftell.o(.text)
    ftell                                    0x08000c7f   Thumb Code     0  ftell.o(.text)
    __default_signal_display                 0x08000cc1   Thumb Code    50  defsig_general.o(.text)
    __rt_SIGRTMEM                            0x08000cf3   Thumb Code    14  defsig_rtmem_outer.o(.text)
    _ttywrch                                 0x08000d01   Thumb Code    14  sys_wrch.o(.text)
    __I$use$semihosting                      0x08000d0f   Thumb Code     0  use_no_semi.o(.text)
    __use_no_semihosting_swi                 0x08000d0f   Thumb Code     2  use_no_semi.o(.text)
    __aeabi_errno_addr                       0x08000d11   Thumb Code     8  rt_errno_addr_intlibspace.o(.text)
    __errno$intlibspace                      0x08000d11   Thumb Code     0  rt_errno_addr_intlibspace.o(.text)
    __rt_errno_addr$intlibspace              0x08000d11   Thumb Code     0  rt_errno_addr_intlibspace.o(.text)
    __semihosting_library_function           0x08000d11   Thumb Code     0  indicate_semi.o(.text)
    __rt_SIGRTMEM_inner                      0x08000d19   Thumb Code    22  defsig_rtmem_inner.o(.text)
    AMT1450_UART_Cmd                         0x08000d69   Thumb Code    26  amt1450_uart.o(i.AMT1450_UART_Cmd)
    BusFault_Handler                         0x08000d89   Thumb Code     4  stm32f4xx_it.o(i.BusFault_Handler)
    Car_Direction_change                     0x08000d8d   Thumb Code    70  pid.o(i.Car_Direction_change)
    Car_Position_add                         0x08000dd9   Thumb Code    86  pid.o(i.Car_Position_add)
    DebugMon_Handler                         0x08000e39   Thumb Code     2  stm32f4xx_it.o(i.DebugMon_Handler)
    Delay_10us                               0x08000e3d   Thumb Code    20  delay.o(i.Delay_10us)
    Delay_ms                                 0x08000e55   Thumb Code    22  delay.o(i.Delay_ms)
    Encoder_GetEncCount                      0x08000e6d   Thumb Code   106  motordriver.o(i.Encoder_GetEncCount)
    Encoder_Init                             0x08000ef5   Thumb Code   746  motordriver.o(i.Encoder_Init)
    Follow_PID                               0x080011fd   Thumb Code   170  pid.o(i.Follow_PID)
    GPIO_Config                              0x080012a9   Thumb Code    48  main.o(i.GPIO_Config)
    GPIO_Init                                0x080012dd   Thumb Code   144  stm32f4xx_gpio.o(i.GPIO_Init)
    GPIO_PinAFConfig                         0x0800136d   Thumb Code    70  stm32f4xx_gpio.o(i.GPIO_PinAFConfig)
    GPIO_ReadInputDataBit                    0x080013b3   Thumb Code    18  stm32f4xx_gpio.o(i.GPIO_ReadInputDataBit)
    GPIO_ReadOutputDataBit                   0x080013c5   Thumb Code    18  stm32f4xx_gpio.o(i.GPIO_ReadOutputDataBit)
    GPIO_ResetBits                           0x080013d7   Thumb Code     4  stm32f4xx_gpio.o(i.GPIO_ResetBits)
    GPIO_SetBits                             0x080013db   Thumb Code     4  stm32f4xx_gpio.o(i.GPIO_SetBits)
    HardFault_Handler                        0x080013df   Thumb Code     4  stm32f4xx_it.o(i.HardFault_Handler)
    Key_Init                                 0x080013e5   Thumb Code    78  keyled.o(i.Key_Init)
    Key_Released                             0x08001439   Thumb Code   112  keyled.o(i.Key_Released)
    Led_Init                                 0x080014ad   Thumb Code   102  keyled.o(i.Led_Init)
    Map_Action                               0x08001519   Thumb Code   260  main.o(i.Map_Action)
    MemManage_Handler                        0x08001629   Thumb Code     4  stm32f4xx_it.o(i.MemManage_Handler)
    MotorController_Enable                   0x0800162d   Thumb Code   200  motorcontroller.o(i.MotorController_Enable)
    MotorController_Init                     0x0800175d   Thumb Code   222  motorcontroller.o(i.MotorController_Init)
    MotorController_SetAcceleration          0x08001895   Thumb Code    22  motorcontroller.o(i.MotorController_SetAcceleration)
    MotorController_SetSpeed                 0x080018b1   Thumb Code   166  motorcontroller.o(i.MotorController_SetSpeed)
    MotorController_SpeedTunner              0x08001979   Thumb Code  1692  motorcontroller.o(i.MotorController_SpeedTunner)
    MotorDriver_GetMotorState                0x0800205d   Thumb Code    74  motordriver.o(i.MotorDriver_GetMotorState)
    MotorDriver_Init                         0x080020b1   Thumb Code   824  motordriver.o(i.MotorDriver_Init)
    MotorDriver_SetPWMDuty                   0x080023f9   Thumb Code    64  motordriver.o(i.MotorDriver_SetPWMDuty)
    MotorDriver_Start                        0x0800243d   Thumb Code   128  motordriver.o(i.MotorDriver_Start)
    MotorDriver_Stop                         0x080024c9   Thumb Code   108  motordriver.o(i.MotorDriver_Stop)
    NMI_Handler                              0x08002541   Thumb Code     2  stm32f4xx_it.o(i.NMI_Handler)
    NVIC_Configuration                       0x08002545   Thumb Code    96  main.o(i.NVIC_Configuration)
    NVIC_Init                                0x080025b5   Thumb Code   106  misc.o(i.NVIC_Init)
    NVIC_PriorityGroupConfig                 0x0800262d   Thumb Code    10  misc.o(i.NVIC_PriorityGroupConfig)
    PendSV_Handler                           0x08002641   Thumb Code     2  stm32f4xx_it.o(i.PendSV_Handler)
    RCC_AHB1PeriphClockCmd                   0x08002645   Thumb Code    26  stm32f4xx_rcc.o(i.RCC_AHB1PeriphClockCmd)
    RCC_APB1PeriphClockCmd                   0x08002665   Thumb Code    26  stm32f4xx_rcc.o(i.RCC_APB1PeriphClockCmd)
    RCC_APB2PeriphClockCmd                   0x08002685   Thumb Code    26  stm32f4xx_rcc.o(i.RCC_APB2PeriphClockCmd)
    RCC_GetClocksFreq                        0x080026a5   Thumb Code   214  stm32f4xx_rcc.o(i.RCC_GetClocksFreq)
    SVC_Handler                              0x08002789   Thumb Code     2  stm32f4xx_it.o(i.SVC_Handler)
    Straight_PID                             0x08002879   Thumb Code   146  pid.o(i.Straight_PID)
    Straight_go_mm                           0x0800291d   Thumb Code   332  pid.o(i.Straight_go_mm)
    SysTick_Handler                          0x08002aa9   Thumb Code    42  stm32f4xx_it.o(i.SysTick_Handler)
    SystemInit                               0x08002add   Thumb Code    88  system_stm32f4xx.o(i.SystemInit)
    TIM2_IRQHandler                          0x08002b45   Thumb Code    62  motordriver.o(i.TIM2_IRQHandler)
    TIM3_IRQHandler                          0x08002b89   Thumb Code    60  motordriver.o(i.TIM3_IRQHandler)
    TIM4_IRQHandler                          0x08002bcd   Thumb Code    60  motordriver.o(i.TIM4_IRQHandler)
    TIM6_DAC_IRQHandler                      0x08002c11   Thumb Code    26  motorcontroller.o(i.TIM6_DAC_IRQHandler)
    TIM8_UP_TIM13_IRQHandler                 0x08002c31   Thumb Code    60  motordriver.o(i.TIM8_UP_TIM13_IRQHandler)
    TIM_ARRPreloadConfig                     0x08002c75   Thumb Code    24  stm32f4xx_tim.o(i.TIM_ARRPreloadConfig)
    TIM_ClearFlag                            0x08002c8d   Thumb Code     6  stm32f4xx_tim.o(i.TIM_ClearFlag)
    TIM_ClearITPendingBit                    0x08002c93   Thumb Code     6  stm32f4xx_tim.o(i.TIM_ClearITPendingBit)
    TIM_Cmd                                  0x08002c99   Thumb Code    24  stm32f4xx_tim.o(i.TIM_Cmd)
    TIM_CtrlPWMOutputs                       0x08002cb1   Thumb Code    30  stm32f4xx_tim.o(i.TIM_CtrlPWMOutputs)
    TIM_EncoderInterfaceConfig               0x08002ccf   Thumb Code    66  stm32f4xx_tim.o(i.TIM_EncoderInterfaceConfig)
    TIM_GetITStatus                          0x08002d11   Thumb Code    34  stm32f4xx_tim.o(i.TIM_GetITStatus)
    TIM_ITConfig                             0x08002d33   Thumb Code    18  stm32f4xx_tim.o(i.TIM_ITConfig)
    TIM_OC1Init                              0x08002d45   Thumb Code   114  stm32f4xx_tim.o(i.TIM_OC1Init)
    TIM_OC1PreloadConfig                     0x08002dc1   Thumb Code    18  stm32f4xx_tim.o(i.TIM_OC1PreloadConfig)
    TIM_OC2Init                              0x08002dd5   Thumb Code   154  stm32f4xx_tim.o(i.TIM_OC2Init)
    TIM_OC2PreloadConfig                     0x08002e79   Thumb Code    26  stm32f4xx_tim.o(i.TIM_OC2PreloadConfig)
    TIM_OC3Init                              0x08002e95   Thumb Code   150  stm32f4xx_tim.o(i.TIM_OC3Init)
    TIM_OC3PreloadConfig                     0x08002f35   Thumb Code    18  stm32f4xx_tim.o(i.TIM_OC3PreloadConfig)
    TIM_OC4Init                              0x08002f49   Thumb Code   112  stm32f4xx_tim.o(i.TIM_OC4Init)
    TIM_OC4PreloadConfig                     0x08002fc1   Thumb Code    26  stm32f4xx_tim.o(i.TIM_OC4PreloadConfig)
    TIM_TimeBaseInit                         0x08002fdd   Thumb Code   104  stm32f4xx_tim.o(i.TIM_TimeBaseInit)
    TimingDelay_Decrement                    0x08003061   Thumb Code    52  delay.o(i.TimingDelay_Decrement)
    TurnBY_PID                               0x080030a1   Thumb Code   426  pid.o(i.TurnBY_PID)
    Turn_I                                   0x08003279   Thumb Code   350  pid.o(i.Turn_I)
    Turn_PID                                 0x08003405   Thumb Code    74  pid.o(i.Turn_PID)
    UART5_IRQHandler                         0x08003451   Thumb Code    66  amt1450_uart.o(i.UART5_IRQHandler)
    UART_GetChar                             0x08003499   Thumb Code   184  amt1450_uart.o(i.UART_GetChar)
    USART1_IRQHandler                        0x08003555   Thumb Code    54  nanocommunication.o(i.USART1_IRQHandler)
    USART2_IRQHandler                        0x08003591   Thumb Code    54  btmodule.o(i.USART2_IRQHandler)
    USART2_Init                              0x080035cd   Thumb Code   210  btmodule.o(i.USART2_Init)
    USART_ClearITPendingBit                  0x080036a9   Thumb Code    30  stm32f4xx_usart.o(i.USART_ClearITPendingBit)
    USART_Cmd                                0x080036c7   Thumb Code    24  stm32f4xx_usart.o(i.USART_Cmd)
    USART_GetChar                            0x080036e1   Thumb Code    90  btmodule.o(i.USART_GetChar)
    USART_GetFlagStatus                      0x08003749   Thumb Code    26  stm32f4xx_usart.o(i.USART_GetFlagStatus)
    USART_GetITStatus                        0x08003763   Thumb Code    84  stm32f4xx_usart.o(i.USART_GetITStatus)
    USART_ITConfig                           0x080037b7   Thumb Code    74  stm32f4xx_usart.o(i.USART_ITConfig)
    USART_Init                               0x08003801   Thumb Code   204  stm32f4xx_usart.o(i.USART_Init)
    USART_OverSampling8Cmd                   0x080038d5   Thumb Code    22  stm32f4xx_usart.o(i.USART_OverSampling8Cmd)
    USART_ReceiveData                        0x080038eb   Thumb Code    10  stm32f4xx_usart.o(i.USART_ReceiveData)
    USART_SendData                           0x080038f5   Thumb Code     8  stm32f4xx_usart.o(i.USART_SendData)
    UsageFault_Handler                       0x080038fd   Thumb Code     4  stm32f4xx_it.o(i.UsageFault_Handler)
    __hardfp_fabs                            0x08003901   Thumb Code    20  fabs.o(i.__hardfp_fabs)
    _sys_close                               0x08003915   Thumb Code    38  retarget_io.o(i._sys_close)
    _sys_flen                                0x0800393b   Thumb Code    36  retarget_io.o(i._sys_flen)
    _sys_istty                               0x0800395f   Thumb Code    36  retarget_io.o(i._sys_istty)
    _sys_open                                0x08003985   Thumb Code    80  retarget_io.o(i._sys_open)
    _sys_seek                                0x080039ed   Thumb Code    44  retarget_io.o(i._sys_seek)
    _sys_write                               0x08003a19   Thumb Code    88  retarget_io.o(i._sys_write)
    check_SUM                                0x08003a71   Thumb Code    44  amt1450_uart.o(i.check_SUM)
    fputc                                    0x08003a9d   Thumb Code    32  btmodule.o(i.fputc)
    get_AMT1450Data_UART                     0x08003ac1   Thumb Code    48  amt1450_uart.o(i.get_AMT1450Data_UART)
    init_AMT1450_UART                        0x08003af5   Thumb Code   214  amt1450_uart.o(i.init_AMT1450_UART)
    main                                     0x08003bd9   Thumb Code   430  main.o(i.main)
    s_PIDInit                                0x08003db9   Thumb Code    74  pid.o(i.s_PIDInit)
    stdout_putchar                           0x08003e15   Thumb Code     8  stdout_user.o(i.stdout_putchar)
    turn_PIDInit                             0x08003e1d   Thumb Code    66  pid.o(i.turn_PIDInit)
    __aeabi_d2f                              0x08003e69   Thumb Code     0  d2f.o(x$fpl$d2f)
    _d2f                                     0x08003e69   Thumb Code    98  d2f.o(x$fpl$d2f)
    __aeabi_dadd                             0x08003ecd   Thumb Code     0  daddsub_clz.o(x$fpl$dadd)
    _dadd                                    0x08003ecd   Thumb Code   332  daddsub_clz.o(x$fpl$dadd)
    __fpl_dcmp_Inf                           0x0800401d   Thumb Code    24  dcmpi.o(x$fpl$dcmpinf)
    __aeabi_ddiv                             0x08004035   Thumb Code     0  ddiv.o(x$fpl$ddiv)
    _ddiv                                    0x08004035   Thumb Code   552  ddiv.o(x$fpl$ddiv)
    __aeabi_d2iz                             0x080042e5   Thumb Code     0  dfix.o(x$fpl$dfix)
    _dfix                                    0x080042e5   Thumb Code    94  dfix.o(x$fpl$dfix)
    __aeabi_i2d                              0x08004343   Thumb Code     0  dflt_clz.o(x$fpl$dflt)
    _dflt                                    0x08004343   Thumb Code    46  dflt_clz.o(x$fpl$dflt)
    __aeabi_ui2d                             0x08004371   Thumb Code     0  dflt_clz.o(x$fpl$dfltu)
    _dfltu                                   0x08004371   Thumb Code    38  dflt_clz.o(x$fpl$dfltu)
    __aeabi_cdcmple                          0x08004399   Thumb Code     0  dleqf.o(x$fpl$dleqf)
    _dcmple                                  0x08004399   Thumb Code   120  dleqf.o(x$fpl$dleqf)
    __fpl_dcmple_InfNaN                      0x080043fb   Thumb Code     0  dleqf.o(x$fpl$dleqf)
    __aeabi_dmul                             0x08004411   Thumb Code     0  dmul.o(x$fpl$dmul)
    _dmul                                    0x08004411   Thumb Code   332  dmul.o(x$fpl$dmul)
    __fpl_dnaninf                            0x08004565   Thumb Code   156  dnaninf.o(x$fpl$dnaninf)
    __fpl_dretinf                            0x08004601   Thumb Code    12  dretinf.o(x$fpl$dretinf)
    __aeabi_cdrcmple                         0x0800460d   Thumb Code     0  drleqf.o(x$fpl$drleqf)
    _drcmple                                 0x0800460d   Thumb Code   108  drleqf.o(x$fpl$drleqf)
    __aeabi_dsub                             0x08004679   Thumb Code     0  daddsub_clz.o(x$fpl$dsub)
    _dsub                                    0x08004679   Thumb Code   464  daddsub_clz.o(x$fpl$dsub)
    __aeabi_f2d                              0x0800484d   Thumb Code     0  f2d.o(x$fpl$f2d)
    _f2d                                     0x0800484d   Thumb Code    86  f2d.o(x$fpl$f2d)
    __fpl_fnaninf                            0x080048a3   Thumb Code   140  fnaninf.o(x$fpl$fnaninf)
    _fp_init                                 0x0800492f   Thumb Code    10  fpinit.o(x$fpl$fpinit)
    __fplib_config_fpu_vfp                   0x08004937   Thumb Code     0  fpinit.o(x$fpl$fpinit)
    __fplib_config_pureend_doubles           0x08004937   Thumb Code     0  fpinit.o(x$fpl$fpinit)
    __fpl_fretinf                            0x08004939   Thumb Code    10  fretinf.o(x$fpl$fretinf)
    __I$use$fp                               0x08004942   Number         0  usenofp.o(x$fpl$usenofp)
    __stdin_name                             0x08004942   Data           7  retarget_io.o(.constdata)
    __stdout_name                            0x08004949   Data           8  retarget_io.o(.constdata)
    __stderr_name                            0x08004951   Data           8  retarget_io.o(.constdata)
    Region$$Table$$Base                      0x0800495c   Number         0  anon$$obj.o(Region$$Table)
    Region$$Table$$Limit                     0x0800497c   Number         0  anon$$obj.o(Region$$Table)
    n10msCount                               0x20000000   Data           2  main.o(.data)
    b100msFlag                               0x20000002   Data           1  main.o(.data)
    n100msCount                              0x20000004   Data           2  main.o(.data)
    nSpeed                                   0x20000008   Data           4  main.o(.data)
    map_index                                0x2000000c   Data           4  main.o(.data)
    map_count                                0x20000010   Data           4  main.o(.data)
    map                                      0x20000014   Data         256  main.o(.data)
    nTickCount                               0x20000114   Data           2  stm32f4xx_it.o(.data)
    SystemCoreClock                          0x20000118   Data           4  system_stm32f4xx.o(.data)
    AHBPrescTable                            0x2000011c   Data          16  system_stm32f4xx.o(.data)
    b10msFlag                                0x20000130   Data           1  delay.o(.data)
    TimeStamp_ms                             0x20000134   Data           4  delay.o(.data)
    TimeStamp_ms_counter                     0x20000138   Data           1  delay.o(.data)
    nRx2Counter                              0x20000139   Data           1  btmodule.o(.data)
    USART_FrameFlag                          0x2000013a   Data           1  btmodule.o(.data)
    MotorController_EncoderResolution        0x20000144   Data           2  motorcontroller.o(.data)
    MotorController_WheelDiameter            0x20000146   Data           1  motorcontroller.o(.data)
    MotorController_Acc                      0x20000148   Data           2  motorcontroller.o(.data)
    MotorController_MotorA_SpeedSet          0x2000014a   Data           2  motorcontroller.o(.data)
    MotorController_MotorB_SpeedSet          0x2000014c   Data           2  motorcontroller.o(.data)
    MotorController_MotorC_SpeedSet          0x2000014e   Data           2  motorcontroller.o(.data)
    MotorController_MotorD_SpeedSet          0x20000150   Data           2  motorcontroller.o(.data)
    MotorController_MotorA_SpeedCur          0x20000152   Data           2  motorcontroller.o(.data)
    MotorController_MotorB_SpeedCur          0x20000154   Data           2  motorcontroller.o(.data)
    MotorController_MotorC_SpeedCur          0x20000156   Data           2  motorcontroller.o(.data)
    MotorController_MotorD_SpeedCur          0x20000158   Data           2  motorcontroller.o(.data)
    MotorController_MotorA_SpeedPWM          0x2000015a   Data           2  motorcontroller.o(.data)
    MotorController_MotorB_SpeedPWM          0x2000015c   Data           2  motorcontroller.o(.data)
    MotorController_MotorC_SpeedPWM          0x2000015e   Data           2  motorcontroller.o(.data)
    MotorController_MotorD_SpeedPWM          0x20000160   Data           2  motorcontroller.o(.data)
    MotorController_MotorA_EncCnt            0x20000164   Data           4  motorcontroller.o(.data)
    MotorController_MotorB_EncCnt            0x20000168   Data           4  motorcontroller.o(.data)
    MotorController_MotorC_EncCnt            0x2000016c   Data           4  motorcontroller.o(.data)
    MotorController_MotorD_EncCnt            0x20000170   Data           4  motorcontroller.o(.data)
    MotorController_MotorA_SpeedErr1         0x20000174   Data           4  motorcontroller.o(.data)
    MotorController_MotorB_SpeedErr1         0x20000178   Data           4  motorcontroller.o(.data)
    MotorController_MotorC_SpeedErr1         0x2000017c   Data           4  motorcontroller.o(.data)
    MotorController_MotorD_SpeedErr1         0x20000180   Data           4  motorcontroller.o(.data)
    MotorController_MotorA_SpeedErr2         0x20000184   Data           4  motorcontroller.o(.data)
    MotorController_MotorB_SpeedErr2         0x20000188   Data           4  motorcontroller.o(.data)
    MotorController_MotorC_SpeedErr2         0x2000018c   Data           4  motorcontroller.o(.data)
    MotorController_MotorD_SpeedErr2         0x20000190   Data           4  motorcontroller.o(.data)
    MotorController_MotorEnabledCount        0x20000194   Data           1  motorcontroller.o(.data)
    MotorController_KP                       0x20000198   Data           4  motorcontroller.o(.data)
    MotorController_KI                       0x2000019c   Data           4  motorcontroller.o(.data)
    MotorController_KD                       0x200001a0   Data           4  motorcontroller.o(.data)
    Motor_speed1                             0x200001a4   Data           4  motorcontroller.o(.data)
    Motor_speed2                             0x200001a8   Data           4  motorcontroller.o(.data)
    car_direction                            0x200001b0   Data           4  pid.o(.data)
    car_position                             0x200001b4   Data           8  pid.o(.data)
    __aeabi_stdin                            0x200001cc   Data           4  stdio_streams.o(.data)
    __aeabi_stdout                           0x200001d0   Data           4  stdio_streams.o(.data)
    __aeabi_stderr                           0x200001d4   Data           4  stdio_streams.o(.data)
    USART_Rx2Buff                            0x200001d8   Data           9  btmodule.o(.bss)
    amt1450_UART_Rx                          0x200001e1   Data          19  amt1450_uart.o(.bss)
    __stdin                                  0x200001f4   Data          84  stdio_streams.o(.bss)
    __stdout                                 0x20000248   Data          84  stdio_streams.o(.bss)
    __stderr                                 0x2000029c   Data          84  stdio_streams.o(.bss)
    __libspace_start                         0x200002f0   Data          96  libspace.o(.bss)
    __temporary_stack_top$libspace           0x20000350   Data           0  libspace.o(.bss)



==============================================================================

Memory Map of the image

  Image Entry point : 0x08000189

  Load Region LR_IROM1 (Base: 0x08000000, Size: 0x00004b54, Max: 0x00080000, ABSOLUTE, COMPRESSED[0x00004a04])

    Execution Region ER_IROM1 (Base: 0x08000000, Size: 0x0000497c, Max: 0x00080000, ABSOLUTE)

    Base Addr    Size         Type   Attr      Idx    E Section Name        Object

    0x08000000   0x00000188   Data   RO          945    RESET               startup_stm32f40_41xxx.o
    0x08000188   0x00000008   Code   RO         3041  * !!!main             c_w.l(__main.o)
    0x08000190   0x00000034   Code   RO         3404    !!!scatter          c_w.l(__scatter.o)
    0x080001c4   0x0000005a   Code   RO         3402    !!dczerorl2         c_w.l(__dczerorl2.o)
    0x0800021e   0x00000002   PAD
    0x08000220   0x0000001c   Code   RO         3406    !!handler_zi        c_w.l(__scatter_zi.o)
    0x0800023c   0x00000000   Code   RO         3034    .ARM.Collect$$_printf_percent$$00000000  c_w.l(_printf_percent.o)
    0x0800023c   0x00000006   Code   RO         3033    .ARM.Collect$$_printf_percent$$00000009  c_w.l(_printf_d.o)
    0x08000242   0x00000004   Code   RO         3084    .ARM.Collect$$_printf_percent$$00000017  c_w.l(_printf_percent_end.o)
    0x08000246   0x00000002   Code   RO         3211    .ARM.Collect$$libinit$$00000000  c_w.l(libinit.o)
    0x08000248   0x00000004   Code   RO         3212    .ARM.Collect$$libinit$$00000001  c_w.l(libinit2.o)
    0x0800024c   0x00000000   Code   RO         3215    .ARM.Collect$$libinit$$00000004  c_w.l(libinit2.o)
    0x0800024c   0x00000008   Code   RO         3216    .ARM.Collect$$libinit$$00000005  c_w.l(libinit2.o)
    0x08000254   0x00000000   Code   RO         3218    .ARM.Collect$$libinit$$0000000A  c_w.l(libinit2.o)
    0x08000254   0x00000000   Code   RO         3220    .ARM.Collect$$libinit$$0000000C  c_w.l(libinit2.o)
    0x08000254   0x00000000   Code   RO         3222    .ARM.Collect$$libinit$$0000000E  c_w.l(libinit2.o)
    0x08000254   0x00000000   Code   RO         3225    .ARM.Collect$$libinit$$00000011  c_w.l(libinit2.o)
    0x08000254   0x00000000   Code   RO         3227    .ARM.Collect$$libinit$$00000013  c_w.l(libinit2.o)
    0x08000254   0x00000000   Code   RO         3229    .ARM.Collect$$libinit$$00000015  c_w.l(libinit2.o)
    0x08000254   0x00000000   Code   RO         3231    .ARM.Collect$$libinit$$00000017  c_w.l(libinit2.o)
    0x08000254   0x00000000   Code   RO         3233    .ARM.Collect$$libinit$$00000019  c_w.l(libinit2.o)
    0x08000254   0x00000000   Code   RO         3235    .ARM.Collect$$libinit$$0000001B  c_w.l(libinit2.o)
    0x08000254   0x00000000   Code   RO         3237    .ARM.Collect$$libinit$$0000001D  c_w.l(libinit2.o)
    0x08000254   0x00000000   Code   RO         3239    .ARM.Collect$$libinit$$0000001F  c_w.l(libinit2.o)
    0x08000254   0x00000000   Code   RO         3241    .ARM.Collect$$libinit$$00000021  c_w.l(libinit2.o)
    0x08000254   0x00000000   Code   RO         3243    .ARM.Collect$$libinit$$00000023  c_w.l(libinit2.o)
    0x08000254   0x00000004   Code   RO         3244    .ARM.Collect$$libinit$$00000024  c_w.l(libinit2.o)
    0x08000258   0x00000000   Code   RO         3245    .ARM.Collect$$libinit$$00000025  c_w.l(libinit2.o)
    0x08000258   0x00000000   Code   RO         3249    .ARM.Collect$$libinit$$0000002C  c_w.l(libinit2.o)
    0x08000258   0x00000000   Code   RO         3251    .ARM.Collect$$libinit$$0000002E  c_w.l(libinit2.o)
    0x08000258   0x00000000   Code   RO         3253    .ARM.Collect$$libinit$$00000030  c_w.l(libinit2.o)
    0x08000258   0x00000000   Code   RO         3255    .ARM.Collect$$libinit$$00000032  c_w.l(libinit2.o)
    0x08000258   0x00000002   Code   RO         3256    .ARM.Collect$$libinit$$00000033  c_w.l(libinit2.o)
    0x0800025a   0x00000002   Code   RO         3381    .ARM.Collect$$libshutdown$$00000000  c_w.l(libshutdown.o)
    0x0800025c   0x00000000   Code   RO         3258    .ARM.Collect$$libshutdown$$00000002  c_w.l(libshutdown2.o)
    0x0800025c   0x00000004   Code   RO         3259    .ARM.Collect$$libshutdown$$00000003  c_w.l(libshutdown2.o)
    0x08000260   0x00000000   Code   RO         3260    .ARM.Collect$$libshutdown$$00000004  c_w.l(libshutdown2.o)
    0x08000260   0x00000000   Code   RO         3263    .ARM.Collect$$libshutdown$$00000007  c_w.l(libshutdown2.o)
    0x08000260   0x00000000   Code   RO         3266    .ARM.Collect$$libshutdown$$0000000A  c_w.l(libshutdown2.o)
    0x08000260   0x00000000   Code   RO         3268    .ARM.Collect$$libshutdown$$0000000C  c_w.l(libshutdown2.o)
    0x08000260   0x00000000   Code   RO         3271    .ARM.Collect$$libshutdown$$0000000F  c_w.l(libshutdown2.o)
    0x08000260   0x00000002   Code   RO         3272    .ARM.Collect$$libshutdown$$00000010  c_w.l(libshutdown2.o)
    0x08000262   0x00000000   Code   RO         3079    .ARM.Collect$$rtentry$$00000000  c_w.l(__rtentry.o)
    0x08000262   0x00000000   Code   RO         3103    .ARM.Collect$$rtentry$$00000002  c_w.l(__rtentry2.o)
    0x08000262   0x00000006   Code   RO         3115    .ARM.Collect$$rtentry$$00000004  c_w.l(__rtentry4.o)
    0x08000268   0x00000000   Code   RO         3105    .ARM.Collect$$rtentry$$00000009  c_w.l(__rtentry2.o)
    0x08000268   0x00000004   Code   RO         3106    .ARM.Collect$$rtentry$$0000000A  c_w.l(__rtentry2.o)
    0x0800026c   0x00000000   Code   RO         3108    .ARM.Collect$$rtentry$$0000000C  c_w.l(__rtentry2.o)
    0x0800026c   0x00000008   Code   RO         3109    .ARM.Collect$$rtentry$$0000000D  c_w.l(__rtentry2.o)
    0x08000274   0x00000002   Code   RO         3276    .ARM.Collect$$rtexit$$00000000  c_w.l(rtexit.o)
    0x08000276   0x00000000   Code   RO         3324    .ARM.Collect$$rtexit$$00000002  c_w.l(rtexit2.o)
    0x08000276   0x00000004   Code   RO         3325    .ARM.Collect$$rtexit$$00000003  c_w.l(rtexit2.o)
    0x0800027a   0x00000006   Code   RO         3326    .ARM.Collect$$rtexit$$00000004  c_w.l(rtexit2.o)
    0x08000280   0x00000000   Code   RO         3330    .emb_text           c_w.l(maybetermalloc1.o)
    0x08000280   0x00000040   Code   RO          946    .text               startup_stm32f40_41xxx.o
    0x080002c0   0x00000018   Code   RO         3007    .text               c_w.l(noretval__2printf.o)
    0x080002d8   0x00000068   Code   RO         3009    .text               c_w.l(__printf.o)
    0x08000340   0x00000078   Code   RO         3011    .text               c_w.l(_printf_dec.o)
    0x080003b8   0x0000004e   Code   RO         3035    .text               c_w.l(rt_memclr_w.o)
    0x08000406   0x00000002   PAD
    0x08000408   0x00000080   Code   RO         3037    .text               c_w.l(strcmpv7m.o)
    0x08000488   0x00000006   Code   RO         3039    .text               c_w.l(heapauxi.o)
    0x0800048e   0x000000b2   Code   RO         3080    .text               c_w.l(_printf_intcommon.o)
    0x08000540   0x00000024   Code   RO         3082    .text               c_w.l(_printf_char_file.o)
    0x08000564   0x00000030   Code   RO         3117    .text               c_w.l(_printf_char_common.o)
    0x08000594   0x00000008   Code   RO         3119    .text               c_w.l(ferror.o)
    0x0800059c   0x00000138   Code   RO         3121    .text               c_w.l(initio.o)
    0x080006d4   0x0000004a   Code   RO         3129    .text               c_w.l(sys_stackheap_outer.o)
    0x0800071e   0x0000004e   Code   RO         3133    .text               c_w.l(h1_free.o)
    0x0800076c   0x00000046   Code   RO         3189    .text               c_w.l(setvbuf.o)
    0x080007b2   0x00000002   PAD
    0x080007b4   0x000000ec   Code   RO         3192    .text               c_w.l(fopen.o)
    0x080008a0   0x0000004c   Code   RO         3194    .text               c_w.l(fclose.o)
    0x080008ec   0x00000012   Code   RO         3200    .text               c_w.l(exit.o)
    0x080008fe   0x0000000e   Code   RO         3202    .text               c_w.l(defsig_rtred_outer.o)
    0x0800090c   0x00000008   Code   RO         3273    .text               c_w.l(libspace.o)
    0x08000914   0x00000008   Code   RO         3283    .text               c_w.l(rt_heap_descriptor_intlibspace.o)
    0x0800091c   0x00000004   Code   RO         3285    .text               c_w.l(hguard.o)
    0x08000920   0x0000008a   Code   RO         3287    .text               c_w.l(init_alloc.o)
    0x080009aa   0x0000005e   Code   RO         3293    .text               c_w.l(h1_alloc.o)
    0x08000a08   0x000000f8   Code   RO         3307    .text               c_w.l(fseek.o)
    0x08000b00   0x000000f0   Code   RO         3309    .text               c_w.l(stdio.o)
    0x08000bf0   0x0000000a   Code   RO         3311    .text               c_w.l(defsig_exit.o)
    0x08000bfa   0x00000002   PAD
    0x08000bfc   0x00000034   Code   RO         3313    .text               c_w.l(defsig_rtred_inner.o)
    0x08000c30   0x0000000c   Code   RO         3321    .text               c_w.l(sys_exit.o)
    0x08000c3c   0x0000000e   Code   RO         3332    .text               c_w.l(h1_init.o)
    0x08000c4a   0x00000034   Code   RO         3334    .text               c_w.l(h1_extend.o)
    0x08000c7e   0x00000042   Code   RO         3340    .text               c_w.l(ftell.o)
    0x08000cc0   0x00000032   Code   RO         3344    .text               c_w.l(defsig_general.o)
    0x08000cf2   0x0000000e   Code   RO         3346    .text               c_w.l(defsig_rtmem_outer.o)
    0x08000d00   0x0000000e   Code   RO         3359    .text               c_w.l(sys_wrch.o)
    0x08000d0e   0x00000002   Code   RO         3363    .text               c_w.l(use_no_semi.o)
    0x08000d10   0x00000000   Code   RO         3365    .text               c_w.l(indicate_semi.o)
    0x08000d10   0x00000008   Code   RO         3369    .text               c_w.l(rt_errno_addr_intlibspace.o)
    0x08000d18   0x00000050   Code   RO         3375    .text               c_w.l(defsig_rtmem_inner.o)
    0x08000d68   0x00000020   Code   RO          648    i.AMT1450_UART_Cmd  amt1450_uart.o
    0x08000d88   0x00000004   Code   RO          194    i.BusFault_Handler  stm32f4xx_it.o
    0x08000d8c   0x0000004c   Code   RO          736    i.Car_Direction_change  pid.o
    0x08000dd8   0x00000060   Code   RO          737    i.Car_Position_add  pid.o
    0x08000e38   0x00000002   Code   RO          195    i.DebugMon_Handler  stm32f4xx_it.o
    0x08000e3a   0x00000002   PAD
    0x08000e3c   0x00000018   Code   RO          317    i.Delay_10us        delay.o
    0x08000e54   0x00000016   Code   RO          318    i.Delay_ms          delay.o
    0x08000e6a   0x00000002   PAD
    0x08000e6c   0x00000088   Code   RO          491    i.Encoder_GetEncCount  motordriver.o
    0x08000ef4   0x00000308   Code   RO          492    i.Encoder_Init      motordriver.o
    0x080011fc   0x000000aa   Code   RO          739    i.Follow_PID        pid.o
    0x080012a6   0x00000002   PAD
    0x080012a8   0x00000034   Code   RO            4    i.GPIO_Config       main.o
    0x080012dc   0x00000090   Code   RO         1538    i.GPIO_Init         stm32f4xx_gpio.o
    0x0800136c   0x00000046   Code   RO         1539    i.GPIO_PinAFConfig  stm32f4xx_gpio.o
    0x080013b2   0x00000012   Code   RO         1542    i.GPIO_ReadInputDataBit  stm32f4xx_gpio.o
    0x080013c4   0x00000012   Code   RO         1544    i.GPIO_ReadOutputDataBit  stm32f4xx_gpio.o
    0x080013d6   0x00000004   Code   RO         1545    i.GPIO_ResetBits    stm32f4xx_gpio.o
    0x080013da   0x00000004   Code   RO         1546    i.GPIO_SetBits      stm32f4xx_gpio.o
    0x080013de   0x00000004   Code   RO          196    i.HardFault_Handler  stm32f4xx_it.o
    0x080013e2   0x00000002   PAD
    0x080013e4   0x00000054   Code   RO          365    i.Key_Init          keyled.o
    0x08001438   0x00000074   Code   RO          367    i.Key_Released      keyled.o
    0x080014ac   0x0000006c   Code   RO          368    i.Led_Init          keyled.o
    0x08001518   0x00000110   Code   RO            5    i.Map_Action        main.o
    0x08001628   0x00000004   Code   RO          197    i.MemManage_Handler  stm32f4xx_it.o
    0x0800162c   0x00000130   Code   RO          582    i.MotorController_Enable  motorcontroller.o
    0x0800175c   0x00000138   Code   RO          583    i.MotorController_Init  motorcontroller.o
    0x08001894   0x0000001c   Code   RO          584    i.MotorController_SetAcceleration  motorcontroller.o
    0x080018b0   0x000000c8   Code   RO          586    i.MotorController_SetSpeed  motorcontroller.o
    0x08001978   0x000006e4   Code   RO          587    i.MotorController_SpeedTunner  motorcontroller.o
    0x0800205c   0x00000054   Code   RO          493    i.MotorDriver_GetMotorState  motordriver.o
    0x080020b0   0x00000348   Code   RO          494    i.MotorDriver_Init  motordriver.o
    0x080023f8   0x00000044   Code   RO          495    i.MotorDriver_SetPWMDuty  motordriver.o
    0x0800243c   0x0000008c   Code   RO          496    i.MotorDriver_Start  motordriver.o
    0x080024c8   0x00000078   Code   RO          497    i.MotorDriver_Stop  motordriver.o
    0x08002540   0x00000002   Code   RO          198    i.NMI_Handler       stm32f4xx_it.o
    0x08002542   0x00000002   PAD
    0x08002544   0x00000070   Code   RO            6    i.NVIC_Configuration  main.o
    0x080025b4   0x00000078   Code   RO         1831    i.NVIC_Init         misc.o
    0x0800262c   0x00000014   Code   RO         1832    i.NVIC_PriorityGroupConfig  misc.o
    0x08002640   0x00000002   Code   RO          199    i.PendSV_Handler    stm32f4xx_it.o
    0x08002642   0x00000002   PAD
    0x08002644   0x00000020   Code   RO         1199    i.RCC_AHB1PeriphClockCmd  stm32f4xx_rcc.o
    0x08002664   0x00000020   Code   RO         1208    i.RCC_APB1PeriphClockCmd  stm32f4xx_rcc.o
    0x08002684   0x00000020   Code   RO         1211    i.RCC_APB2PeriphClockCmd  stm32f4xx_rcc.o
    0x080026a4   0x000000e4   Code   RO         1220    i.RCC_GetClocksFreq  stm32f4xx_rcc.o
    0x08002788   0x00000002   Code   RO          200    i.SVC_Handler       stm32f4xx_it.o
    0x0800278a   0x00000002   PAD
    0x0800278c   0x000000ec   Code   RO          276    i.SetSysClock       system_stm32f4xx.o
    0x08002878   0x000000a4   Code   RO          740    i.Straight_PID      pid.o
    0x0800291c   0x0000018c   Code   RO          742    i.Straight_go_mm    pid.o
    0x08002aa8   0x00000034   Code   RO          201    i.SysTick_Handler   stm32f4xx_it.o
    0x08002adc   0x00000068   Code   RO          278    i.SystemInit        system_stm32f4xx.o
    0x08002b44   0x00000044   Code   RO          498    i.TIM2_IRQHandler   motordriver.o
    0x08002b88   0x00000044   Code   RO          499    i.TIM3_IRQHandler   motordriver.o
    0x08002bcc   0x00000044   Code   RO          500    i.TIM4_IRQHandler   motordriver.o
    0x08002c10   0x00000020   Code   RO          588    i.TIM6_DAC_IRQHandler  motorcontroller.o
    0x08002c30   0x00000044   Code   RO          501    i.TIM8_UP_TIM13_IRQHandler  motordriver.o
    0x08002c74   0x00000018   Code   RO         2243    i.TIM_ARRPreloadConfig  stm32f4xx_tim.o
    0x08002c8c   0x00000006   Code   RO         2249    i.TIM_ClearFlag     stm32f4xx_tim.o
    0x08002c92   0x00000006   Code   RO         2250    i.TIM_ClearITPendingBit  stm32f4xx_tim.o
    0x08002c98   0x00000018   Code   RO         2255    i.TIM_Cmd           stm32f4xx_tim.o
    0x08002cb0   0x0000001e   Code   RO         2257    i.TIM_CtrlPWMOutputs  stm32f4xx_tim.o
    0x08002cce   0x00000042   Code   RO         2264    i.TIM_EncoderInterfaceConfig  stm32f4xx_tim.o
    0x08002d10   0x00000022   Code   RO         2276    i.TIM_GetITStatus   stm32f4xx_tim.o
    0x08002d32   0x00000012   Code   RO         2280    i.TIM_ITConfig      stm32f4xx_tim.o
    0x08002d44   0x0000007c   Code   RO         2284    i.TIM_OC1Init       stm32f4xx_tim.o
    0x08002dc0   0x00000012   Code   RO         2287    i.TIM_OC1PreloadConfig  stm32f4xx_tim.o
    0x08002dd2   0x00000002   PAD
    0x08002dd4   0x000000a4   Code   RO         2289    i.TIM_OC2Init       stm32f4xx_tim.o
    0x08002e78   0x0000001a   Code   RO         2292    i.TIM_OC2PreloadConfig  stm32f4xx_tim.o
    0x08002e92   0x00000002   PAD
    0x08002e94   0x000000a0   Code   RO         2294    i.TIM_OC3Init       stm32f4xx_tim.o
    0x08002f34   0x00000012   Code   RO         2297    i.TIM_OC3PreloadConfig  stm32f4xx_tim.o
    0x08002f46   0x00000002   PAD
    0x08002f48   0x00000078   Code   RO         2299    i.TIM_OC4Init       stm32f4xx_tim.o
    0x08002fc0   0x0000001a   Code   RO         2301    i.TIM_OC4PreloadConfig  stm32f4xx_tim.o
    0x08002fda   0x00000002   PAD
    0x08002fdc   0x00000084   Code   RO         2327    i.TIM_TimeBaseInit  stm32f4xx_tim.o
    0x08003060   0x00000040   Code   RO          319    i.TimingDelay_Decrement  delay.o
    0x080030a0   0x000001d8   Code   RO          743    i.TurnBY_PID        pid.o
    0x08003278   0x0000018c   Code   RO          744    i.Turn_I            pid.o
    0x08003404   0x0000004a   Code   RO          745    i.Turn_PID          pid.o
    0x0800344e   0x00000002   PAD
    0x08003450   0x00000048   Code   RO          649    i.UART5_IRQHandler  amt1450_uart.o
    0x08003498   0x000000bc   Code   RO          650    i.UART_GetChar      amt1450_uart.o
    0x08003554   0x0000003c   Code   RO          904    i.USART1_IRQHandler  nanocommunication.o
    0x08003590   0x0000003c   Code   RO          407    i.USART2_IRQHandler  btmodule.o
    0x080035cc   0x000000dc   Code   RO          408    i.USART2_Init       btmodule.o
    0x080036a8   0x0000001e   Code   RO         1640    i.USART_ClearITPendingBit  stm32f4xx_usart.o
    0x080036c6   0x00000018   Code   RO         1643    i.USART_Cmd         stm32f4xx_usart.o
    0x080036de   0x00000002   PAD
    0x080036e0   0x00000068   Code   RO          409    i.USART_GetChar     btmodule.o
    0x08003748   0x0000001a   Code   RO         1646    i.USART_GetFlagStatus  stm32f4xx_usart.o
    0x08003762   0x00000054   Code   RO         1647    i.USART_GetITStatus  stm32f4xx_usart.o
    0x080037b6   0x0000004a   Code   RO         1649    i.USART_ITConfig    stm32f4xx_usart.o
    0x08003800   0x000000d4   Code   RO         1650    i.USART_Init        stm32f4xx_usart.o
    0x080038d4   0x00000016   Code   RO         1656    i.USART_OverSampling8Cmd  stm32f4xx_usart.o
    0x080038ea   0x0000000a   Code   RO         1657    i.USART_ReceiveData  stm32f4xx_usart.o
    0x080038f4   0x00000008   Code   RO         1660    i.USART_SendData    stm32f4xx_usart.o
    0x080038fc   0x00000004   Code   RO          202    i.UsageFault_Handler  stm32f4xx_it.o
    0x08003900   0x00000014   Code   RO         3073    i.__hardfp_fabs     m_wm.l(fabs.o)
    0x08003914   0x00000026   Code   RO         2912    i._sys_close        retarget_io.o
    0x0800393a   0x00000024   Code   RO         2913    i._sys_flen         retarget_io.o
    0x0800395e   0x00000024   Code   RO         2914    i._sys_istty        retarget_io.o
    0x08003982   0x00000002   PAD
    0x08003984   0x00000068   Code   RO         2915    i._sys_open         retarget_io.o
    0x080039ec   0x0000002c   Code   RO         2917    i._sys_seek         retarget_io.o
    0x08003a18   0x00000058   Code   RO         2918    i._sys_write        retarget_io.o
    0x08003a70   0x0000002c   Code   RO          652    i.check_SUM         amt1450_uart.o
    0x08003a9c   0x00000024   Code   RO          412    i.fputc             btmodule.o
    0x08003ac0   0x00000034   Code   RO          653    i.get_AMT1450Data_UART  amt1450_uart.o
    0x08003af4   0x000000e4   Code   RO          654    i.init_AMT1450_UART  amt1450_uart.o
    0x08003bd8   0x000001e0   Code   RO            7    i.main              main.o
    0x08003db8   0x00000058   Code   RO          747    i.s_PIDInit         pid.o
    0x08003e10   0x00000004   Code   RO         2919    i.stderr_putchar    retarget_io.o
    0x08003e14   0x00000008   Code   RO          478    i.stdout_putchar    stdout_user.o
    0x08003e1c   0x0000004c   Code   RO          748    i.turn_PIDInit      pid.o
    0x08003e68   0x00000062   Code   RO         3043    x$fpl$d2f           fz_wm.l(d2f.o)
    0x08003eca   0x00000002   PAD
    0x08003ecc   0x00000150   Code   RO         3045    x$fpl$dadd          fz_wm.l(daddsub_clz.o)
    0x0800401c   0x00000018   Code   RO         3091    x$fpl$dcmpinf       fz_wm.l(dcmpi.o)
    0x08004034   0x000002b0   Code   RO         3052    x$fpl$ddiv          fz_wm.l(ddiv.o)
    0x080042e4   0x0000005e   Code   RO         3055    x$fpl$dfix          fz_wm.l(dfix.o)
    0x08004342   0x0000002e   Code   RO         3060    x$fpl$dflt          fz_wm.l(dflt_clz.o)
    0x08004370   0x00000026   Code   RO         3059    x$fpl$dfltu         fz_wm.l(dflt_clz.o)
    0x08004396   0x00000002   PAD
    0x08004398   0x00000078   Code   RO         3065    x$fpl$dleqf         fz_wm.l(dleqf.o)
    0x08004410   0x00000154   Code   RO         3067    x$fpl$dmul          fz_wm.l(dmul.o)
    0x08004564   0x0000009c   Code   RO         3093    x$fpl$dnaninf       fz_wm.l(dnaninf.o)
    0x08004600   0x0000000c   Code   RO         3095    x$fpl$dretinf       fz_wm.l(dretinf.o)
    0x0800460c   0x0000006c   Code   RO         3069    x$fpl$drleqf        fz_wm.l(drleqf.o)
    0x08004678   0x000001d4   Code   RO         3047    x$fpl$dsub          fz_wm.l(daddsub_clz.o)
    0x0800484c   0x00000056   Code   RO         3071    x$fpl$f2d           fz_wm.l(f2d.o)
    0x080048a2   0x0000008c   Code   RO         3097    x$fpl$fnaninf       fz_wm.l(fnaninf.o)
    0x0800492e   0x0000000a   Code   RO         3319    x$fpl$fpinit        fz_wm.l(fpinit.o)
    0x08004938   0x0000000a   Code   RO         3099    x$fpl$fretinf       fz_wm.l(fretinf.o)
    0x08004942   0x00000000   Code   RO         3101    x$fpl$usenofp       fz_wm.l(usenofp.o)
    0x08004942   0x00000017   Data   RO         2921    .constdata          retarget_io.o
    0x08004959   0x00000003   PAD
    0x0800495c   0x00000020   Data   RO         3400    Region$$Table       anon$$obj.o


    Execution Region RW_IRAM1 (Base: 0x20000000, Size: 0x00001550, Max: 0x00020000, ABSOLUTE, COMPRESSED[0x00000088])

    Base Addr    Size         Type   Attr      Idx    E Section Name        Object

    0x20000000   0x00000114   Data   RW            8    .data               main.o
    0x20000114   0x00000002   Data   RW          203    .data               stm32f4xx_it.o
    0x20000116   0x00000002   PAD
    0x20000118   0x00000014   Data   RW          279    .data               system_stm32f4xx.o
    0x2000012c   0x0000000d   Data   RW          321    .data               delay.o
    0x20000139   0x00000002   Data   RW          415    .data               btmodule.o
    0x2000013b   0x00000001   PAD
    0x2000013c   0x00000008   Data   RW          502    .data               motordriver.o
    0x20000144   0x0000006a   Data   RW          589    .data               motorcontroller.o
    0x200001ae   0x00000002   PAD
    0x200001b0   0x0000000c   Data   RW          749    .data               pid.o
    0x200001bc   0x00000010   Data   RW         1252    .data               stm32f4xx_rcc.o
    0x200001cc   0x00000004   Data   RW         3088    .data               c_w.l(stdio_streams.o)
    0x200001d0   0x00000004   Data   RW         3089    .data               c_w.l(stdio_streams.o)
    0x200001d4   0x00000004   Data   RW         3090    .data               c_w.l(stdio_streams.o)
    0x200001d8   0x00000009   Zero   RW          414    .bss                btmodule.o
    0x200001e1   0x00000013   Zero   RW          655    .bss                amt1450_uart.o
    0x200001f4   0x00000054   Zero   RW         3085    .bss                c_w.l(stdio_streams.o)
    0x20000248   0x00000054   Zero   RW         3086    .bss                c_w.l(stdio_streams.o)
    0x2000029c   0x00000054   Zero   RW         3087    .bss                c_w.l(stdio_streams.o)
    0x200002f0   0x00000060   Zero   RW         3274    .bss                c_w.l(libspace.o)
    0x20000350   0x00000200   Zero   RW          944    HEAP                startup_stm32f40_41xxx.o
    0x20000550   0x00001000   Zero   RW          943    STACK               startup_stm32f40_41xxx.o


==============================================================================

Image component sizes


      Code (inc. data)   RO Data    RW Data    ZI Data      Debug   Object Name

       616         34          0          0         19       4708   amt1450_uart.o
       420         34          0          2          9       4918   btmodule.o
       110         16          0         13          0       2138   delay.o
       308         16          0          0          0       1877   keyled.o
       916         90          0        276          0     322870   main.o
       140         24          0          0          0       1763   misc.o
      2640        428          0        106          0       8032   motorcontroller.o
      2436        144          0          8          0       8109   motordriver.o
        60          6          0          0          0        572   nanocommunication.o
      2008        214          0         12          0       8428   pid.o
       350         24         23          0          0       6315   retarget_io.o
        64         26        392          0       4608        948   startup_stm32f40_41xxx.o
         8          0          0          0          0        541   stdout_user.o
       258          0          0          0          0       4640   stm32f4xx_gpio.o
        76         10          0          2          0       4503   stm32f4xx_it.o
       324         32          0         16          0       5051   stm32f4xx_rcc.o
       996         66          0          0          0      12747   stm32f4xx_tim.o
       490          8          0          0          0       7388   stm32f4xx_usart.o
       340         32          0         20          0       1865   system_stm32f4xx.o

    ----------------------------------------------------------------------
     12588       1204        450        460       4636     407413   Object Totals
         0          0         32          0          0          0   (incl. Generated)
        28          0          3          5          0          0   (incl. Padding)

    ----------------------------------------------------------------------

      Code (inc. data)   RO Data    RW Data    ZI Data      Debug   Library Member Name

        90          0          0          0          0          0   __dczerorl2.o
         8          0          0          0          0         68   __main.o
       104          0          0          0          0         84   __printf.o
         0          0          0          0          0          0   __rtentry.o
        12          0          0          0          0          0   __rtentry2.o
         6          0          0          0          0          0   __rtentry4.o
        52          8          0          0          0          0   __scatter.o
        28          0          0          0          0          0   __scatter_zi.o
        48          6          0          0          0         96   _printf_char_common.o
        36          4          0          0          0         80   _printf_char_file.o
         6          0          0          0          0          0   _printf_d.o
       120         16          0          0          0         92   _printf_dec.o
       178          0          0          0          0         88   _printf_intcommon.o
         0          0          0          0          0          0   _printf_percent.o
         4          0          0          0          0          0   _printf_percent_end.o
        10          0          0          0          0         68   defsig_exit.o
        50          0          0          0          0         88   defsig_general.o
        80         58          0          0          0         76   defsig_rtmem_inner.o
        14          0          0          0          0         80   defsig_rtmem_outer.o
        52         38          0          0          0         76   defsig_rtred_inner.o
        14          0          0          0          0         80   defsig_rtred_outer.o
        18          0          0          0          0         80   exit.o
        76          0          0          0          0         88   fclose.o
         8          0          0          0          0         68   ferror.o
       236          4          0          0          0        128   fopen.o
       248          6          0          0          0         84   fseek.o
        66          0          0          0          0         76   ftell.o
        94          0          0          0          0         80   h1_alloc.o
        52          0          0          0          0         68   h1_extend.o
        78          0          0          0          0         80   h1_free.o
        14          0          0          0          0         84   h1_init.o
         6          0          0          0          0        152   heapauxi.o
         4          0          0          0          0        136   hguard.o
         0          0          0          0          0          0   indicate_semi.o
       138          0          0          0          0        168   init_alloc.o
       312         46          0          0          0        112   initio.o
         2          0          0          0          0          0   libinit.o
        18          0          0          0          0          0   libinit2.o
         2          0          0          0          0          0   libshutdown.o
         6          0          0          0          0          0   libshutdown2.o
         8          4          0          0         96         68   libspace.o
         0          0          0          0          0          0   maybetermalloc1.o
        24          4          0          0          0         84   noretval__2printf.o
         8          4          0          0          0         68   rt_errno_addr_intlibspace.o
         8          4          0          0          0         68   rt_heap_descriptor_intlibspace.o
        78          0          0          0          0         80   rt_memclr_w.o
         2          0          0          0          0          0   rtexit.o
        10          0          0          0          0          0   rtexit2.o
        70          0          0          0          0         80   setvbuf.o
       240          6          0          0          0        156   stdio.o
         0          0          0         12        252          0   stdio_streams.o
       128          0          0          0          0         68   strcmpv7m.o
        12          4          0          0          0         68   sys_exit.o
        74          0          0          0          0         80   sys_stackheap_outer.o
        14          0          0          0          0         76   sys_wrch.o
         2          0          0          0          0         68   use_no_semi.o
        98          4          0          0          0        140   d2f.o
       804         16          0          0          0        368   daddsub_clz.o
        24          0          0          0          0        116   dcmpi.o
       688        140          0          0          0        256   ddiv.o
        94          4          0          0          0        140   dfix.o
        84          0          0          0          0        232   dflt_clz.o
       120          4          0          0          0        140   dleqf.o
       340         12          0          0          0        152   dmul.o
       156          4          0          0          0        140   dnaninf.o
        12          0          0          0          0        116   dretinf.o
       108          0          0          0          0        128   drleqf.o
        86          4          0          0          0        132   f2d.o
       140          4          0          0          0        132   fnaninf.o
        10          0          0          0          0        116   fpinit.o
        10          0          0          0          0        116   fretinf.o
         0          0          0          0          0          0   usenofp.o
        20          0          0          0          0        124   fabs.o

    ----------------------------------------------------------------------
      5774        404          0         12        348       5892   Library Totals
        12          0          0          0          0          0   (incl. Padding)

    ----------------------------------------------------------------------

      Code (inc. data)   RO Data    RW Data    ZI Data      Debug   Library Name

      2968        212          0         12        348       3344   c_w.l
      2774        192          0          0          0       2424   fz_wm.l
        20          0          0          0          0        124   m_wm.l

    ----------------------------------------------------------------------
      5774        404          0         12        348       5892   Library Totals

    ----------------------------------------------------------------------

==============================================================================


      Code (inc. data)   RO Data    RW Data    ZI Data      Debug   

     18362       1608        450        472       4984     400085   Grand Totals
     18362       1608        450        136       4984     400085   ELF Image Totals (compressed)
     18362       1608        450        136          0          0   ROM Totals

==============================================================================

    Total RO  Size (Code + RO Data)                18812 (  18.37kB)
    Total RW  Size (RW Data + ZI Data)              5456 (   5.33kB)
    Total ROM Size (Code + RO Data + RW Data)      18948 (  18.50kB)

==============================================================================

