<html>
<body>
<pre>
<h1>µVision Build Log</h1>
<h2>Tool Versions:</h2>
IDE-Version: ¦ÌVision V5.23.0.0
Copyright (C) 2017 ARM Ltd and ARM Germany GmbH. All rights reserved.
License Information: Darkarc HP Inc., HP Inc., LIC=0VRJ7-E0CJM-GQJ0H-W45G3-YASN2-VKDLW
 
Tool Versions:
Toolchain:       MDK-ARM Professional  Version: 5.23
Toolchain Path:  C:\works\Keil_v5\ARM\ARMCC\Bin
C Compiler:      Armcc.exe V5.06 update 4 (build 422)
Assembler:       Armasm.exe V5.06 update 4 (build 422)
Linker/Locator:  ArmLink.exe V5.06 update 4 (build 422)
Library Manager: ArmAr.exe V5.06 update 4 (build 422)
Hex Converter:   FromElf.exe V5.06 update 4 (build 422)
CPU DLL:         SARMCM3.DLL V5.23
Dialog DLL:      DCM.DLL V1.15.0.0
Target DLL:      STLink\ST-LINKIII-KEIL_SWO.dll V2.0.18.0
Dialog DLL:      TCM.DLL V1.27.0.0
 
<h2>Project:</h2>
C:\Users\Arc\Documents\codeProjects\Shopping_Robot\STM32F407VE\STM32F407VE.uvprojx
Project File Date:  03/19/2022

<h2>Output:</h2>
*** Using Compiler 'V5.06 update 4 (build 422)', folder: 'C:\works\Keil_v5\ARM\ARMCC\Bin'
Rebuild target 'STM32F407VE'
compiling stm32f4xx_it.c...
compiling system_stm32f4xx.c...
compiling delay.c...
compiling KeyLed.c...
compiling main.c...
compiling stdout_user.c...
compiling MotorDriver.c...
compiling amt1450_uart.c...
compiling MotorController.c...
compiling BTModule.c...
compiling tcrt5000.c...
assembling startup_stm32f40_41xxx.s...
compiling DFS_Map.c...
compiling NanoCommunication.c...
compiling PID.c...
compiling ArmSolution.c...
compiling stm32f4xx_adc.c...
compiling misc.c...
compiling stm32f4xx_gpio.c...
compiling stm32f4xx_usart.c...
compiling stm32f4xx_rcc.c...
compiling stm32f4xx_i2c.c...
compiling retarget_io.c...
compiling stm32f4xx_dma.c...
compiling stm32f4xx_dcmi.c...
compiling stm32f4xx_tim.c...
linking...
Program Size: Code=27694 RO-data=1146 RW-data=216 ZI-data=5032  
".\Objects\STM32F407VE.axf" - 0 Error(s), 0 Warning(s).

<h2>Software Packages used:</h2>

Package Vendor: Keil
                http://www.keil.com/pack/Keil.ARM_Compiler.1.3.0.pack
                Keil.ARM Compiler::Compiler:I/O:STDIN:ITM:1.2.0
                Keil ARM Compiler extensions for ARM Compiler 5 and ARM Compiler 6
   * Component: STDIN Variant: ITM Version: 1.2.0
   * Component: STDOUT Variant: User Version: 1.2.0
   * Component: STDERR Variant: Breakpoint Version: 1.2.0

<h2>Collection of Component include folders:</h2>
  .\RTE\_STM32F407VE
  C:\works\Keil_v5\ARM\PACK\Keil\STM32F4xx_DFP\2.14.0\Drivers\CMSIS\Device\ST\STM32F4xx\Include

<h2>Collection of Component Files used:</h2>

   * Component: Keil.ARM Compiler::Compiler:I/O:STDIN:ITM:1.2.0
      Source file:   Source\retarget_io.c

   * Component: Keil.ARM Compiler::Compiler:I/O:STDOUT:User:1.2.0
      Source file:   Source\retarget_io.c
      Source file:   Template\stdout_user.c
      Source file:   Template\stdout_USART.c
      Source file:   Template\stdout_display.c

   * Component: Keil.ARM Compiler::Compiler:I/O:STDERR:Breakpoint:1.2.0
      Source file:   Source\retarget_io.c
Build Time Elapsed:  00:00:03
</pre>
</body>
</html>
